------------------------------------------------------------
Timing Analyzer Summary
------------------------------------------------------------

Type  : Slow 1200mV 85C Model Setup 'u0|altpll_0|sd1|pll7|clk[2]'
Slack : 0.501
TNS   : 0.000

Type  : Slow 1200mV 85C Model Setup 'clk_dram_ext'
Slack : 3.931
TNS   : 0.000

Type  : Slow 1200mV 85C Model Setup 'MAX10_CLK1_50'
Slack : 5.812
TNS   : 0.000

Type  : Slow 1200mV 85C Model Setup 'MAX10_CLK2_50'
Slack : 8.888
TNS   : 0.000

Type  : Slow 1200mV 85C Model Setup 'MIPI_PIXEL_CLK'
Slack : 11.576
TNS   : 0.000

Type  : Slow 1200mV 85C Model Setup 'u0|altpll_0|sd1|pll7|clk[3]'
Slack : 30.052
TNS   : 0.000

Type  : Slow 1200mV 85C Model Setup 'altera_reserved_tck'
Slack : 45.322
TNS   : 0.000

Type  : Slow 1200mV 85C Model Hold 'MIPI_PIXEL_CLK'
Slack : 0.283
TNS   : 0.000

Type  : Slow 1200mV 85C Model Hold 'MAX10_CLK1_50'
Slack : 0.325
TNS   : 0.000

Type  : Slow 1200mV 85C Model Hold 'altera_reserved_tck'
Slack : 0.340
TNS   : 0.000

Type  : Slow 1200mV 85C Model Hold 'u0|altpll_0|sd1|pll7|clk[2]'
Slack : 0.340
TNS   : 0.000

Type  : Slow 1200mV 85C Model Hold 'u0|altpll_0|sd1|pll7|clk[3]'
Slack : 0.341
TNS   : 0.000

Type  : Slow 1200mV 85C Model Hold 'MAX10_CLK2_50'
Slack : 0.348
TNS   : 0.000

Type  : Slow 1200mV 85C Model Hold 'clk_dram_ext'
Slack : 2.177
TNS   : 0.000

Type  : Slow 1200mV 85C Model Recovery 'MAX10_CLK1_50'
Slack : 4.092
TNS   : 0.000

Type  : Slow 1200mV 85C Model Recovery 'u0|altpll_0|sd1|pll7|clk[2]'
Slack : 4.361
TNS   : 0.000

Type  : Slow 1200mV 85C Model Recovery 'u0|altpll_0|sd1|pll7|clk[3]'
Slack : 5.449
TNS   : 0.000

Type  : Slow 1200mV 85C Model Recovery 'MIPI_PIXEL_CLK'
Slack : 36.750
TNS   : 0.000

Type  : Slow 1200mV 85C Model Recovery 'altera_reserved_tck'
Slack : 47.750
TNS   : 0.000

Type  : Slow 1200mV 85C Model Removal 'altera_reserved_tck'
Slack : 0.904
TNS   : 0.000

Type  : Slow 1200mV 85C Model Removal 'u0|altpll_0|sd1|pll7|clk[3]'
Slack : 0.982
TNS   : 0.000

Type  : Slow 1200mV 85C Model Removal 'MAX10_CLK1_50'
Slack : 1.121
TNS   : 0.000

Type  : Slow 1200mV 85C Model Removal 'MIPI_PIXEL_CLK'
Slack : 1.910
TNS   : 0.000

Type  : Slow 1200mV 85C Model Removal 'u0|altpll_0|sd1|pll7|clk[2]'
Slack : 2.246
TNS   : 0.000

Type  : Slow 1200mV 85C Model Minimum Pulse Width 'u0|altpll_0|sd1|pll7|clk[2]'
Slack : 4.677
TNS   : 0.000

Type  : Slow 1200mV 85C Model Minimum Pulse Width 'u0|altpll_0|sd1|pll7|clk[1]'
Slack : 4.853
TNS   : 0.000

Type  : Slow 1200mV 85C Model Minimum Pulse Width 'clk_dram_ext'
Slack : 5.790
TNS   : 0.000

Type  : Slow 1200mV 85C Model Minimum Pulse Width 'MAX10_CLK1_50'
Slack : 9.441
TNS   : 0.000

Type  : Slow 1200mV 85C Model Minimum Pulse Width 'MAX10_CLK2_50'
Slack : 9.662
TNS   : 0.000

Type  : Slow 1200mV 85C Model Minimum Pulse Width 'MIPI_PIXEL_CLK'
Slack : 19.540
TNS   : 0.000

Type  : Slow 1200mV 85C Model Minimum Pulse Width 'u0|altpll_0|sd1|pll7|clk[3]'
Slack : 19.704
TNS   : 0.000

Type  : Slow 1200mV 85C Model Minimum Pulse Width 'altera_reserved_tck'
Slack : 49.625
TNS   : 0.000

Type  : Slow 1200mV 85C Model Minimum Pulse Width 'ADC_CLK_10'
Slack : 96.000
TNS   : 0.000

Type  : Slow 1200mV 0C Model Setup 'u0|altpll_0|sd1|pll7|clk[2]'
Slack : 1.340
TNS   : 0.000

Type  : Slow 1200mV 0C Model Setup 'clk_dram_ext'
Slack : 4.045
TNS   : 0.000

Type  : Slow 1200mV 0C Model Setup 'MAX10_CLK1_50'
Slack : 6.979
TNS   : 0.000

Type  : Slow 1200mV 0C Model Setup 'MAX10_CLK2_50'
Slack : 9.385
TNS   : 0.000

Type  : Slow 1200mV 0C Model Setup 'MIPI_PIXEL_CLK'
Slack : 11.855
TNS   : 0.000

Type  : Slow 1200mV 0C Model Setup 'u0|altpll_0|sd1|pll7|clk[3]'
Slack : 30.703
TNS   : 0.000

Type  : Slow 1200mV 0C Model Setup 'altera_reserved_tck'
Slack : 45.772
TNS   : 0.000

Type  : Slow 1200mV 0C Model Hold 'MIPI_PIXEL_CLK'
Slack : 0.264
TNS   : 0.000

Type  : Slow 1200mV 0C Model Hold 'MAX10_CLK1_50'
Slack : 0.291
TNS   : 0.000

Type  : Slow 1200mV 0C Model Hold 'altera_reserved_tck'
Slack : 0.305
TNS   : 0.000

Type  : Slow 1200mV 0C Model Hold 'u0|altpll_0|sd1|pll7|clk[3]'
Slack : 0.305
TNS   : 0.000

Type  : Slow 1200mV 0C Model Hold 'u0|altpll_0|sd1|pll7|clk[2]'
Slack : 0.306
TNS   : 0.000

Type  : Slow 1200mV 0C Model Hold 'MAX10_CLK2_50'
Slack : 0.312
TNS   : 0.000

Type  : Slow 1200mV 0C Model Hold 'clk_dram_ext'
Slack : 2.124
TNS   : 0.000

Type  : Slow 1200mV 0C Model Recovery 'MAX10_CLK1_50'
Slack : 4.226
TNS   : 0.000

Type  : Slow 1200mV 0C Model Recovery 'u0|altpll_0|sd1|pll7|clk[2]'
Slack : 4.846
TNS   : 0.000

Type  : Slow 1200mV 0C Model Recovery 'u0|altpll_0|sd1|pll7|clk[3]'
Slack : 5.822
TNS   : 0.000

Type  : Slow 1200mV 0C Model Recovery 'MIPI_PIXEL_CLK'
Slack : 36.943
TNS   : 0.000

Type  : Slow 1200mV 0C Model Recovery 'altera_reserved_tck'
Slack : 47.934
TNS   : 0.000

Type  : Slow 1200mV 0C Model Removal 'altera_reserved_tck'
Slack : 0.829
TNS   : 0.000

Type  : Slow 1200mV 0C Model Removal 'u0|altpll_0|sd1|pll7|clk[3]'
Slack : 0.904
TNS   : 0.000

Type  : Slow 1200mV 0C Model Removal 'MAX10_CLK1_50'
Slack : 1.018
TNS   : 0.000

Type  : Slow 1200mV 0C Model Removal 'MIPI_PIXEL_CLK'
Slack : 1.715
TNS   : 0.000

Type  : Slow 1200mV 0C Model Removal 'u0|altpll_0|sd1|pll7|clk[2]'
Slack : 2.058
TNS   : 0.000

Type  : Slow 1200mV 0C Model Minimum Pulse Width 'u0|altpll_0|sd1|pll7|clk[2]'
Slack : 4.688
TNS   : 0.000

Type  : Slow 1200mV 0C Model Minimum Pulse Width 'u0|altpll_0|sd1|pll7|clk[1]'
Slack : 4.876
TNS   : 0.000

Type  : Slow 1200mV 0C Model Minimum Pulse Width 'clk_dram_ext'
Slack : 5.790
TNS   : 0.000

Type  : Slow 1200mV 0C Model Minimum Pulse Width 'MAX10_CLK1_50'
Slack : 9.456
TNS   : 0.000

Type  : Slow 1200mV 0C Model Minimum Pulse Width 'MAX10_CLK2_50'
Slack : 9.668
TNS   : 0.000

Type  : Slow 1200mV 0C Model Minimum Pulse Width 'MIPI_PIXEL_CLK'
Slack : 19.607
TNS   : 0.000

Type  : Slow 1200mV 0C Model Minimum Pulse Width 'u0|altpll_0|sd1|pll7|clk[3]'
Slack : 19.685
TNS   : 0.000

Type  : Slow 1200mV 0C Model Minimum Pulse Width 'altera_reserved_tck'
Slack : 49.649
TNS   : 0.000

Type  : Slow 1200mV 0C Model Minimum Pulse Width 'ADC_CLK_10'
Slack : 96.000
TNS   : 0.000

Type  : Fast 1200mV 0C Model Setup 'clk_dram_ext'
Slack : 4.002
TNS   : 0.000

Type  : Fast 1200mV 0C Model Setup 'u0|altpll_0|sd1|pll7|clk[2]'
Slack : 4.072
TNS   : 0.000

Type  : Fast 1200mV 0C Model Setup 'MAX10_CLK2_50'
Slack : 11.308
TNS   : 0.000

Type  : Fast 1200mV 0C Model Setup 'MIPI_PIXEL_CLK'
Slack : 12.815
TNS   : 0.000

Type  : Fast 1200mV 0C Model Setup 'MAX10_CLK1_50'
Slack : 13.567
TNS   : 0.000

Type  : Fast 1200mV 0C Model Setup 'u0|altpll_0|sd1|pll7|clk[3]'
Slack : 35.614
TNS   : 0.000

Type  : Fast 1200mV 0C Model Setup 'altera_reserved_tck'
Slack : 48.328
TNS   : 0.000

Type  : Fast 1200mV 0C Model Hold 'MIPI_PIXEL_CLK'
Slack : 0.098
TNS   : 0.000

Type  : Fast 1200mV 0C Model Hold 'MAX10_CLK1_50'
Slack : 0.142
TNS   : 0.000

Type  : Fast 1200mV 0C Model Hold 'altera_reserved_tck'
Slack : 0.146
TNS   : 0.000

Type  : Fast 1200mV 0C Model Hold 'u0|altpll_0|sd1|pll7|clk[2]'
Slack : 0.147
TNS   : 0.000

Type  : Fast 1200mV 0C Model Hold 'u0|altpll_0|sd1|pll7|clk[3]'
Slack : 0.148
TNS   : 0.000

Type  : Fast 1200mV 0C Model Hold 'MAX10_CLK2_50'
Slack : 0.152
TNS   : 0.000

Type  : Fast 1200mV 0C Model Hold 'clk_dram_ext'
Slack : 1.838
TNS   : 0.000

Type  : Fast 1200mV 0C Model Recovery 'MAX10_CLK1_50'
Slack : 6.867
TNS   : 0.000

Type  : Fast 1200mV 0C Model Recovery 'u0|altpll_0|sd1|pll7|clk[2]'
Slack : 7.314
TNS   : 0.000

Type  : Fast 1200mV 0C Model Recovery 'u0|altpll_0|sd1|pll7|clk[3]'
Slack : 7.730
TNS   : 0.000

Type  : Fast 1200mV 0C Model Recovery 'MIPI_PIXEL_CLK'
Slack : 38.523
TNS   : 0.000

Type  : Fast 1200mV 0C Model Recovery 'altera_reserved_tck'
Slack : 49.215
TNS   : 0.000

Type  : Fast 1200mV 0C Model Removal 'altera_reserved_tck'
Slack : 0.405
TNS   : 0.000

Type  : Fast 1200mV 0C Model Removal 'u0|altpll_0|sd1|pll7|clk[3]'
Slack : 0.427
TNS   : 0.000

Type  : Fast 1200mV 0C Model Removal 'MAX10_CLK1_50'
Slack : 0.474
TNS   : 0.000

Type  : Fast 1200mV 0C Model Removal 'MIPI_PIXEL_CLK'
Slack : 0.833
TNS   : 0.000

Type  : Fast 1200mV 0C Model Removal 'u0|altpll_0|sd1|pll7|clk[2]'
Slack : 0.940
TNS   : 0.000

Type  : Fast 1200mV 0C Model Minimum Pulse Width 'clk_dram_ext'
Slack : 2.000
TNS   : 0.000

Type  : Fast 1200mV 0C Model Minimum Pulse Width 'u0|altpll_0|sd1|pll7|clk[1]'
Slack : 2.000
TNS   : 0.000

Type  : Fast 1200mV 0C Model Minimum Pulse Width 'u0|altpll_0|sd1|pll7|clk[2]'
Slack : 4.714
TNS   : 0.000

Type  : Fast 1200mV 0C Model Minimum Pulse Width 'MAX10_CLK1_50'
Slack : 9.263
TNS   : 0.000

Type  : Fast 1200mV 0C Model Minimum Pulse Width 'MAX10_CLK2_50'
Slack : 9.332
TNS   : 0.000

Type  : Fast 1200mV 0C Model Minimum Pulse Width 'MIPI_PIXEL_CLK'
Slack : 19.182
TNS   : 0.000

Type  : Fast 1200mV 0C Model Minimum Pulse Width 'u0|altpll_0|sd1|pll7|clk[3]'
Slack : 19.729
TNS   : 0.000

Type  : Fast 1200mV 0C Model Minimum Pulse Width 'altera_reserved_tck'
Slack : 49.418
TNS   : 0.000

Type  : Fast 1200mV 0C Model Minimum Pulse Width 'ADC_CLK_10'
Slack : 96.000
TNS   : 0.000

------------------------------------------------------------
