------------------------------------------------------------
Timing Analyzer Summary
------------------------------------------------------------

Type  : Slow 1200mV 85C Model Setup 'u0|altpll_0|sd1|pll7|clk[2]'
Slack : 0.768
TNS   : 0.000

Type  : Slow 1200mV 85C Model Setup 'clk_dram_ext'
Slack : 3.922
TNS   : 0.000

Type  : Slow 1200mV 85C Model Setup 'MAX10_CLK1_50'
Slack : 7.038
TNS   : 0.000

Type  : Slow 1200mV 85C Model Setup 'MAX10_CLK2_50'
Slack : 8.877
TNS   : 0.000

Type  : Slow 1200mV 85C Model Setup 'MIPI_PIXEL_CLK'
Slack : 12.466
TNS   : 0.000

Type  : Slow 1200mV 85C Model Setup 'u0|altpll_0|sd1|pll7|clk[3]'
Slack : 31.223
TNS   : 0.000

Type  : Slow 1200mV 85C Model Setup 'altera_reserved_tck'
Slack : 44.514
TNS   : 0.000

Type  : Slow 1200mV 85C Model Hold 'MAX10_CLK1_50'
Slack : 0.255
TNS   : 0.000

Type  : Slow 1200mV 85C Model Hold 'altera_reserved_tck'
Slack : 0.340
TNS   : 0.000

Type  : Slow 1200mV 85C Model Hold 'u0|altpll_0|sd1|pll7|clk[2]'
Slack : 0.340
TNS   : 0.000

Type  : Slow 1200mV 85C Model Hold 'u0|altpll_0|sd1|pll7|clk[3]'
Slack : 0.341
TNS   : 0.000

Type  : Slow 1200mV 85C Model Hold 'MAX10_CLK2_50'
Slack : 0.348
TNS   : 0.000

Type  : Slow 1200mV 85C Model Hold 'MIPI_PIXEL_CLK'
Slack : 0.378
TNS   : 0.000

Type  : Slow 1200mV 85C Model Hold 'clk_dram_ext'
Slack : 2.188
TNS   : 0.000

Type  : Slow 1200mV 85C Model Recovery 'u0|altpll_0|sd1|pll7|clk[2]'
Slack : 2.250
TNS   : 0.000

Type  : Slow 1200mV 85C Model Recovery 'u0|altpll_0|sd1|pll7|clk[3]'
Slack : 3.390
TNS   : 0.000

Type  : Slow 1200mV 85C Model Recovery 'MAX10_CLK1_50'
Slack : 4.640
TNS   : 0.000

Type  : Slow 1200mV 85C Model Recovery 'MIPI_PIXEL_CLK'
Slack : 36.922
TNS   : 0.000

Type  : Slow 1200mV 85C Model Recovery 'altera_reserved_tck'
Slack : 47.144
TNS   : 0.000

Type  : Slow 1200mV 85C Model Removal 'altera_reserved_tck'
Slack : 0.907
TNS   : 0.000

Type  : Slow 1200mV 85C Model Removal 'u0|altpll_0|sd1|pll7|clk[3]'
Slack : 0.976
TNS   : 0.000

Type  : Slow 1200mV 85C Model Removal 'MAX10_CLK1_50'
Slack : 1.604
TNS   : 0.000

Type  : Slow 1200mV 85C Model Removal 'MIPI_PIXEL_CLK'
Slack : 1.780
TNS   : 0.000

Type  : Slow 1200mV 85C Model Removal 'u0|altpll_0|sd1|pll7|clk[2]'
Slack : 2.494
TNS   : 0.000

Type  : Slow 1200mV 85C Model Minimum Pulse Width 'u0|altpll_0|sd1|pll7|clk[2]'
Slack : 4.674
TNS   : 0.000

Type  : Slow 1200mV 85C Model Minimum Pulse Width 'u0|altpll_0|sd1|pll7|clk[1]'
Slack : 4.853
TNS   : 0.000

Type  : Slow 1200mV 85C Model Minimum Pulse Width 'clk_dram_ext'
Slack : 5.790
TNS   : 0.000

Type  : Slow 1200mV 85C Model Minimum Pulse Width 'MAX10_CLK1_50'
Slack : 9.439
TNS   : 0.000

Type  : Slow 1200mV 85C Model Minimum Pulse Width 'MAX10_CLK2_50'
Slack : 9.662
TNS   : 0.000

Type  : Slow 1200mV 85C Model Minimum Pulse Width 'MIPI_PIXEL_CLK'
Slack : 19.596
TNS   : 0.000

Type  : Slow 1200mV 85C Model Minimum Pulse Width 'u0|altpll_0|sd1|pll7|clk[3]'
Slack : 19.707
TNS   : 0.000

Type  : Slow 1200mV 85C Model Minimum Pulse Width 'altera_reserved_tck'
Slack : 49.629
TNS   : 0.000

Type  : Slow 1200mV 85C Model Minimum Pulse Width 'ADC_CLK_10'
Slack : 96.000
TNS   : 0.000

Type  : Slow 1200mV 0C Model Setup 'u0|altpll_0|sd1|pll7|clk[2]'
Slack : 1.516
TNS   : 0.000

Type  : Slow 1200mV 0C Model Setup 'clk_dram_ext'
Slack : 4.040
TNS   : 0.000

Type  : Slow 1200mV 0C Model Setup 'MAX10_CLK1_50'
Slack : 8.045
TNS   : 0.000

Type  : Slow 1200mV 0C Model Setup 'MAX10_CLK2_50'
Slack : 9.371
TNS   : 0.000

Type  : Slow 1200mV 0C Model Setup 'MIPI_PIXEL_CLK'
Slack : 12.636
TNS   : 0.000

Type  : Slow 1200mV 0C Model Setup 'u0|altpll_0|sd1|pll7|clk[3]'
Slack : 31.776
TNS   : 0.000

Type  : Slow 1200mV 0C Model Setup 'altera_reserved_tck'
Slack : 44.985
TNS   : 0.000

Type  : Slow 1200mV 0C Model Hold 'MAX10_CLK1_50'
Slack : 0.257
TNS   : 0.000

Type  : Slow 1200mV 0C Model Hold 'altera_reserved_tck'
Slack : 0.305
TNS   : 0.000

Type  : Slow 1200mV 0C Model Hold 'u0|altpll_0|sd1|pll7|clk[2]'
Slack : 0.305
TNS   : 0.000

Type  : Slow 1200mV 0C Model Hold 'u0|altpll_0|sd1|pll7|clk[3]'
Slack : 0.305
TNS   : 0.000

Type  : Slow 1200mV 0C Model Hold 'MAX10_CLK2_50'
Slack : 0.312
TNS   : 0.000

Type  : Slow 1200mV 0C Model Hold 'MIPI_PIXEL_CLK'
Slack : 0.338
TNS   : 0.000

Type  : Slow 1200mV 0C Model Hold 'clk_dram_ext'
Slack : 2.135
TNS   : 0.000

Type  : Slow 1200mV 0C Model Recovery 'u0|altpll_0|sd1|pll7|clk[2]'
Slack : 2.931
TNS   : 0.000

Type  : Slow 1200mV 0C Model Recovery 'u0|altpll_0|sd1|pll7|clk[3]'
Slack : 3.901
TNS   : 0.000

Type  : Slow 1200mV 0C Model Recovery 'MAX10_CLK1_50'
Slack : 4.791
TNS   : 0.000

Type  : Slow 1200mV 0C Model Recovery 'MIPI_PIXEL_CLK'
Slack : 37.131
TNS   : 0.000

Type  : Slow 1200mV 0C Model Recovery 'altera_reserved_tck'
Slack : 47.398
TNS   : 0.000

Type  : Slow 1200mV 0C Model Removal 'altera_reserved_tck'
Slack : 0.832
TNS   : 0.000

Type  : Slow 1200mV 0C Model Removal 'u0|altpll_0|sd1|pll7|clk[3]'
Slack : 0.899
TNS   : 0.000

Type  : Slow 1200mV 0C Model Removal 'MAX10_CLK1_50'
Slack : 1.443
TNS   : 0.000

Type  : Slow 1200mV 0C Model Removal 'MIPI_PIXEL_CLK'
Slack : 1.616
TNS   : 0.000

Type  : Slow 1200mV 0C Model Removal 'u0|altpll_0|sd1|pll7|clk[2]'
Slack : 2.241
TNS   : 0.000

Type  : Slow 1200mV 0C Model Minimum Pulse Width 'u0|altpll_0|sd1|pll7|clk[2]'
Slack : 4.687
TNS   : 0.000

Type  : Slow 1200mV 0C Model Minimum Pulse Width 'u0|altpll_0|sd1|pll7|clk[1]'
Slack : 4.876
TNS   : 0.000

Type  : Slow 1200mV 0C Model Minimum Pulse Width 'clk_dram_ext'
Slack : 5.790
TNS   : 0.000

Type  : Slow 1200mV 0C Model Minimum Pulse Width 'MAX10_CLK1_50'
Slack : 9.453
TNS   : 0.000

Type  : Slow 1200mV 0C Model Minimum Pulse Width 'MAX10_CLK2_50'
Slack : 9.668
TNS   : 0.000

Type  : Slow 1200mV 0C Model Minimum Pulse Width 'MIPI_PIXEL_CLK'
Slack : 19.663
TNS   : 0.000

Type  : Slow 1200mV 0C Model Minimum Pulse Width 'u0|altpll_0|sd1|pll7|clk[3]'
Slack : 19.701
TNS   : 0.000

Type  : Slow 1200mV 0C Model Minimum Pulse Width 'altera_reserved_tck'
Slack : 49.657
TNS   : 0.000

Type  : Slow 1200mV 0C Model Minimum Pulse Width 'ADC_CLK_10'
Slack : 96.000
TNS   : 0.000

Type  : Fast 1200mV 0C Model Setup 'clk_dram_ext'
Slack : 4.001
TNS   : 0.000

Type  : Fast 1200mV 0C Model Setup 'u0|altpll_0|sd1|pll7|clk[2]'
Slack : 4.072
TNS   : 0.000

Type  : Fast 1200mV 0C Model Setup 'MAX10_CLK2_50'
Slack : 11.315
TNS   : 0.000

Type  : Fast 1200mV 0C Model Setup 'MIPI_PIXEL_CLK'
Slack : 13.288
TNS   : 0.000

Type  : Fast 1200mV 0C Model Setup 'MAX10_CLK1_50'
Slack : 14.201
TNS   : 0.000

Type  : Fast 1200mV 0C Model Setup 'u0|altpll_0|sd1|pll7|clk[3]'
Slack : 36.202
TNS   : 0.000

Type  : Fast 1200mV 0C Model Setup 'altera_reserved_tck'
Slack : 47.864
TNS   : 0.000

Type  : Fast 1200mV 0C Model Hold 'MAX10_CLK1_50'
Slack : 0.102
TNS   : 0.000

Type  : Fast 1200mV 0C Model Hold 'MIPI_PIXEL_CLK'
Slack : 0.147
TNS   : 0.000

Type  : Fast 1200mV 0C Model Hold 'altera_reserved_tck'
Slack : 0.147
TNS   : 0.000

Type  : Fast 1200mV 0C Model Hold 'u0|altpll_0|sd1|pll7|clk[2]'
Slack : 0.147
TNS   : 0.000

Type  : Fast 1200mV 0C Model Hold 'u0|altpll_0|sd1|pll7|clk[3]'
Slack : 0.147
TNS   : 0.000

Type  : Fast 1200mV 0C Model Hold 'MAX10_CLK2_50'
Slack : 0.152
TNS   : 0.000

Type  : Fast 1200mV 0C Model Hold 'clk_dram_ext'
Slack : 1.844
TNS   : 0.000

Type  : Fast 1200mV 0C Model Recovery 'u0|altpll_0|sd1|pll7|clk[2]'
Slack : 6.219
TNS   : 0.000

Type  : Fast 1200mV 0C Model Recovery 'u0|altpll_0|sd1|pll7|clk[3]'
Slack : 6.623
TNS   : 0.000

Type  : Fast 1200mV 0C Model Recovery 'MAX10_CLK1_50'
Slack : 7.098
TNS   : 0.000

Type  : Fast 1200mV 0C Model Recovery 'MIPI_PIXEL_CLK'
Slack : 38.613
TNS   : 0.000

Type  : Fast 1200mV 0C Model Recovery 'altera_reserved_tck'
Slack : 48.856
TNS   : 0.000

Type  : Fast 1200mV 0C Model Removal 'altera_reserved_tck'
Slack : 0.406
TNS   : 0.000

Type  : Fast 1200mV 0C Model Removal 'u0|altpll_0|sd1|pll7|clk[3]'
Slack : 0.427
TNS   : 0.000

Type  : Fast 1200mV 0C Model Removal 'MAX10_CLK1_50'
Slack : 0.701
TNS   : 0.000

Type  : Fast 1200mV 0C Model Removal 'MIPI_PIXEL_CLK'
Slack : 0.818
TNS   : 0.000

Type  : Fast 1200mV 0C Model Removal 'u0|altpll_0|sd1|pll7|clk[2]'
Slack : 1.052
TNS   : 0.000

Type  : Fast 1200mV 0C Model Minimum Pulse Width 'clk_dram_ext'
Slack : 2.000
TNS   : 0.000

Type  : Fast 1200mV 0C Model Minimum Pulse Width 'u0|altpll_0|sd1|pll7|clk[1]'
Slack : 2.000
TNS   : 0.000

Type  : Fast 1200mV 0C Model Minimum Pulse Width 'u0|altpll_0|sd1|pll7|clk[2]'
Slack : 4.711
TNS   : 0.000

Type  : Fast 1200mV 0C Model Minimum Pulse Width 'MAX10_CLK1_50'
Slack : 9.263
TNS   : 0.000

Type  : Fast 1200mV 0C Model Minimum Pulse Width 'MAX10_CLK2_50'
Slack : 9.331
TNS   : 0.000

Type  : Fast 1200mV 0C Model Minimum Pulse Width 'MIPI_PIXEL_CLK'
Slack : 19.199
TNS   : 0.000

Type  : Fast 1200mV 0C Model Minimum Pulse Width 'u0|altpll_0|sd1|pll7|clk[3]'
Slack : 19.726
TNS   : 0.000

Type  : Fast 1200mV 0C Model Minimum Pulse Width 'altera_reserved_tck'
Slack : 49.415
TNS   : 0.000

Type  : Fast 1200mV 0C Model Minimum Pulse Width 'ADC_CLK_10'
Slack : 96.000
TNS   : 0.000

------------------------------------------------------------
