Archive member included to satisfy reference by file (symbol)

c:/intelfpga_lite/18.1/nios2eds/bin/gnu/h-x86_64-mingw32/bin/../lib/gcc/nios2-elf/5.3.0\libgcc.a(lib2-divmod.o)
                              obj/default/I2C_core.o (__divsi3)
c:/intelfpga_lite/18.1/nios2eds/bin/gnu/h-x86_64-mingw32/bin/../lib/gcc/nios2-elf/5.3.0/../../../../../H-x86_64-mingw32/nios2-elf/lib\libsmallc.a(lib_a-malloc.o)
                              obj/default/support.o (malloc)
c:/intelfpga_lite/18.1/nios2eds/bin/gnu/h-x86_64-mingw32/bin/../lib/gcc/nios2-elf/5.3.0/../../../../../H-x86_64-mingw32/nios2-elf/lib\libsmallc.a(lib_a-nano-freer.o)
                              c:/intelfpga_lite/18.1/nios2eds/bin/gnu/h-x86_64-mingw32/bin/../lib/gcc/nios2-elf/5.3.0/../../../../../H-x86_64-mingw32/nios2-elf/lib\libsmallc.a(lib_a-malloc.o) (_free_r)
c:/intelfpga_lite/18.1/nios2eds/bin/gnu/h-x86_64-mingw32/bin/../lib/gcc/nios2-elf/5.3.0/../../../../../H-x86_64-mingw32/nios2-elf/lib\libsmallc.a(lib_a-nano-mallocr.o)
                              c:/intelfpga_lite/18.1/nios2eds/bin/gnu/h-x86_64-mingw32/bin/../lib/gcc/nios2-elf/5.3.0/../../../../../H-x86_64-mingw32/nios2-elf/lib\libsmallc.a(lib_a-malloc.o) (_malloc_r)
c:/intelfpga_lite/18.1/nios2eds/bin/gnu/h-x86_64-mingw32/bin/../lib/gcc/nios2-elf/5.3.0/../../../../../H-x86_64-mingw32/nios2-elf/lib\libsmallc.a(lib_a-printf.o)
                              obj/default/auto.o (printf)
c:/intelfpga_lite/18.1/nios2eds/bin/gnu/h-x86_64-mingw32/bin/../lib/gcc/nios2-elf/5.3.0/../../../../../H-x86_64-mingw32/nios2-elf/lib\libsmallc.a(lib_a-putchar.o)
                              obj/default/main.o (putchar)
c:/intelfpga_lite/18.1/nios2eds/bin/gnu/h-x86_64-mingw32/bin/../lib/gcc/nios2-elf/5.3.0/../../../../../H-x86_64-mingw32/nios2-elf/lib\libsmallc.a(lib_a-puts.o)
                              obj/default/I2C_core.o (puts)
c:/intelfpga_lite/18.1/nios2eds/bin/gnu/h-x86_64-mingw32/bin/../lib/gcc/nios2-elf/5.3.0/../../../../../H-x86_64-mingw32/nios2-elf/lib\libsmallc.a(lib_a-sbrkr.o)
                              c:/intelfpga_lite/18.1/nios2eds/bin/gnu/h-x86_64-mingw32/bin/../lib/gcc/nios2-elf/5.3.0/../../../../../H-x86_64-mingw32/nios2-elf/lib\libsmallc.a(lib_a-nano-mallocr.o) (_sbrk_r)
c:/intelfpga_lite/18.1/nios2eds/bin/gnu/h-x86_64-mingw32/bin/../lib/gcc/nios2-elf/5.3.0/../../../../../H-x86_64-mingw32/nios2-elf/lib\libsmallc.a(lib_a-sprintf.o)
                              obj/default/support.o (sprintf)
c:/intelfpga_lite/18.1/nios2eds/bin/gnu/h-x86_64-mingw32/bin/../lib/gcc/nios2-elf/5.3.0/../../../../../H-x86_64-mingw32/nios2-elf/lib\libsmallc.a(lib_a-strlen.o)
                              c:/intelfpga_lite/18.1/nios2eds/bin/gnu/h-x86_64-mingw32/bin/../lib/gcc/nios2-elf/5.3.0/../../../../../H-x86_64-mingw32/nios2-elf/lib\libsmallc.a(lib_a-puts.o) (strlen)
c:/intelfpga_lite/18.1/nios2eds/bin/gnu/h-x86_64-mingw32/bin/../lib/gcc/nios2-elf/5.3.0/../../../../../H-x86_64-mingw32/nios2-elf/lib\libsmallc.a(lib_a-svfprintf.o)
                              c:/intelfpga_lite/18.1/nios2eds/bin/gnu/h-x86_64-mingw32/bin/../lib/gcc/nios2-elf/5.3.0/../../../../../H-x86_64-mingw32/nios2-elf/lib\libsmallc.a(lib_a-sprintf.o) (___svfprintf_internal_r)
c:/intelfpga_lite/18.1/nios2eds/bin/gnu/h-x86_64-mingw32/bin/../lib/gcc/nios2-elf/5.3.0/../../../../../H-x86_64-mingw32/nios2-elf/lib\libsmallc.a(lib_a-vfprintf.o)
                              c:/intelfpga_lite/18.1/nios2eds/bin/gnu/h-x86_64-mingw32/bin/../lib/gcc/nios2-elf/5.3.0/../../../../../H-x86_64-mingw32/nios2-elf/lib\libsmallc.a(lib_a-printf.o) (___vfprintf_internal_r)
c:/intelfpga_lite/18.1/nios2eds/bin/gnu/h-x86_64-mingw32/bin/../lib/gcc/nios2-elf/5.3.0/../../../../../H-x86_64-mingw32/nios2-elf/lib\libsmallc.a(lib_a-fvwrite_small_dev.o)
                              c:/intelfpga_lite/18.1/nios2eds/bin/gnu/h-x86_64-mingw32/bin/../lib/gcc/nios2-elf/5.3.0/../../../../../H-x86_64-mingw32/nios2-elf/lib\libsmallc.a(lib_a-printf.o) (__sfvwrite_small_dev)
c:/intelfpga_lite/18.1/nios2eds/bin/gnu/h-x86_64-mingw32/bin/../lib/gcc/nios2-elf/5.3.0/../../../../../H-x86_64-mingw32/nios2-elf/lib\libsmallc.a(lib_a-fvwrite_small_str.o)
                              c:/intelfpga_lite/18.1/nios2eds/bin/gnu/h-x86_64-mingw32/bin/../lib/gcc/nios2-elf/5.3.0/../../../../../H-x86_64-mingw32/nios2-elf/lib\libsmallc.a(lib_a-sprintf.o) (__sfvwrite_small_str)
c:/intelfpga_lite/18.1/nios2eds/bin/gnu/h-x86_64-mingw32/bin/../lib/gcc/nios2-elf/5.3.0/../../../../../H-x86_64-mingw32/nios2-elf/lib\libsmallc.a(lib_a-impure.o)
                              c:/intelfpga_lite/18.1/nios2eds/bin/gnu/h-x86_64-mingw32/bin/../lib/gcc/nios2-elf/5.3.0/../../../../../H-x86_64-mingw32/nios2-elf/lib\libsmallc.a(lib_a-malloc.o) (_impure_ptr)
c:/intelfpga_lite/18.1/nios2eds/bin/gnu/h-x86_64-mingw32/bin/../lib/gcc/nios2-elf/5.3.0/../../../../../H-x86_64-mingw32/nios2-elf/lib\libsmallc.a(lib_a-int_errno.o)
[...]
Memory Configuration

Name             Origin             Length             Attributes
reset            0x0000000000020000 0x0000000000000020
onchip_memory2_0 0x0000000000020020 0x000000000000ea40
*default*        0x0000000000000000 0xffffffffffffffff

Linker script and memory map

LOAD ../cam_small_bsp//obj/HAL/src/crt0.o
LOAD obj/default/I2C_core.o
LOAD obj/default/auto.o
LOAD obj/default/auto_focus.o
LOAD obj/default/filters_buffers.o
LOAD obj/default/input.o
LOAD obj/default/main.o
LOAD obj/default/mipi_bridge_config.o
LOAD obj/default/mipi_camera_config.o
LOAD obj/default/mipi_setup.o
LOAD obj/default/pipeline.o
LOAD obj/default/support.o
LOAD c:/intelfpga_lite/18.1/nios2eds/bin/gnu/h-x86_64-mingw32/bin/../lib/gcc/nios2-elf/5.3.0/../../../../../H-x86_64-mingw32/nios2-elf/lib\libstdc++.a
LOAD c:/intelfpga_lite/18.1/nios2eds/bin/gnu/h-x86_64-mingw32/bin/../lib/gcc/nios2-elf/5.3.0/../../../../../H-x86_64-mingw32/nios2-elf/lib\libm.a
LOAD c:/intelfpga_lite/18.1/nios2eds/bin/gnu/h-x86_64-mingw32/bin/../lib/gcc/nios2-elf/5.3.0\libgcc.a
START GROUP
LOAD c:/intelfpga_lite/18.1/nios2eds/bin/gnu/h-x86_64-mingw32/bin/../lib/gcc/nios2-elf/5.3.0/../../../../../H-x86_64-mingw32/nios2-elf/lib\libsmallc.a
LOAD c:/intelfpga_lite/18.1/nios2eds/bin/gnu/h-x86_64-mingw32/bin/../lib/gcc/nios2-elf/5.3.0\libgcc.a
LOAD ../cam_small_bsp/\libhal_bsp.a
LOAD c:/intelfpga_lite/18.1/nios2eds/bin/gnu/h-x86_64-mingw32/bin/../lib/gcc/nios2-elf/5.3.0/../../../../../H-x86_64-mingw32/nios2-elf/lib\libm.a
END GROUP
LOAD c:/intelfpga_lite/18.1/nios2eds/bin/gnu/h-x86_64-mingw32/bin/../lib/gcc/nios2-elf/5.3.0\libgcc.a
                0x0000000000020000                __alt_mem_onchip_memory2_0 = 0x20000

.entry          0x0000000000020000       0x20
 *(.entry)
 .entry         0x0000000000020000       0x20 ../cam_small_bsp//obj/HAL/src/crt0.o
                0x0000000000020000                __reset
                0x000000000002001c                _exit

.exceptions     0x0000000000020020        0x0
                0x0000000000020020                PROVIDE (__ram_exceptions_start, ABSOLUTE (.))
                0x0000000000020020                . = ALIGN (0x20)
 *(.irq)
 *(.exceptions.entry.label)
 *(.exceptions.entry.user)
 *(.exceptions.entry.ecc_fatal)
 *(.exceptions.entry)
 *(.exceptions.irqtest.user)
 *(.exceptions.irqtest)
 *(.exceptions.irqhandler.user)
 *(.exceptions.irqhandler)
 *(.exceptions.irqreturn.user)
 *(.exceptions.irqreturn)
 *(.exceptions.notirq.label)
 *(.exceptions.notirq.user)
 *(.exceptions.notirq)
 *(.exceptions.soft.user)
 *(.exceptions.soft)
 *(.exceptions.unknown.user)
 *(.exceptions.unknown)
 *(.exceptions.exit.label)
 *(.exceptions.exit.user)
 *(.exceptions.exit)
 *(.exceptions)
                0x0000000000020020                PROVIDE (__ram_exceptions_end, ABSOLUTE (.))
                0x0000000000020020                PROVIDE (__flash_exceptions_start, LOADADDR (.exceptions))

.text           0x0000000000020020     0x4ec0
                [!provide]                        PROVIDE (stext, ABSOLUTE (.))
 *(.interp)
 *(.hash)
 *(.dynsym)
 *(.dynstr)
 *(.gnu.version)
 *(.gnu.version_d)
 *(.gnu.version_r)
 *(.rel.init)
 *(.rela.init)
 *(.rel.text .rel.text.* .rel.gnu.linkonce.t.*)
 *(.rela.text .rela.text.* .rela.gnu.linkonce.t.*)
 *(.rel.fini)
 *(.rela.fini)
 *(.rel.rodata .rel.rodata.* .rel.gnu.linkonce.r.*)
 *(.rela.rodata .rela.rodata.* .rela.gnu.linkonce.r.*)
 *(.rel.data .rel.data.* .rel.gnu.linkonce.d.*)
 *(.rela.data .rela.data.* .rela.gnu.linkonce.d.*)
 *(.rel.tdata .rel.tdata.* .rel.gnu.linkonce.td.*)
 *(.rela.tdata .rela.tdata.* .rela.gnu.linkonce.td.*)
 *(.rel.tbss .rel.tbss.* .rel.gnu.linkonce.tb.*)
 *(.rela.tbss .rela.tbss.* .rela.gnu.linkonce.tb.*)
 *(.rel.ctors)
 *(.rela.ctors)
 *(.rel.dtors)
 *(.rela.dtors)
 *(.rel.got)
 *(.rela.got)
 *(.rel.sdata .rel.sdata.* .rel.gnu.linkonce.s.*)
 *(.rela.sdata .rela.sdata.* .rela.gnu.linkonce.s.*)
 *(.rel.sbss .rel.sbss.* .rel.gnu.linkonce.sb.*)
 *(.rela.sbss .rela.sbss.* .rela.gnu.linkonce.sb.*)
 *(.rel.sdata2 .rel.sdata2.* .rel.gnu.linkonce.s2.*)
 *(.rela.sdata2 .rela.sdata2.* .rela.gnu.linkonce.s2.*)
 *(.rel.sbss2 .rel.sbss2.* .rel.gnu.linkonce.sb2.*)
 *(.rela.sbss2 .rela.sbss2.* .rela.gnu.linkonce.sb2.*)
 *(.rel.bss .rel.bss.* .rel.gnu.linkonce.b.*)
 *(.rela.bss .rela.bss.* .rela.gnu.linkonce.b.*)
 *(.rel.plt)
 *(.rela.plt)
 *(.rel.dyn)
 *(.init)
 *(.plt)
 *(.text .stub .text.* .gnu.linkonce.t.*)
 .text          0x0000000000020020       0x4c ../cam_small_bsp//obj/HAL/src/crt0.o
                0x0000000000020020                _start
 .text          0x000000000002006c      0x8d8 obj/default/I2C_core.o
                0x000000000002006c                Write32_Data
                0x0000000000020084                Read32_Data
                0x00000000000200a0                oc_i2c_init_ex
                0x0000000000020138                oc_i2c_init
                0x000000000002014c                oc_i2c_uninit
                0x0000000000020198                ACK_single_check
                0x00000000000201ec                ACK_check
                0x0000000000020234                OC_I2C_Write
                0x000000000002035c                ACK_judge_for_read
                0x0000000000020390                OC_I2C_Read
                0x0000000000020520                OC_I2C_Read_Continue
                0x0000000000020624                OC_I2CL_Write
                0x0000000000020784                OC_I2CL_Read
 .text          0x0000000000020944      0x274 obj/default/auto.o
                0x0000000000020944                auto_gain
                0x00000000000209fc                auto_wb
 .text          0x0000000000020bb8      0x2bc obj/default/auto_focus.o
                0x0000000000020bb8                Focus_Init
                0x0000000000020c9c                Focus_Released
                0x0000000000020d1c                Focus_Window
 .text          0x0000000000020e74      0x3dc obj/default/filters_buffers.o
                0x0000000000020e74                fir_load_unit
                0x0000000000020ea0                fir_load_avg
                0x0000000000020ec8                fir_load_sobel
                0x0000000000020f08                fir_load_inv_sobel
                0x0000000000020f48                fir_load_vertical
                0x0000000000020f80                print_image
                0x0000000000021084                print_wb_buffer
                0x0000000000021134                green_average
                0x0000000000021194                red_average
                0x00000000000211f4                blue_average
 .text          0x0000000000021250      0x434 obj/default/input.o
                0x0000000000021250                process_input
 .text          0x0000000000021684       0xb4 obj/default/main.o
                0x0000000000021684                get_building_hist
 .text.startup  0x0000000000021738      0x254 obj/default/main.o
                0x0000000000021738                main
 .text          0x000000000002198c      0x178 obj/default/mipi_bridge_config.o
                0x000000000002198c                nSWAP16
                0x00000000000219a0                MipiBridgeRegWrite
                0x00000000000219d8                MipiBridgeRegRead
                0x0000000000021a1c                MipiBridgeInit
 .text          0x0000000000021b04      0x964 obj/default/mipi_camera_config.o
                0x0000000000021b04                OV8865_read_cmos_sensor_8
                0x0000000000021b3c                OV8865_write_cmos_sensor_8
                0x0000000000021b74                OV8865_write_AF
                0x0000000000021bac                OV8865_read_AF
                0x0000000000021bf8                OV8865_FOCUS_Move_to
                0x0000000000021c8c                OV8865SetExposure
                0x0000000000021d38                OV8865SetGain
                0x0000000000021de4                enableMWB
                0x0000000000021e48                OV8865SetRedGain
                0x0000000000021ef0                OV8865SetGreenGain
                0x0000000000021f98                OV8865SetBlueGain
                0x0000000000022040                OV8865ReadAvg
                0x00000000000220b0                OV8865ReadExposure
                0x0000000000022148                MIPI_BIN_LEVEL
                0x00000000000222dc                MipiCameraInit
 .text          0x0000000000022468      0x30c obj/default/mipi_setup.o
                0x0000000000022468                mipi_clear_error
                0x0000000000022514                mipi_show_error_info
                0x00000000000225b0                mipi_show_error_info_more
                0x00000000000226ec                MIPI_Init
 .text          0x0000000000022774      0x7c8 obj/default/pipeline.o
                0x0000000000022774                one_pipeline
                0x0000000000022b2c                three_pipelines
 .text          0x0000000000022f3c      0x3f4 obj/default/support.o
                0x0000000000022f3c                to_hex_code
                0x0000000000022f50                initialize_observations
                0x0000000000023080                merge_observations
                0x0000000000023164                print_observations
                0x000000000002328c                print_as_rgb
                0x00000000000232c8                frame_isr
                0x0000000000023314                wait_frame
                0x0000000000023324                wait_eop
                0x000000000002332c                wait_sop
 .text          0x0000000000023330      0x1b4 c:/intelfpga_lite/18.1/nios2eds/bin/gnu/h-x86_64-mingw32/bin/../lib/gcc/nios2-elf/5.3.0\libgcc.a(lib2-divmod.o)
                0x0000000000023330                __divsi3
                0x00000000000233b4                __modsi3
                0x0000000000023428                __udivsi3
                0x000000000002348c                __umodsi3
 .text          0x00000000000234e4        0x0 c:/intelfpga_lite/18.1/nios2eds/bin/gnu/h-x86_64-mingw32/bin/../lib/gcc/nios2-elf/5.3.0/../../../../../H-x86_64-mingw32/nios2-elf/lib\libsmallc.a(lib_a-malloc.o)
 .text.malloc   0x00000000000234e4       0x14 c:/intelfpga_lite/18.1/nios2eds/bin/gnu/h-x86_64-mingw32/bin/../lib/gcc/nios2-elf/5.3.0/../../../../../H-x86_64-mingw32/nios2-elf/lib\libsmallc.a(lib_a-malloc.o)
                0x00000000000234e4                malloc
 .text.free     0x00000000000234f8       0x14 c:/intelfpga_lite/18.1/nios2eds/bin/gnu/h-x86_64-mingw32/bin/../lib/gcc/nios2-elf/5.3.0/../../../../../H-x86_64-mingw32/nios2-elf/lib\libsmallc.a(lib_a-malloc.o)
                0x00000000000234f8                free
 .text          0x000000000002350c        0x0 c:/intelfpga_lite/18.1/nios2eds/bin/gnu/h-x86_64-mingw32/bin/../lib/gcc/nios2-elf/5.3.0/../../../../../H-x86_64-mingw32/nios2-elf/lib\libsmallc.a(lib_a-nano-freer.o)
 .text._free_r  0x000000000002350c       0xe4 c:/intelfpga_lite/18.1/nios2eds/bin/gnu/h-x86_64-mingw32/bin/../lib/gcc/nios2-elf/5.3.0/../../../../../H-x86_64-mingw32/nios2-elf/lib\libsmallc.a(lib_a-nano-freer.o)
                0x000000000002350c                _free_r
 .text          0x00000000000235f0        0x0 c:/intelfpga_lite/18.1/nios2eds/bin/gnu/h-x86_64-mingw32/bin/../lib/gcc/nios2-elf/5.3.0/../../../../../H-x86_64-mingw32/nios2-elf/lib\libsmallc.a(lib_a-nano-mallocr.o)
 .text._malloc_r
                0x00000000000235f0      0x158 c:/intelfpga_lite/18.1/nios2eds/bin/gnu/h-x86_64-mingw32/bin/../lib/gcc/nios2-elf/5.3.0/../../../../../H-x86_64-mingw32/nios2-elf/lib\libsmallc.a(lib_a-nano-mallocr.o)
                0x00000000000235f0                _malloc_r
 .text          0x0000000000023748        0x0 c:/intelfpga_lite/18.1/nios2eds/bin/gnu/h-x86_64-mingw32/bin/../lib/gcc/nios2-elf/5.3.0/../../../../../H-x86_64-mingw32/nios2-elf/lib\libsmallc.a(lib_a-printf.o)
 .text._printf_r
                0x0000000000023748       0x3c c:/intelfpga_lite/18.1/nios2eds/bin/gnu/h-x86_64-mingw32/bin/../lib/gcc/nios2-elf/5.3.0/../../../../../H-x86_64-mingw32/nios2-elf/lib\libsmallc.a(lib_a-printf.o)
                0x0000000000023748                _printf_r
 .text.printf   0x0000000000023784       0x4c c:/intelfpga_lite/18.1/nios2eds/bin/gnu/h-x86_64-mingw32/bin/../lib/gcc/nios2-elf/5.3.0/../../../../../H-x86_64-mingw32/nios2-elf/lib\libsmallc.a(lib_a-printf.o)
                0x0000000000023784                printf
 .text          0x00000000000237d0        0x0 c:/intelfpga_lite/18.1/nios2eds/bin/gnu/h-x86_64-mingw32/bin/../lib/gcc/nios2-elf/5.3.0/../../../../../H-x86_64-mingw32/nios2-elf/lib\libsmallc.a(lib_a-putchar.o)
 .text._putchar_r
                0x00000000000237d0        0x8 c:/intelfpga_lite/18.1/nios2eds/bin/gnu/h-x86_64-mingw32/bin/../lib/gcc/nios2-elf/5.3.0/../../../../../H-x86_64-mingw32/nios2-elf/lib\libsmallc.a(lib_a-putchar.o)
                0x00000000000237d0                _putchar_r
 .text.putchar  0x00000000000237d8       0x1c c:/intelfpga_lite/18.1/nios2eds/bin/gnu/h-x86_64-mingw32/bin/../lib/gcc/nios2-elf/5.3.0/../../../../../H-x86_64-mingw32/nios2-elf/lib\libsmallc.a(lib_a-putchar.o)
                0x00000000000237d8                putchar
 .text          0x00000000000237f4        0x0 c:/intelfpga_lite/18.1/nios2eds/bin/gnu/h-x86_64-mingw32/bin/../lib/gcc/nios2-elf/5.3.0/../../../../../H-x86_64-mingw32/nios2-elf/lib\libsmallc.a(lib_a-puts.o)
 .text._puts_r  0x00000000000237f4       0x80 c:/intelfpga_lite/18.1/nios2eds/bin/gnu/h-x86_64-mingw32/bin/../lib/gcc/nios2-elf/5.3.0/../../../../../H-x86_64-mingw32/nios2-elf/lib\libsmallc.a(lib_a-puts.o)
                0x00000000000237f4                _puts_r
 .text.puts     0x0000000000023874       0x14 c:/intelfpga_lite/18.1/nios2eds/bin/gnu/h-x86_64-mingw32/bin/../lib/gcc/nios2-elf/5.3.0/../../../../../H-x86_64-mingw32/nios2-elf/lib\libsmallc.a(lib_a-puts.o)
                0x0000000000023874                puts
 .text          0x0000000000023888        0x0 c:/intelfpga_lite/18.1/nios2eds/bin/gnu/h-x86_64-mingw32/bin/../lib/gcc/nios2-elf/5.3.0/../../../../../H-x86_64-mingw32/nios2-elf/lib\libsmallc.a(lib_a-sbrkr.o)
 .text._sbrk_r  0x0000000000023888       0x50 c:/intelfpga_lite/18.1/nios2eds/bin/gnu/h-x86_64-mingw32/bin/../lib/gcc/nios2-elf/5.3.0/../../../../../H-x86_64-mingw32/nios2-elf/lib\libsmallc.a(lib_a-sbrkr.o)
                0x0000000000023888                _sbrk_r
 .text          0x00000000000238d8        0x0 c:/intelfpga_lite/18.1/nios2eds/bin/gnu/h-x86_64-mingw32/bin/../lib/gcc/nios2-elf/5.3.0/../../../../../H-x86_64-mingw32/nios2-elf/lib\libsmallc.a(lib_a-sprintf.o)
 .text._sprintf_r
                0x00000000000238d8       0x64 c:/intelfpga_lite/18.1/nios2eds/bin/gnu/h-x86_64-mingw32/bin/../lib/gcc/nios2-elf/5.3.0/../../../../../H-x86_64-mingw32/nios2-elf/lib\libsmallc.a(lib_a-sprintf.o)
                0x00000000000238d8                _sprintf_r
 .text.sprintf  0x000000000002393c       0x78 c:/intelfpga_lite/18.1/nios2eds/bin/gnu/h-x86_64-mingw32/bin/../lib/gcc/nios2-elf/5.3.0/../../../../../H-x86_64-mingw32/nios2-elf/lib\libsmallc.a(lib_a-sprintf.o)
                0x000000000002393c                sprintf
 .text          0x00000000000239b4        0x0 c:/intelfpga_lite/18.1/nios2eds/bin/gnu/h-x86_64-mingw32/bin/../lib/gcc/nios2-elf/5.3.0/../../../../../H-x86_64-mingw32/nios2-elf/lib\libsmallc.a(lib_a-strlen.o)
 .text.strlen   0x00000000000239b4       0x1c c:/intelfpga_lite/18.1/nios2eds/bin/gnu/h-x86_64-mingw32/bin/../lib/gcc/nios2-elf/5.3.0/../../../../../H-x86_64-mingw32/nios2-elf/lib\libsmallc.a(lib_a-strlen.o)
                0x00000000000239b4                strlen
 .text          0x00000000000239d0        0x0 c:/intelfpga_lite/18.1/nios2eds/bin/gnu/h-x86_64-mingw32/bin/../lib/gcc/nios2-elf/5.3.0/../../../../../H-x86_64-mingw32/nios2-elf/lib\libsmallc.a(lib_a-svfprintf.o)
 .text.print_repeat
                0x00000000000239d0       0x6c c:/intelfpga_lite/18.1/nios2eds/bin/gnu/h-x86_64-mingw32/bin/../lib/gcc/nios2-elf/5.3.0/../../../../../H-x86_64-mingw32/nios2-elf/lib\libsmallc.a(lib_a-svfprintf.o)
 .text.___svfprintf_internal_r
                0x0000000000023a3c      0x524 c:/intelfpga_lite/18.1/nios2eds/bin/gnu/h-x86_64-mingw32/bin/../lib/gcc/nios2-elf/5.3.0/../../../../../H-x86_64-mingw32/nios2-elf/lib\libsmallc.a(lib_a-svfprintf.o)
                0x0000000000023a3c                ___svfprintf_internal_r
 .text.__vfprintf_internal_unused
                0x0000000000023f60       0x1c c:/intelfpga_lite/18.1/nios2eds/bin/gnu/h-x86_64-mingw32/bin/../lib/gcc/nios2-elf/5.3.0/../../../../../H-x86_64-mingw32/nios2-elf/lib\libsmallc.a(lib_a-svfprintf.o)
                0x0000000000023f60                __vfprintf_internal_unused
 .text          0x0000000000023f7c        0x0 c:/intelfpga_lite/18.1/nios2eds/bin/gnu/h-x86_64-mingw32/bin/../lib/gcc/nios2-elf/5.3.0/../../../../../H-x86_64-mingw32/nios2-elf/lib\libsmallc.a(lib_a-vfprintf.o)
 .text.print_repeat
                0x0000000000023f7c       0x6c c:/intelfpga_lite/18.1/nios2eds/bin/gnu/h-x86_64-mingw32/bin/../lib/gcc/nios2-elf/5.3.0/../../../../../H-x86_64-mingw32/nios2-elf/lib\libsmallc.a(lib_a-vfprintf.o)
 .text.___vfprintf_internal_r
                0x0000000000023fe8      0x524 c:/intelfpga_lite/18.1/nios2eds/bin/gnu/h-x86_64-mingw32/bin/../lib/gcc/nios2-elf/5.3.0/../../../../../H-x86_64-mingw32/nios2-elf/lib\libsmallc.a(lib_a-vfprintf.o)
                0x0000000000023fe8                ___vfprintf_internal_r
 .text.__vfprintf_internal
                0x000000000002450c       0x1c c:/intelfpga_lite/18.1/nios2eds/bin/gnu/h-x86_64-mingw32/bin/../lib/gcc/nios2-elf/5.3.0/../../../../../H-x86_64-mingw32/nios2-elf/lib\libsmallc.a(lib_a-vfprintf.o)
                0x000000000002450c                __vfprintf_internal
 .text          0x0000000000024528        0x0 c:/intelfpga_lite/18.1/nios2eds/bin/gnu/h-x86_64-mingw32/bin/../lib/gcc/nios2-elf/5.3.0/../../../../../H-x86_64-mingw32/nios2-elf/lib\libsmallc.a(lib_a-fvwrite_small_dev.o)
 .text.__sfvwrite_small_dev
                0x0000000000024528       0xb8 c:/intelfpga_lite/18.1/nios2eds/bin/gnu/h-x86_64-mingw32/bin/../lib/gcc/nios2-elf/5.3.0/../../../../../H-x86_64-mingw32/nios2-elf/lib\libsmallc.a(lib_a-fvwrite_small_dev.o)
                0x0000000000024528                __sfvwrite_small_dev
 .text          0x00000000000245e0        0x0 c:/intelfpga_lite/18.1/nios2eds/bin/gnu/h-x86_64-mingw32/bin/../lib/gcc/nios2-elf/5.3.0/../../../../../H-x86_64-mingw32/nios2-elf/lib\libsmallc.a(lib_a-fvwrite_small_str.o)
 .text.__sfvwrite_small_str
                0x00000000000245e0       0xa8 c:/intelfpga_lite/18.1/nios2eds/bin/gnu/h-x86_64-mingw32/bin/../lib/gcc/nios2-elf/5.3.0/../../../../../H-x86_64-mingw32/nios2-elf/lib\libsmallc.a(lib_a-fvwrite_small_str.o)
                0x00000000000245e0                __sfvwrite_small_str
 .text          0x0000000000024688        0x0 c:/intelfpga_lite/18.1/nios2eds/bin/gnu/h-x86_64-mingw32/bin/../lib/gcc/nios2-elf/5.3.0/../../../../../H-x86_64-mingw32/nios2-elf/lib\libsmallc.a(lib_a-impure.o)
 .text          0x0000000000024688        0x0 c:/intelfpga_lite/18.1/nios2eds/bin/gnu/h-x86_64-mingw32/bin/../lib/gcc/nios2-elf/5.3.0/../../../../../H-x86_64-mingw32/nios2-elf/lib\libsmallc.a(lib_a-int_errno.o)
 .text          0x0000000000024688        0x0 c:/intelfpga_lite/18.1/nios2eds/bin/gnu/h-x86_64-mingw32/bin/../lib/gcc/nios2-elf/5.3.0/../../../../../H-x86_64-mingw32/nios2-elf/lib\libsmallc.a(lib_a-memmove.o)
 .text.memmove  0x0000000000024688       0x60 c:/intelfpga_lite/18.1/nios2eds/bin/gnu/h-x86_64-mingw32/bin/../lib/gcc/nios2-elf/5.3.0/../../../../../H-x86_64-mingw32/nios2-elf/lib\libsmallc.a(lib_a-memmove.o)
                0x0000000000024688                memmove
 .text          0x00000000000246e8        0x0 c:/intelfpga_lite/18.1/nios2eds/bin/gnu/h-x86_64-mingw32/bin/../lib/gcc/nios2-elf/5.3.0/../../../../../H-x86_64-mingw32/nios2-elf/lib\libsmallc.a(lib_a-putc.o)
 .text.putc     0x00000000000246e8       0x54 c:/intelfpga_lite/18.1/nios2eds/bin/gnu/h-x86_64-mingw32/bin/../lib/gcc/nios2-elf/5.3.0/../../../../../H-x86_64-mingw32/nios2-elf/lib\libsmallc.a(lib_a-putc.o)
                0x00000000000246e8                putc
 .text._putc_r  0x000000000002473c       0x58 c:/intelfpga_lite/18.1/nios2eds/bin/gnu/h-x86_64-mingw32/bin/../lib/gcc/nios2-elf/5.3.0/../../../../../H-x86_64-mingw32/nios2-elf/lib\libsmallc.a(lib_a-putc.o)
                0x000000000002473c                _putc_r
 .text          0x0000000000024794        0x0 c:/intelfpga_lite/18.1/nios2eds/bin/gnu/h-x86_64-mingw32/bin/../lib/gcc/nios2-elf/5.3.0/../../../../../H-x86_64-mingw32/nios2-elf/lib\libsmallc.a(lib_a-writer.o)
 .text._write_r
                0x0000000000024794       0x58 c:/intelfpga_lite/18.1/nios2eds/bin/gnu/h-x86_64-mingw32/bin/../lib/gcc/nios2-elf/5.3.0/../../../../../H-x86_64-mingw32/nios2-elf/lib\libsmallc.a(lib_a-writer.o)
                0x0000000000024794                _write_r
 .text          0x00000000000247ec       0xb8 ../cam_small_bsp/\libhal_bsp.a(alt_fcntl.o)
                0x00000000000247ec                fcntl
 .text          0x00000000000248a4       0x44 ../cam_small_bsp/\libhal_bsp.a(alt_getchar.o)
                0x00000000000248a4                alt_getchar
 .text          0x00000000000248e8       0xe0 ../cam_small_bsp/\libhal_bsp.a(alt_load.o)
                0x00000000000248e8                alt_load
 .text          0x00000000000249c8       0x2c ../cam_small_bsp/\libhal_bsp.a(alt_main.o)
                0x00000000000249c8                alt_main
 .text          0x00000000000249f4      0x170 ../cam_small_bsp/\libhal_bsp.a(alt_printf.o)
                0x00000000000249f4                alt_printf
 .text          0x0000000000024b64       0x48 ../cam_small_bsp/\libhal_bsp.a(alt_putchar.o)
                0x0000000000024b64                alt_putchar
 .text          0x0000000000024bac       0x4c ../cam_small_bsp/\libhal_bsp.a(alt_sbrk.o)
                0x0000000000024bac                sbrk
 .text          0x0000000000024bf8       0xec ../cam_small_bsp/\libhal_bsp.a(alt_tick.o)
                0x0000000000024bf8                alt_alarm_stop
                0x0000000000024c2c                alt_tick
 .text          0x0000000000024ce4        0x4 ../cam_small_bsp/\libhal_bsp.a(alt_usleep.o)
                0x0000000000024ce4                usleep
 .text          0x0000000000024ce8       0x60 ../cam_small_bsp/\libhal_bsp.a(alt_write.o)
                0x0000000000024ce8                write
 .text          0x0000000000024d48       0x24 ../cam_small_bsp/\libhal_bsp.a(alt_sys_init.o)
                0x0000000000024d48                alt_irq_init
                0x0000000000024d68                alt_sys_init
 .text          0x0000000000024d6c       0x5c ../cam_small_bsp/\libhal_bsp.a(altera_avalon_jtag_uart_read.o)
                0x0000000000024d6c                altera_avalon_jtag_uart_read
 .text          0x0000000000024dc8       0x34 ../cam_small_bsp/\libhal_bsp.a(altera_avalon_jtag_uart_write.o)
                0x0000000000024dc8                altera_avalon_jtag_uart_write
 .text          0x0000000000024dfc       0x78 ../cam_small_bsp/\libhal_bsp.a(alt_busy_sleep.o)
                0x0000000000024dfc                alt_busy_sleep
 .text          0x0000000000024e74       0x18 ../cam_small_bsp/\libhal_bsp.a(alt_dcache_flush_all.o)
                0x0000000000024e74                alt_dcache_flush_all
 .text          0x0000000000024e8c        0x8 ../cam_small_bsp/\libhal_bsp.a(alt_dev.o)
 .text          0x0000000000024e94        0x0 ../cam_small_bsp/\libhal_bsp.a(alt_errno.o)
 .text          0x0000000000024e94        0xc ../cam_small_bsp/\libhal_bsp.a(alt_icache_flush_all.o)
                0x0000000000024e94                alt_icache_flush_all
 .text          0x0000000000024ea0        0x8 ../cam_small_bsp/\libhal_bsp.a(altera_nios2_gen2_irq.o)
                0x0000000000024ea0                altera_nios2_gen2_irq_init
 .text          0x0000000000024ea8       0x38 ../cam_small_bsp/\libhal_bsp.a(alt_icache_flush.o)
                0x0000000000024ea8                alt_icache_flush
 *(.gnu.warning.*)
 *(.fini)
                [!provide]                        PROVIDE (__etext, ABSOLUTE (.))
                [!provide]                        PROVIDE (_etext, ABSOLUTE (.))
                [!provide]                        PROVIDE (etext, ABSOLUTE (.))
 *(.eh_frame_hdr)
                0x0000000000024ee0                . = ALIGN (0x4)
                [!provide]                        PROVIDE (__preinit_array_start, ABSOLUTE (.))
 *(.preinit_array)
                [!provide]                        PROVIDE (__preinit_array_end, ABSOLUTE (.))
                [!provide]                        PROVIDE (__init_array_start, ABSOLUTE (.))
 *(.init_array)
                [!provide]                        PROVIDE (__init_array_end, ABSOLUTE (.))
                [!provide]                        PROVIDE (__fini_array_start, ABSOLUTE (.))
 *(.fini_array)
                [!provide]                        PROVIDE (__fini_array_end, ABSOLUTE (.))
 *(.eh_frame)
 *(.gcc_except_table .gcc_except_table.*)
 *(.dynamic)
                [!provide]                        PROVIDE (__CTOR_LIST__, ABSOLUTE (.))
 *(.ctors)
 *(SORT(.ctors.*))
                [!provide]                        PROVIDE (__CTOR_END__, ABSOLUTE (.))
                [!provide]                        PROVIDE (__DTOR_LIST__, ABSOLUTE (.))
 *(.dtors)
 *(SORT(.dtors.*))
                [!provide]                        PROVIDE (__DTOR_END__, ABSOLUTE (.))
 *(.jcr)
                0x0000000000024ee0                . = ALIGN (0x4)

.rodata         0x0000000000024ee0      0xd3c
                0x0000000000024ee0                PROVIDE (__ram_rodata_start, ABSOLUTE (.))
                0x0000000000024ee0                . = ALIGN (0x4)
 *(.rodata .rodata.* .gnu.linkonce.r.*)
 .rodata.str1.4
                0x0000000000024ee0      0x1cf obj/default/I2C_core.o
 *fill*         0x00000000000250af        0x1 
 .rodata.str1.4
                0x00000000000250b0       0x52 obj/default/auto.o
                                         0x6a (size before relaxing)
 *fill*         0x0000000000025102        0x2 
 .rodata.str1.4
                0x0000000000025104       0x4d obj/default/auto_focus.o
 *fill*         0x0000000000025151        0x3 
 .rodata.str1.4
                0x0000000000025154        0x4 obj/default/filters_buffers.o
 .rodata.str1.4
                0x0000000000025158       0x2f obj/default/input.o
 *fill*         0x0000000000025187        0x1 
 .rodata.str1.4
                0x0000000000025188       0x60 obj/default/main.o
 .rodata.str1.4
                0x00000000000251e8       0x61 obj/default/mipi_bridge_config.o
 *fill*         0x0000000000025249        0x1 
 .rodata        0x000000000002524a       0x34 obj/default/mipi_bridge_config.o
 *fill*         0x000000000002527e        0x2 
 .rodata.str1.4
                0x0000000000025280       0x9c obj/default/mipi_camera_config.o
 .rodata        0x000000000002531c      0x774 obj/default/mipi_camera_config.o
 .rodata.str1.4
                0x0000000000025a90      0x139 obj/default/mipi_setup.o
 *fill*         0x0000000000025bc9        0x3 
 .rodata.str1.4
                0x0000000000025bcc       0x43 obj/default/support.o
 .rodata.str1.4
                0x0000000000025c0f       0x43 c:/intelfpga_lite/18.1/nios2eds/bin/gnu/h-x86_64-mingw32/bin/../lib/gcc/nios2-elf/5.3.0/../../../../../H-x86_64-mingw32/nios2-elf/lib\libsmallc.a(lib_a-puts.o)
                                          0x2 (size before relaxing)
 *fill*         0x0000000000025c0f        0x1 
 .rodata.str1.4
                0x0000000000025c10        0xc ../cam_small_bsp/\libhal_bsp.a(alt_dev.o)
                                          0xa (size before relaxing)
 *(.rodata1)
                0x0000000000025c1c                . = ALIGN (0x4)
                0x0000000000025c1c                PROVIDE (__ram_rodata_end, ABSOLUTE (.))
                0x0000000000024ee0                PROVIDE (__flash_rodata_start, LOADADDR (.rodata))

.rwdata         0x0000000000025c1c      0x17c load address 0x0000000000025d98
                0x0000000000025c1c                PROVIDE (__ram_rwdata_start, ABSOLUTE (.))
                0x0000000000025c1c                . = ALIGN (0x4)
 *(.got.plt)
 *(.got)
 *(.data1)
 *(.data .data.* .gnu.linkonce.d.*)
 .data          0x0000000000025c1c        0x0 ../cam_small_bsp//obj/HAL/src/crt0.o
 .data          0x0000000000025c1c        0x0 obj/default/I2C_core.o
 .data          0x0000000000025c1c        0x0 obj/default/auto.o
 .data          0x0000000000025c1c        0x0 obj/default/auto_focus.o
 .data          0x0000000000025c1c        0x0 obj/default/filters_buffers.o
 .data          0x0000000000025c1c        0x0 obj/default/input.o
 .data          0x0000000000025c1c        0x0 obj/default/main.o
 .data          0x0000000000025c1c        0x0 obj/default/mipi_bridge_config.o
 .data          0x0000000000025c1c        0x0 obj/default/mipi_camera_config.o
 .data          0x0000000000025c1c        0x0 obj/default/mipi_setup.o
 .data          0x0000000000025c1c        0x0 obj/default/pipeline.o
 .data          0x0000000000025c1c        0x0 obj/default/support.o
 .data          0x0000000000025c1c        0x0 c:/intelfpga_lite/18.1/nios2eds/bin/gnu/h-x86_64-mingw32/bin/../lib/gcc/nios2-elf/5.3.0\libgcc.a(lib2-divmod.o)
 .data          0x0000000000025c1c        0x0 c:/intelfpga_lite/18.1/nios2eds/bin/gnu/h-x86_64-mingw32/bin/../lib/gcc/nios2-elf/5.3.0/../../../../../H-x86_64-mingw32/nios2-elf/lib\libsmallc.a(lib_a-malloc.o)
 .data          0x0000000000025c1c        0x0 c:/intelfpga_lite/18.1/nios2eds/bin/gnu/h-x86_64-mingw32/bin/../lib/gcc/nios2-elf/5.3.0/../../../../../H-x86_64-mingw32/nios2-elf/lib\libsmallc.a(lib_a-nano-freer.o)
 .data          0x0000000000025c1c        0x0 c:/intelfpga_lite/18.1/nios2eds/bin/gnu/h-x86_64-mingw32/bin/../lib/gcc/nios2-elf/5.3.0/../../../../../H-x86_64-mingw32/nios2-elf/lib\libsmallc.a(lib_a-nano-mallocr.o)
 .data          0x0000000000025c1c        0x0 c:/intelfpga_lite/18.1/nios2eds/bin/gnu/h-x86_64-mingw32/bin/../lib/gcc/nios2-elf/5.3.0/../../../../../H-x86_64-mingw32/nios2-elf/lib\libsmallc.a(lib_a-printf.o)
 .data          0x0000000000025c1c        0x0 c:/intelfpga_lite/18.1/nios2eds/bin/gnu/h-x86_64-mingw32/bin/../lib/gcc/nios2-elf/5.3.0/../../../../../H-x86_64-mingw32/nios2-elf/lib\libsmallc.a(lib_a-putchar.o)
 .data          0x0000000000025c1c        0x0 c:/intelfpga_lite/18.1/nios2eds/bin/gnu/h-x86_64-mingw32/bin/../lib/gcc/nios2-elf/5.3.0/../../../../../H-x86_64-mingw32/nios2-elf/lib\libsmallc.a(lib_a-puts.o)
 .data          0x0000000000025c1c        0x0 c:/intelfpga_lite/18.1/nios2eds/bin/gnu/h-x86_64-mingw32/bin/../lib/gcc/nios2-elf/5.3.0/../../../../../H-x86_64-mingw32/nios2-elf/lib\libsmallc.a(lib_a-sbrkr.o)
 .data          0x0000000000025c1c        0x0 c:/intelfpga_lite/18.1/nios2eds/bin/gnu/h-x86_64-mingw32/bin/../lib/gcc/nios2-elf/5.3.0/../../../../../H-x86_64-mingw32/nios2-elf/lib\libsmallc.a(lib_a-sprintf.o)
 .data          0x0000000000025c1c        0x0 c:/intelfpga_lite/18.1/nios2eds/bin/gnu/h-x86_64-mingw32/bin/../lib/gcc/nios2-elf/5.3.0/../../../../../H-x86_64-mingw32/nios2-elf/lib\libsmallc.a(lib_a-strlen.o)
 .data          0x0000000000025c1c        0x0 c:/intelfpga_lite/18.1/nios2eds/bin/gnu/h-x86_64-mingw32/bin/../lib/gcc/nios2-elf/5.3.0/../../../../../H-x86_64-mingw32/nios2-elf/lib\libsmallc.a(lib_a-svfprintf.o)
 .data          0x0000000000025c1c        0x0 c:/intelfpga_lite/18.1/nios2eds/bin/gnu/h-x86_64-mingw32/bin/../lib/gcc/nios2-elf/5.3.0/../../../../../H-x86_64-mingw32/nios2-elf/lib\libsmallc.a(lib_a-vfprintf.o)
 .data          0x0000000000025c1c        0x0 c:/intelfpga_lite/18.1/nios2eds/bin/gnu/h-x86_64-mingw32/bin/../lib/gcc/nios2-elf/5.3.0/../../../../../H-x86_64-mingw32/nios2-elf/lib\libsmallc.a(lib_a-fvwrite_small_dev.o)
 .data          0x0000000000025c1c        0x0 c:/intelfpga_lite/18.1/nios2eds/bin/gnu/h-x86_64-mingw32/bin/../lib/gcc/nios2-elf/5.3.0/../../../../../H-x86_64-mingw32/nios2-elf/lib\libsmallc.a(lib_a-fvwrite_small_str.o)
 .data          0x0000000000025c1c        0x0 c:/intelfpga_lite/18.1/nios2eds/bin/gnu/h-x86_64-mingw32/bin/../lib/gcc/nios2-elf/5.3.0/../../../../../H-x86_64-mingw32/nios2-elf/lib\libsmallc.a(lib_a-impure.o)
 .data.impure_data
                0x0000000000025c1c       0xe0 c:/intelfpga_lite/18.1/nios2eds/bin/gnu/h-x86_64-mingw32/bin/../lib/gcc/nios2-elf/5.3.0/../../../../../H-x86_64-mingw32/nios2-elf/lib\libsmallc.a(lib_a-impure.o)
 .data          0x0000000000025cfc        0x0 c:/intelfpga_lite/18.1/nios2eds/bin/gnu/h-x86_64-mingw32/bin/../lib/gcc/nios2-elf/5.3.0/../../../../../H-x86_64-mingw32/nios2-elf/lib\libsmallc.a(lib_a-int_errno.o)
 .data          0x0000000000025cfc        0x0 c:/intelfpga_lite/18.1/nios2eds/bin/gnu/h-x86_64-mingw32/bin/../lib/gcc/nios2-elf/5.3.0/../../../../../H-x86_64-mingw32/nios2-elf/lib\libsmallc.a(lib_a-memmove.o)
 .data          0x0000000000025cfc        0x0 c:/intelfpga_lite/18.1/nios2eds/bin/gnu/h-x86_64-mingw32/bin/../lib/gcc/nios2-elf/5.3.0/../../../../../H-x86_64-mingw32/nios2-elf/lib\libsmallc.a(lib_a-putc.o)
 .data          0x0000000000025cfc        0x0 c:/intelfpga_lite/18.1/nios2eds/bin/gnu/h-x86_64-mingw32/bin/../lib/gcc/nios2-elf/5.3.0/../../../../../H-x86_64-mingw32/nios2-elf/lib\libsmallc.a(lib_a-writer.o)
 .data          0x0000000000025cfc        0x0 ../cam_small_bsp/\libhal_bsp.a(alt_fcntl.o)
 .data          0x0000000000025cfc        0x0 ../cam_small_bsp/\libhal_bsp.a(alt_getchar.o)
 .data          0x0000000000025cfc        0x0 ../cam_small_bsp/\libhal_bsp.a(alt_load.o)
 .data          0x0000000000025cfc        0x0 ../cam_small_bsp/\libhal_bsp.a(alt_main.o)
 .data          0x0000000000025cfc        0x0 ../cam_small_bsp/\libhal_bsp.a(alt_printf.o)
 .data          0x0000000000025cfc        0x0 ../cam_small_bsp/\libhal_bsp.a(alt_putchar.o)
 .data          0x0000000000025cfc        0x0 ../cam_small_bsp/\libhal_bsp.a(alt_sbrk.o)
 .data          0x0000000000025cfc        0x0 ../cam_small_bsp/\libhal_bsp.a(alt_tick.o)
 .data          0x0000000000025cfc        0x0 ../cam_small_bsp/\libhal_bsp.a(alt_usleep.o)
 .data          0x0000000000025cfc        0x0 ../cam_small_bsp/\libhal_bsp.a(alt_write.o)
 .data          0x0000000000025cfc        0x0 ../cam_small_bsp/\libhal_bsp.a(alt_sys_init.o)
 .data          0x0000000000025cfc        0x0 ../cam_small_bsp/\libhal_bsp.a(altera_avalon_jtag_uart_read.o)
 .data          0x0000000000025cfc        0x0 ../cam_small_bsp/\libhal_bsp.a(altera_avalon_jtag_uart_write.o)
 .data          0x0000000000025cfc        0x0 ../cam_small_bsp/\libhal_bsp.a(alt_busy_sleep.o)
 .data          0x0000000000025cfc        0x0 ../cam_small_bsp/\libhal_bsp.a(alt_dcache_flush_all.o)
 .data          0x0000000000025cfc       0x58 ../cam_small_bsp/\libhal_bsp.a(alt_dev.o)
                0x0000000000025cfc                alt_fd_list
                0x0000000000025d2c                alt_dev_null
 .data          0x0000000000025d54        0x0 ../cam_small_bsp/\libhal_bsp.a(alt_errno.o)
 .data          0x0000000000025d54        0x0 ../cam_small_bsp/\libhal_bsp.a(alt_icache_flush_all.o)
 .data          0x0000000000025d54        0x0 ../cam_small_bsp/\libhal_bsp.a(altera_nios2_gen2_irq.o)
 .data          0x0000000000025d54        0x0 ../cam_small_bsp/\libhal_bsp.a(alt_icache_flush.o)
                0x000000000002dd54                _gp = ABSOLUTE ((. + 0x8000))
                [!provide]                        PROVIDE (gp, _gp)
 *(.rwdata .rwdata.*)
 *(.sdata .sdata.* .gnu.linkonce.s.*)
 .sdata         0x0000000000025d54        0xc obj/default/auto_focus.o
                0x0000000000025d54                focus_th
                0x0000000000025d55                focus_scal_f
                0x0000000000025d56                focus_scal
                0x0000000000025d58                focus_height
                0x0000000000025d5a                focus_width
                0x0000000000025d5c                video_h
                0x0000000000025d5e                video_w
 .sdata         0x0000000000025d60        0x2 obj/default/input.o
 *fill*         0x0000000000025d62        0x2 
 .sdata._global_impure_ptr
                0x0000000000025d64        0x4 c:/intelfpga_lite/18.1/nios2eds/bin/gnu/h-x86_64-mingw32/bin/../lib/gcc/nios2-elf/5.3.0/../../../../../H-x86_64-mingw32/nios2-elf/lib\libsmallc.a(lib_a-impure.o)
                0x0000000000025d64                _global_impure_ptr
 .sdata._impure_ptr
                0x0000000000025d68        0x4 c:/intelfpga_lite/18.1/nios2eds/bin/gnu/h-x86_64-mingw32/bin/../lib/gcc/nios2-elf/5.3.0/../../../../../H-x86_64-mingw32/nios2-elf/lib\libsmallc.a(lib_a-impure.o)
                0x0000000000025d68                _impure_ptr
 .sdata         0x0000000000025d6c        0x4 ../cam_small_bsp/\libhal_bsp.a(alt_sbrk.o)
 .sdata         0x0000000000025d70        0x8 ../cam_small_bsp/\libhal_bsp.a(alt_tick.o)
                0x0000000000025d70                alt_alarm_list
 .sdata         0x0000000000025d78        0x8 ../cam_small_bsp/\libhal_bsp.a(alt_sys_init.o)
                0x0000000000025d78                uart_0
                0x0000000000025d7c                jtag_uart
 .sdata         0x0000000000025d80       0x14 ../cam_small_bsp/\libhal_bsp.a(alt_dev.o)
                0x0000000000025d80                alt_max_fd
                0x0000000000025d84                alt_dev_list
                0x0000000000025d8c                alt_fs_list
 .sdata         0x0000000000025d94        0x4 ../cam_small_bsp/\libhal_bsp.a(alt_errno.o)
                0x0000000000025d94                alt_errno
 *(.sdata2 .sdata2.* .gnu.linkonce.s2.*)
                0x0000000000025d98                . = ALIGN (0x4)
                0x0000000000025d98                _edata = ABSOLUTE (.)
                [!provide]                        PROVIDE (edata, ABSOLUTE (.))
                0x0000000000025d98                PROVIDE (__ram_rwdata_end, ABSOLUTE (.))
                0x0000000000025d98                PROVIDE (__flash_rwdata_start, LOADADDR (.rwdata))

.bss            0x0000000000025f14      0x134
                0x0000000000025f14                __bss_start = ABSOLUTE (.)
                [!provide]                        PROVIDE (__sbss_start, ABSOLUTE (.))
                [!provide]                        PROVIDE (___sbss_start, ABSOLUTE (.))
 *(.dynsbss)
 *(.sbss .sbss.* .gnu.linkonce.sb.*)
 .sbss          0x0000000000025f14       0x2d obj/default/I2C_core.o
                0x0000000000025f14                print
                0x0000000000025f18                frames_elapsed
                0x0000000000025f1c                rgb
                0x0000000000025f20                observations
                0x0000000000025f24                slow
                0x0000000000025f28                hsv
                0x0000000000025f2c                observation_idx
                0x0000000000025f30                number_observations
                0x0000000000025f34                delay
                0x0000000000025f38                one
                0x0000000000025f3c                halt
                0x0000000000025f40                code
 *fill*         0x0000000000025f41        0x3 
 .sbss          0x0000000000025f44        0x4 obj/default/support.o
 .sbss.__malloc_sbrk_start
                0x0000000000025f48        0x4 c:/intelfpga_lite/18.1/nios2eds/bin/gnu/h-x86_64-mingw32/bin/../lib/gcc/nios2-elf/5.3.0/../../../../../H-x86_64-mingw32/nios2-elf/lib\libsmallc.a(lib_a-nano-mallocr.o)
                0x0000000000025f48                __malloc_sbrk_start
 .sbss.__malloc_free_list
                0x0000000000025f4c        0x4 c:/intelfpga_lite/18.1/nios2eds/bin/gnu/h-x86_64-mingw32/bin/../lib/gcc/nios2-elf/5.3.0/../../../../../H-x86_64-mingw32/nios2-elf/lib\libsmallc.a(lib_a-nano-mallocr.o)
                0x0000000000025f4c                __malloc_free_list
 .sbss          0x0000000000025f50        0x4 c:/intelfpga_lite/18.1/nios2eds/bin/gnu/h-x86_64-mingw32/bin/../lib/gcc/nios2-elf/5.3.0/../../../../../H-x86_64-mingw32/nios2-elf/lib\libsmallc.a(lib_a-int_errno.o)
                0x0000000000025f50                errno
 .sbss          0x0000000000025f54        0xc ../cam_small_bsp/\libhal_bsp.a(alt_main.o)
                0x0000000000025f54                alt_envp
                0x0000000000025f58                alt_argv
                0x0000000000025f5c                alt_argc
 .sbss          0x0000000000025f60        0x8 ../cam_small_bsp/\libhal_bsp.a(alt_tick.o)
                0x0000000000025f60                _alt_nticks
                0x0000000000025f64                _alt_tick_rate
 *(.sbss2 .sbss2.* .gnu.linkonce.sb2.*)
 *(.scommon)
                [!provide]                        PROVIDE (__sbss_end, ABSOLUTE (.))
                [!provide]                        PROVIDE (___sbss_end, ABSOLUTE (.))
 *(.dynbss)
 *(.bss .bss.* .gnu.linkonce.b.*)
 .bss           0x0000000000025f68        0x0 ../cam_small_bsp//obj/HAL/src/crt0.o
 .bss           0x0000000000025f68        0x0 obj/default/I2C_core.o
 .bss           0x0000000000025f68        0x0 obj/default/auto.o
 .bss           0x0000000000025f68        0x0 obj/default/auto_focus.o
 .bss           0x0000000000025f68        0x0 obj/default/filters_buffers.o
 .bss           0x0000000000025f68        0x0 obj/default/input.o
 .bss           0x0000000000025f68        0x0 obj/default/main.o
 .bss           0x0000000000025f68        0x0 obj/default/mipi_bridge_config.o
 .bss           0x0000000000025f68        0x0 obj/default/mipi_camera_config.o
 .bss           0x0000000000025f68        0x0 obj/default/mipi_setup.o
 .bss           0x0000000000025f68        0x0 obj/default/pipeline.o
 .bss           0x0000000000025f68       0x40 obj/default/support.o
 .bss           0x0000000000025fa8        0x0 c:/intelfpga_lite/18.1/nios2eds/bin/gnu/h-x86_64-mingw32/bin/../lib/gcc/nios2-elf/5.3.0\libgcc.a(lib2-divmod.o)
 .bss           0x0000000000025fa8        0x0 c:/intelfpga_lite/18.1/nios2eds/bin/gnu/h-x86_64-mingw32/bin/../lib/gcc/nios2-elf/5.3.0/../../../../../H-x86_64-mingw32/nios2-elf/lib\libsmallc.a(lib_a-malloc.o)
 .bss           0x0000000000025fa8        0x0 c:/intelfpga_lite/18.1/nios2eds/bin/gnu/h-x86_64-mingw32/bin/../lib/gcc/nios2-elf/5.3.0/../../../../../H-x86_64-mingw32/nios2-elf/lib\libsmallc.a(lib_a-nano-freer.o)
 .bss           0x0000000000025fa8        0x0 c:/intelfpga_lite/18.1/nios2eds/bin/gnu/h-x86_64-mingw32/bin/../lib/gcc/nios2-elf/5.3.0/../../../../../H-x86_64-mingw32/nios2-elf/lib\libsmallc.a(lib_a-nano-mallocr.o)
 .bss           0x0000000000025fa8        0x0 c:/intelfpga_lite/18.1/nios2eds/bin/gnu/h-x86_64-mingw32/bin/../lib/gcc/nios2-elf/5.3.0/../../../../../H-x86_64-mingw32/nios2-elf/lib\libsmallc.a(lib_a-printf.o)
 .bss           0x0000000000025fa8        0x0 c:/intelfpga_lite/18.1/nios2eds/bin/gnu/h-x86_64-mingw32/bin/../lib/gcc/nios2-elf/5.3.0/../../../../../H-x86_64-mingw32/nios2-elf/lib\libsmallc.a(lib_a-putchar.o)
 .bss           0x0000000000025fa8        0x0 c:/intelfpga_lite/18.1/nios2eds/bin/gnu/h-x86_64-mingw32/bin/../lib/gcc/nios2-elf/5.3.0/../../../../../H-x86_64-mingw32/nios2-elf/lib\libsmallc.a(lib_a-puts.o)
 .bss           0x0000000000025fa8        0x0 c:/intelfpga_lite/18.1/nios2eds/bin/gnu/h-x86_64-mingw32/bin/../lib/gcc/nios2-elf/5.3.0/../../../../../H-x86_64-mingw32/nios2-elf/lib\libsmallc.a(lib_a-sbrkr.o)
 .bss           0x0000000000025fa8        0x0 c:/intelfpga_lite/18.1/nios2eds/bin/gnu/h-x86_64-mingw32/bin/../lib/gcc/nios2-elf/5.3.0/../../../../../H-x86_64-mingw32/nios2-elf/lib\libsmallc.a(lib_a-sprintf.o)
 .bss           0x0000000000025fa8        0x0 c:/intelfpga_lite/18.1/nios2eds/bin/gnu/h-x86_64-mingw32/bin/../lib/gcc/nios2-elf/5.3.0/../../../../../H-x86_64-mingw32/nios2-elf/lib\libsmallc.a(lib_a-strlen.o)
 .bss           0x0000000000025fa8        0x0 c:/intelfpga_lite/18.1/nios2eds/bin/gnu/h-x86_64-mingw32/bin/../lib/gcc/nios2-elf/5.3.0/../../../../../H-x86_64-mingw32/nios2-elf/lib\libsmallc.a(lib_a-svfprintf.o)
 .bss           0x0000000000025fa8        0x0 c:/intelfpga_lite/18.1/nios2eds/bin/gnu/h-x86_64-mingw32/bin/../lib/gcc/nios2-elf/5.3.0/../../../../../H-x86_64-mingw32/nios2-elf/lib\libsmallc.a(lib_a-vfprintf.o)
 .bss           0x0000000000025fa8        0x0 c:/intelfpga_lite/18.1/nios2eds/bin/gnu/h-x86_64-mingw32/bin/../lib/gcc/nios2-elf/5.3.0/../../../../../H-x86_64-mingw32/nios2-elf/lib\libsmallc.a(lib_a-fvwrite_small_dev.o)
 .bss           0x0000000000025fa8        0x0 c:/intelfpga_lite/18.1/nios2eds/bin/gnu/h-x86_64-mingw32/bin/../lib/gcc/nios2-elf/5.3.0/../../../../../H-x86_64-mingw32/nios2-elf/lib\libsmallc.a(lib_a-fvwrite_small_str.o)
 .bss           0x0000000000025fa8        0x0 c:/intelfpga_lite/18.1/nios2eds/bin/gnu/h-x86_64-mingw32/bin/../lib/gcc/nios2-elf/5.3.0/../../../../../H-x86_64-mingw32/nios2-elf/lib\libsmallc.a(lib_a-impure.o)
 .bss           0x0000000000025fa8        0x0 c:/intelfpga_lite/18.1/nios2eds/bin/gnu/h-x86_64-mingw32/bin/../lib/gcc/nios2-elf/5.3.0/../../../../../H-x86_64-mingw32/nios2-elf/lib\libsmallc.a(lib_a-int_errno.o)
 .bss           0x0000000000025fa8        0x0 c:/intelfpga_lite/18.1/nios2eds/bin/gnu/h-x86_64-mingw32/bin/../lib/gcc/nios2-elf/5.3.0/../../../../../H-x86_64-mingw32/nios2-elf/lib\libsmallc.a(lib_a-memmove.o)
 .bss           0x0000000000025fa8        0x0 c:/intelfpga_lite/18.1/nios2eds/bin/gnu/h-x86_64-mingw32/bin/../lib/gcc/nios2-elf/5.3.0/../../../../../H-x86_64-mingw32/nios2-elf/lib\libsmallc.a(lib_a-putc.o)
 .bss           0x0000000000025fa8        0x0 c:/intelfpga_lite/18.1/nios2eds/bin/gnu/h-x86_64-mingw32/bin/../lib/gcc/nios2-elf/5.3.0/../../../../../H-x86_64-mingw32/nios2-elf/lib\libsmallc.a(lib_a-writer.o)
 .bss           0x0000000000025fa8        0x0 ../cam_small_bsp/\libhal_bsp.a(alt_fcntl.o)
 .bss           0x0000000000025fa8        0x0 ../cam_small_bsp/\libhal_bsp.a(alt_getchar.o)
 .bss           0x0000000000025fa8        0x0 ../cam_small_bsp/\libhal_bsp.a(alt_load.o)
 .bss           0x0000000000025fa8        0x0 ../cam_small_bsp/\libhal_bsp.a(alt_main.o)
 .bss           0x0000000000025fa8        0x0 ../cam_small_bsp/\libhal_bsp.a(alt_printf.o)
 .bss           0x0000000000025fa8        0x0 ../cam_small_bsp/\libhal_bsp.a(alt_putchar.o)
 .bss           0x0000000000025fa8        0x0 ../cam_small_bsp/\libhal_bsp.a(alt_sbrk.o)
 .bss           0x0000000000025fa8        0x0 ../cam_small_bsp/\libhal_bsp.a(alt_tick.o)
 .bss           0x0000000000025fa8        0x0 ../cam_small_bsp/\libhal_bsp.a(alt_usleep.o)
 .bss           0x0000000000025fa8        0x0 ../cam_small_bsp/\libhal_bsp.a(alt_write.o)
 .bss           0x0000000000025fa8        0x0 ../cam_small_bsp/\libhal_bsp.a(alt_sys_init.o)
 .bss           0x0000000000025fa8        0x0 ../cam_small_bsp/\libhal_bsp.a(altera_avalon_jtag_uart_read.o)
 .bss           0x0000000000025fa8        0x0 ../cam_small_bsp/\libhal_bsp.a(altera_avalon_jtag_uart_write.o)
 .bss           0x0000000000025fa8        0x0 ../cam_small_bsp/\libhal_bsp.a(alt_busy_sleep.o)
 .bss           0x0000000000025fa8        0x0 ../cam_small_bsp/\libhal_bsp.a(alt_dcache_flush_all.o)
 .bss           0x0000000000025fa8        0x0 ../cam_small_bsp/\libhal_bsp.a(alt_dev.o)
 .bss           0x0000000000025fa8        0x0 ../cam_small_bsp/\libhal_bsp.a(alt_errno.o)
 .bss           0x0000000000025fa8        0x0 ../cam_small_bsp/\libhal_bsp.a(alt_icache_flush_all.o)
 .bss           0x0000000000025fa8        0x0 ../cam_small_bsp/\libhal_bsp.a(altera_nios2_gen2_irq.o)
 .bss           0x0000000000025fa8        0x0 ../cam_small_bsp/\libhal_bsp.a(alt_icache_flush.o)
 *(COMMON)
 COMMON         0x0000000000025fa8       0xa0 obj/default/I2C_core.o
                0x0000000000025fa8                histogram_processed
                0x0000000000025ff8                histogram
                0x0000000000026048                . = ALIGN (0x4)
                0x0000000000026048                __bss_end = ABSOLUTE (.)

.onchip_memory2_0
                0x0000000000026048        0x0
                [!provide]                        PROVIDE (_alt_partition_onchip_memory2_0_start, ABSOLUTE (.))
 *(.onchip_memory2_0 .onchip_memory2_0. onchip_memory2_0.*)
                0x0000000000026048                . = ALIGN (0x4)
                [!provide]                        PROVIDE (_alt_partition_onchip_memory2_0_end, ABSOLUTE (.))
                0x0000000000026048                _end = ABSOLUTE (.)
                0x0000000000026048                end = ABSOLUTE (.)
                0x0000000000026048                __alt_stack_base = ABSOLUTE (.)
                [!provide]                        PROVIDE (_alt_partition_onchip_memory2_0_load_addr, LOADADDR (.onchip_memory2_0))

.stab
 *(.stab)

.stabstr
 *(.stabstr)

.stab.excl
 *(.stab.excl)

.stab.exclstr
 *(.stab.exclstr)

.stab.index
 *(.stab.index)

.stab.indexstr
 *(.stab.indexstr)

.comment        0x0000000000000000       0x23
 *(.comment)
 .comment       0x0000000000000000       0x23 obj/default/I2C_core.o
                                         0x24 (size before relaxing)
 .comment       0x0000000000000023       0x24 obj/default/auto.o
 .comment       0x0000000000000023       0x24 obj/default/auto_focus.o
 .comment       0x0000000000000023       0x24 obj/default/filters_buffers.o
 .comment       0x0000000000000023       0x24 obj/default/input.o
 .comment       0x0000000000000023       0x24 obj/default/main.o
 .comment       0x0000000000000023       0x24 obj/default/mipi_bridge_config.o
 .comment       0x0000000000000023       0x24 obj/default/mipi_camera_config.o
 .comment       0x0000000000000023       0x24 obj/default/mipi_setup.o
 .comment       0x0000000000000023       0x24 obj/default/pipeline.o
 .comment       0x0000000000000023       0x24 obj/default/support.o
 .comment       0x0000000000000023       0x24 c:/intelfpga_lite/18.1/nios2eds/bin/gnu/h-x86_64-mingw32/bin/../lib/gcc/nios2-elf/5.3.0\libgcc.a(lib2-divmod.o)
 .comment       0x0000000000000023       0x24 c:/intelfpga_lite/18.1/nios2eds/bin/gnu/h-x86_64-mingw32/bin/../lib/gcc/nios2-elf/5.3.0/../../../../../H-x86_64-mingw32/nios2-elf/lib\libsmallc.a(lib_a-malloc.o)
 .comment       0x0000000000000023       0x24 c:/intelfpga_lite/18.1/nios2eds/bin/gnu/h-x86_64-mingw32/bin/../lib/gcc/nios2-elf/5.3.0/../../../../../H-x86_64-mingw32/nios2-elf/lib\libsmallc.a(lib_a-nano-freer.o)
 .comment       0x0000000000000023       0x24 c:/intelfpga_lite/18.1/nios2eds/bin/gnu/h-x86_64-mingw32/bin/../lib/gcc/nios2-elf/5.3.0/../../../../../H-x86_64-mingw32/nios2-elf/lib\libsmallc.a(lib_a-nano-mallocr.o)
 .comment       0x0000000000000023       0x24 c:/intelfpga_lite/18.1/nios2eds/bin/gnu/h-x86_64-mingw32/bin/../lib/gcc/nios2-elf/5.3.0/../../../../../H-x86_64-mingw32/nios2-elf/lib\libsmallc.a(lib_a-printf.o)
 .comment       0x0000000000000023       0x24 c:/intelfpga_lite/18.1/nios2eds/bin/gnu/h-x86_64-mingw32/bin/../lib/gcc/nios2-elf/5.3.0/../../../../../H-x86_64-mingw32/nios2-elf/lib\libsmallc.a(lib_a-putchar.o)
 .comment       0x0000000000000023       0x24 c:/intelfpga_lite/18.1/nios2eds/bin/gnu/h-x86_64-mingw32/bin/../lib/gcc/nios2-elf/5.3.0/../../../../../H-x86_64-mingw32/nios2-elf/lib\libsmallc.a(lib_a-puts.o)
 .comment       0x0000000000000023       0x24 c:/intelfpga_lite/18.1/nios2eds/bin/gnu/h-x86_64-mingw32/bin/../lib/gcc/nios2-elf/5.3.0/../../../../../H-x86_64-mingw32/nios2-elf/lib\libsmallc.a(lib_a-sbrkr.o)
 .comment       0x0000000000000023       0x24 c:/intelfpga_lite/18.1/nios2eds/bin/gnu/h-x86_64-mingw32/bin/../lib/gcc/nios2-elf/5.3.0/../../../../../H-x86_64-mingw32/nios2-elf/lib\libsmallc.a(lib_a-sprintf.o)
 .comment       0x0000000000000023       0x24 c:/intelfpga_lite/18.1/nios2eds/bin/gnu/h-x86_64-mingw32/bin/../lib/gcc/nios2-elf/5.3.0/../../../../../H-x86_64-mingw32/nios2-elf/lib\libsmallc.a(lib_a-strlen.o)
 .comment       0x0000000000000023       0x24 c:/intelfpga_lite/18.1/nios2eds/bin/gnu/h-x86_64-mingw32/bin/../lib/gcc/nios2-elf/5.3.0/../../../../../H-x86_64-mingw32/nios2-elf/lib\libsmallc.a(lib_a-svfprintf.o)
 .comment       0x0000000000000023       0x24 c:/intelfpga_lite/18.1/nios2eds/bin/gnu/h-x86_64-mingw32/bin/../lib/gcc/nios2-elf/5.3.0/../../../../../H-x86_64-mingw32/nios2-elf/lib\libsmallc.a(lib_a-vfprintf.o)
 .comment       0x0000000000000023       0x24 c:/intelfpga_lite/18.1/nios2eds/bin/gnu/h-x86_64-mingw32/bin/../lib/gcc/nios2-elf/5.3.0/../../../../../H-x86_64-mingw32/nios2-elf/lib\libsmallc.a(lib_a-fvwrite_small_dev.o)
 .comment       0x0000000000000023       0x24 c:/intelfpga_lite/18.1/nios2eds/bin/gnu/h-x86_64-mingw32/bin/../lib/gcc/nios2-elf/5.3.0/../../../../../H-x86_64-mingw32/nios2-elf/lib\libsmallc.a(lib_a-fvwrite_small_str.o)
 .comment       0x0000000000000023       0x24 c:/intelfpga_lite/18.1/nios2eds/bin/gnu/h-x86_64-mingw32/bin/../lib/gcc/nios2-elf/5.3.0/../../../../../H-x86_64-mingw32/nios2-elf/lib\libsmallc.a(lib_a-impure.o)
 .comment       0x0000000000000023       0x24 c:/intelfpga_lite/18.1/nios2eds/bin/gnu/h-x86_64-mingw32/bin/../lib/gcc/nios2-elf/5.3.0/../../../../../H-x86_64-mingw32/nios2-elf/lib\libsmallc.a(lib_a-int_errno.o)
 .comment       0x0000000000000023       0x24 c:/intelfpga_lite/18.1/nios2eds/bin/gnu/h-x86_64-mingw32/bin/../lib/gcc/nios2-elf/5.3.0/../../../../../H-x86_64-mingw32/nios2-elf/lib\libsmallc.a(lib_a-memmove.o)
 .comment       0x0000000000000023       0x24 c:/intelfpga_lite/18.1/nios2eds/bin/gnu/h-x86_64-mingw32/bin/../lib/gcc/nios2-elf/5.3.0/../../../../../H-x86_64-mingw32/nios2-elf/lib\libsmallc.a(lib_a-putc.o)
 .comment       0x0000000000000023       0x24 c:/intelfpga_lite/18.1/nios2eds/bin/gnu/h-x86_64-mingw32/bin/../lib/gcc/nios2-elf/5.3.0/../../../../../H-x86_64-mingw32/nios2-elf/lib\libsmallc.a(lib_a-writer.o)
 .comment       0x0000000000000023       0x24 ../cam_small_bsp/\libhal_bsp.a(alt_fcntl.o)
 .comment       0x0000000000000023       0x24 ../cam_small_bsp/\libhal_bsp.a(alt_getchar.o)
 .comment       0x0000000000000023       0x24 ../cam_small_bsp/\libhal_bsp.a(alt_load.o)
 .comment       0x0000000000000023       0x24 ../cam_small_bsp/\libhal_bsp.a(alt_main.o)
 .comment       0x0000000000000023       0x24 ../cam_small_bsp/\libhal_bsp.a(alt_printf.o)
 .comment       0x0000000000000023       0x24 ../cam_small_bsp/\libhal_bsp.a(alt_putchar.o)
 .comment       0x0000000000000023       0x24 ../cam_small_bsp/\libhal_bsp.a(alt_sbrk.o)
 .comment       0x0000000000000023       0x24 ../cam_small_bsp/\libhal_bsp.a(alt_tick.o)
 .comment       0x0000000000000023       0x24 ../cam_small_bsp/\libhal_bsp.a(alt_usleep.o)
 .comment       0x0000000000000023       0x24 ../cam_small_bsp/\libhal_bsp.a(alt_write.o)
 .comment       0x0000000000000023       0x24 ../cam_small_bsp/\libhal_bsp.a(alt_sys_init.o)
 .comment       0x0000000000000023       0x24 ../cam_small_bsp/\libhal_bsp.a(altera_avalon_jtag_uart_read.o)
 .comment       0x0000000000000023       0x24 ../cam_small_bsp/\libhal_bsp.a(altera_avalon_jtag_uart_write.o)
 .comment       0x0000000000000023       0x24 ../cam_small_bsp/\libhal_bsp.a(alt_busy_sleep.o)
 .comment       0x0000000000000023       0x24 ../cam_small_bsp/\libhal_bsp.a(alt_dcache_flush_all.o)
 .comment       0x0000000000000023       0x24 ../cam_small_bsp/\libhal_bsp.a(alt_dev.o)
 .comment       0x0000000000000023       0x24 ../cam_small_bsp/\libhal_bsp.a(alt_errno.o)
 .comment       0x0000000000000023       0x24 ../cam_small_bsp/\libhal_bsp.a(alt_icache_flush_all.o)
 .comment       0x0000000000000023       0x24 ../cam_small_bsp/\libhal_bsp.a(altera_nios2_gen2_irq.o)
 .comment       0x0000000000000023       0x24 ../cam_small_bsp/\libhal_bsp.a(alt_icache_flush.o)

.debug
 *(.debug)

.line
 *(.line)

.debug_srcinfo
 *(.debug_srcinfo)

.debug_sfnames
 *(.debug_sfnames)

.debug_aranges  0x0000000000000000      0x6a8
 *(.debug_aranges)
 .debug_aranges
                0x0000000000000000       0x28 ../cam_small_bsp//obj/HAL/src/crt0.o
 .debug_aranges
                0x0000000000000028       0x20 obj/default/I2C_core.o
 .debug_aranges
                0x0000000000000048       0x20 obj/default/auto.o
 .debug_aranges
                0x0000000000000068       0x20 obj/default/auto_focus.o
 .debug_aranges
                0x0000000000000088       0x20 obj/default/filters_buffers.o
 .debug_aranges
                0x00000000000000a8       0x20 obj/default/input.o
 .debug_aranges
                0x00000000000000c8       0x28 obj/default/main.o
 .debug_aranges
                0x00000000000000f0       0x20 obj/default/mipi_bridge_config.o
 .debug_aranges
                0x0000000000000110       0x20 obj/default/mipi_camera_config.o
 .debug_aranges
                0x0000000000000130       0x20 obj/default/mipi_setup.o
 .debug_aranges
                0x0000000000000150       0x20 obj/default/pipeline.o
 .debug_aranges
                0x0000000000000170       0x20 obj/default/support.o
 .debug_aranges
                0x0000000000000190       0x20 c:/intelfpga_lite/18.1/nios2eds/bin/gnu/h-x86_64-mingw32/bin/../lib/gcc/nios2-elf/5.3.0\libgcc.a(lib2-divmod.o)
 .debug_aranges
                0x00000000000001b0       0x28 c:/intelfpga_lite/18.1/nios2eds/bin/gnu/h-x86_64-mingw32/bin/../lib/gcc/nios2-elf/5.3.0/../../../../../H-x86_64-mingw32/nios2-elf/lib\libsmallc.a(lib_a-malloc.o)
 .debug_aranges
                0x00000000000001d8       0x20 c:/intelfpga_lite/18.1/nios2eds/bin/gnu/h-x86_64-mingw32/bin/../lib/gcc/nios2-elf/5.3.0/../../../../../H-x86_64-mingw32/nios2-elf/lib\libsmallc.a(lib_a-nano-freer.o)
 .debug_aranges
                0x00000000000001f8       0x20 c:/intelfpga_lite/18.1/nios2eds/bin/gnu/h-x86_64-mingw32/bin/../lib/gcc/nios2-elf/5.3.0/../../../../../H-x86_64-mingw32/nios2-elf/lib\libsmallc.a(lib_a-nano-mallocr.o)
 .debug_aranges
                0x0000000000000218       0x28 c:/intelfpga_lite/18.1/nios2eds/bin/gnu/h-x86_64-mingw32/bin/../lib/gcc/nios2-elf/5.3.0/../../../../../H-x86_64-mingw32/nios2-elf/lib\libsmallc.a(lib_a-printf.o)
 .debug_aranges
                0x0000000000000240       0x28 c:/intelfpga_lite/18.1/nios2eds/bin/gnu/h-x86_64-mingw32/bin/../lib/gcc/nios2-elf/5.3.0/../../../../../H-x86_64-mingw32/nios2-elf/lib\libsmallc.a(lib_a-putchar.o)
 .debug_aranges
                0x0000000000000268       0x28 c:/intelfpga_lite/18.1/nios2eds/bin/gnu/h-x86_64-mingw32/bin/../lib/gcc/nios2-elf/5.3.0/../../../../../H-x86_64-mingw32/nios2-elf/lib\libsmallc.a(lib_a-puts.o)
 .debug_aranges
                0x0000000000000290       0x20 c:/intelfpga_lite/18.1/nios2eds/bin/gnu/h-x86_64-mingw32/bin/../lib/gcc/nios2-elf/5.3.0/../../../../../H-x86_64-mingw32/nios2-elf/lib\libsmallc.a(lib_a-sbrkr.o)
 .debug_aranges
                0x00000000000002b0       0x28 c:/intelfpga_lite/18.1/nios2eds/bin/gnu/h-x86_64-mingw32/bin/../lib/gcc/nios2-elf/5.3.0/../../../../../H-x86_64-mingw32/nios2-elf/lib\libsmallc.a(lib_a-sprintf.o)
 .debug_aranges
                0x00000000000002d8       0x20 c:/intelfpga_lite/18.1/nios2eds/bin/gnu/h-x86_64-mingw32/bin/../lib/gcc/nios2-elf/5.3.0/../../../../../H-x86_64-mingw32/nios2-elf/lib\libsmallc.a(lib_a-strlen.o)
 .debug_aranges
                0x00000000000002f8       0x30 c:/intelfpga_lite/18.1/nios2eds/bin/gnu/h-x86_64-mingw32/bin/../lib/gcc/nios2-elf/5.3.0/../../../../../H-x86_64-mingw32/nios2-elf/lib\libsmallc.a(lib_a-svfprintf.o)
 .debug_aranges
                0x0000000000000328       0x30 c:/intelfpga_lite/18.1/nios2eds/bin/gnu/h-x86_64-mingw32/bin/../lib/gcc/nios2-elf/5.3.0/../../../../../H-x86_64-mingw32/nios2-elf/lib\libsmallc.a(lib_a-vfprintf.o)
 .debug_aranges
                0x0000000000000358       0x20 c:/intelfpga_lite/18.1/nios2eds/bin/gnu/h-x86_64-mingw32/bin/../lib/gcc/nios2-elf/5.3.0/../../../../../H-x86_64-mingw32/nios2-elf/lib\libsmallc.a(lib_a-fvwrite_small_dev.o)
 .debug_aranges
                0x0000000000000378       0x20 c:/intelfpga_lite/18.1/nios2eds/bin/gnu/h-x86_64-mingw32/bin/../lib/gcc/nios2-elf/5.3.0/../../../../../H-x86_64-mingw32/nios2-elf/lib\libsmallc.a(lib_a-fvwrite_small_str.o)
 .debug_aranges
                0x0000000000000398       0x18 c:/intelfpga_lite/18.1/nios2eds/bin/gnu/h-x86_64-mingw32/bin/../lib/gcc/nios2-elf/5.3.0/../../../../../H-x86_64-mingw32/nios2-elf/lib\libsmallc.a(lib_a-impure.o)
 .debug_aranges
                0x00000000000003b0       0x18 c:/intelfpga_lite/18.1/nios2eds/bin/gnu/h-x86_64-mingw32/bin/../lib/gcc/nios2-elf/5.3.0/../../../../../H-x86_64-mingw32/nios2-elf/lib\libsmallc.a(lib_a-int_errno.o)
 .debug_aranges
                0x00000000000003c8       0x20 c:/intelfpga_lite/18.1/nios2eds/bin/gnu/h-x86_64-mingw32/bin/../lib/gcc/nios2-elf/5.3.0/../../../../../H-x86_64-mingw32/nios2-elf/lib\libsmallc.a(lib_a-memmove.o)
 .debug_aranges
                0x00000000000003e8       0x28 c:/intelfpga_lite/18.1/nios2eds/bin/gnu/h-x86_64-mingw32/bin/../lib/gcc/nios2-elf/5.3.0/../../../../../H-x86_64-mingw32/nios2-elf/lib\libsmallc.a(lib_a-putc.o)
 .debug_aranges
                0x0000000000000410       0x20 c:/intelfpga_lite/18.1/nios2eds/bin/gnu/h-x86_64-mingw32/bin/../lib/gcc/nios2-elf/5.3.0/../../../../../H-x86_64-mingw32/nios2-elf/lib\libsmallc.a(lib_a-writer.o)
 .debug_aranges
                0x0000000000000430       0x20 ../cam_small_bsp/\libhal_bsp.a(alt_fcntl.o)
 .debug_aranges
                0x0000000000000450       0x20 ../cam_small_bsp/\libhal_bsp.a(alt_getchar.o)
 .debug_aranges
                0x0000000000000470       0x20 ../cam_small_bsp/\libhal_bsp.a(alt_load.o)
 .debug_aranges
                0x0000000000000490       0x20 ../cam_small_bsp/\libhal_bsp.a(alt_main.o)
 .debug_aranges
                0x00000000000004b0       0x20 ../cam_small_bsp/\libhal_bsp.a(alt_printf.o)
 .debug_aranges
                0x00000000000004d0       0x20 ../cam_small_bsp/\libhal_bsp.a(alt_putchar.o)
 .debug_aranges
                0x00000000000004f0       0x20 ../cam_small_bsp/\libhal_bsp.a(alt_sbrk.o)
 .debug_aranges
                0x0000000000000510       0x20 ../cam_small_bsp/\libhal_bsp.a(alt_tick.o)
 .debug_aranges
                0x0000000000000530       0x20 ../cam_small_bsp/\libhal_bsp.a(alt_usleep.o)
 .debug_aranges
                0x0000000000000550       0x20 ../cam_small_bsp/\libhal_bsp.a(alt_write.o)
 .debug_aranges
                0x0000000000000570       0x20 ../cam_small_bsp/\libhal_bsp.a(alt_sys_init.o)
 .debug_aranges
                0x0000000000000590       0x20 ../cam_small_bsp/\libhal_bsp.a(altera_avalon_jtag_uart_read.o)
 .debug_aranges
                0x00000000000005b0       0x20 ../cam_small_bsp/\libhal_bsp.a(altera_avalon_jtag_uart_write.o)
 .debug_aranges
                0x00000000000005d0       0x20 ../cam_small_bsp/\libhal_bsp.a(alt_busy_sleep.o)
 .debug_aranges
                0x00000000000005f0       0x20 ../cam_small_bsp/\libhal_bsp.a(alt_dcache_flush_all.o)
 .debug_aranges
                0x0000000000000610       0x20 ../cam_small_bsp/\libhal_bsp.a(alt_dev.o)
 .debug_aranges
                0x0000000000000630       0x18 ../cam_small_bsp/\libhal_bsp.a(alt_errno.o)
 .debug_aranges
                0x0000000000000648       0x20 ../cam_small_bsp/\libhal_bsp.a(alt_icache_flush_all.o)
 .debug_aranges
                0x0000000000000668       0x20 ../cam_small_bsp/\libhal_bsp.a(altera_nios2_gen2_irq.o)
 .debug_aranges
                0x0000000000000688       0x20 ../cam_small_bsp/\libhal_bsp.a(alt_icache_flush.o)

.debug_pubnames
 *(.debug_pubnames)

.debug_info     0x0000000000000000     0xeb2f
 *(.debug_info .gnu.linkonce.wi.*)
 .debug_info    0x0000000000000000       0x79 ../cam_small_bsp//obj/HAL/src/crt0.o
 .debug_info    0x0000000000000079     0x1244 obj/default/I2C_core.o
 .debug_info    0x00000000000012bd      0x69a obj/default/auto.o
 .debug_info    0x0000000000001957      0x4ed obj/default/auto_focus.o
 .debug_info    0x0000000000001e44      0x49c obj/default/filters_buffers.o
 .debug_info    0x00000000000022e0      0x6c4 obj/default/input.o
 .debug_info    0x00000000000029a4      0x640 obj/default/main.o
 .debug_info    0x0000000000002fe4      0x508 obj/default/mipi_bridge_config.o
 .debug_info    0x00000000000034ec     0x109d obj/default/mipi_camera_config.o
 .debug_info    0x0000000000004589      0x8a0 obj/default/mipi_setup.o
 .debug_info    0x0000000000004e29      0x4fa obj/default/pipeline.o
 .debug_info    0x0000000000005323      0x56a obj/default/support.o
 .debug_info    0x000000000000588d      0x2c6 c:/intelfpga_lite/18.1/nios2eds/bin/gnu/h-x86_64-mingw32/bin/../lib/gcc/nios2-elf/5.3.0\libgcc.a(lib2-divmod.o)
 .debug_info    0x0000000000005b53      0x619 c:/intelfpga_lite/18.1/nios2eds/bin/gnu/h-x86_64-mingw32/bin/../lib/gcc/nios2-elf/5.3.0/../../../../../H-x86_64-mingw32/nios2-elf/lib\libsmallc.a(lib_a-malloc.o)
 .debug_info    0x000000000000616c      0x68c c:/intelfpga_lite/18.1/nios2eds/bin/gnu/h-x86_64-mingw32/bin/../lib/gcc/nios2-elf/5.3.0/../../../../../H-x86_64-mingw32/nios2-elf/lib\libsmallc.a(lib_a-nano-freer.o)
 .debug_info    0x00000000000067f8      0x752 c:/intelfpga_lite/18.1/nios2eds/bin/gnu/h-x86_64-mingw32/bin/../lib/gcc/nios2-elf/5.3.0/../../../../../H-x86_64-mingw32/nios2-elf/lib\libsmallc.a(lib_a-nano-mallocr.o)
 .debug_info    0x0000000000006f4a      0x699 c:/intelfpga_lite/18.1/nios2eds/bin/gnu/h-x86_64-mingw32/bin/../lib/gcc/nios2-elf/5.3.0/../../../../../H-x86_64-mingw32/nios2-elf/lib\libsmallc.a(lib_a-printf.o)
 .debug_info    0x00000000000075e3      0x62a c:/intelfpga_lite/18.1/nios2eds/bin/gnu/h-x86_64-mingw32/bin/../lib/gcc/nios2-elf/5.3.0/../../../../../H-x86_64-mingw32/nios2-elf/lib\libsmallc.a(lib_a-putchar.o)
 .debug_info    0x0000000000007c0d      0x66d c:/intelfpga_lite/18.1/nios2eds/bin/gnu/h-x86_64-mingw32/bin/../lib/gcc/nios2-elf/5.3.0/../../../../../H-x86_64-mingw32/nios2-elf/lib\libsmallc.a(lib_a-puts.o)
 .debug_info    0x000000000000827a      0x608 c:/intelfpga_lite/18.1/nios2eds/bin/gnu/h-x86_64-mingw32/bin/../lib/gcc/nios2-elf/5.3.0/../../../../../H-x86_64-mingw32/nios2-elf/lib\libsmallc.a(lib_a-sbrkr.o)
 .debug_info    0x0000000000008882      0x7d9 c:/intelfpga_lite/18.1/nios2eds/bin/gnu/h-x86_64-mingw32/bin/../lib/gcc/nios2-elf/5.3.0/../../../../../H-x86_64-mingw32/nios2-elf/lib\libsmallc.a(lib_a-sprintf.o)
 .debug_info    0x000000000000905b       0xc9 c:/intelfpga_lite/18.1/nios2eds/bin/gnu/h-x86_64-mingw32/bin/../lib/gcc/nios2-elf/5.3.0/../../../../../H-x86_64-mingw32/nios2-elf/lib\libsmallc.a(lib_a-strlen.o)
 .debug_info    0x0000000000009124      0xb2b c:/intelfpga_lite/18.1/nios2eds/bin/gnu/h-x86_64-mingw32/bin/../lib/gcc/nios2-elf/5.3.0/../../../../../H-x86_64-mingw32/nios2-elf/lib\libsmallc.a(lib_a-svfprintf.o)
 .debug_info    0x0000000000009c4f      0xb2b c:/intelfpga_lite/18.1/nios2eds/bin/gnu/h-x86_64-mingw32/bin/../lib/gcc/nios2-elf/5.3.0/../../../../../H-x86_64-mingw32/nios2-elf/lib\libsmallc.a(lib_a-vfprintf.o)
 .debug_info    0x000000000000a77a      0x62b c:/intelfpga_lite/18.1/nios2eds/bin/gnu/h-x86_64-mingw32/bin/../lib/gcc/nios2-elf/5.3.0/../../../../../H-x86_64-mingw32/nios2-elf/lib\libsmallc.a(lib_a-fvwrite_small_dev.o)
 .debug_info    0x000000000000ada5      0x700 c:/intelfpga_lite/18.1/nios2eds/bin/gnu/h-x86_64-mingw32/bin/../lib/gcc/nios2-elf/5.3.0/../../../../../H-x86_64-mingw32/nios2-elf/lib\libsmallc.a(lib_a-fvwrite_small_str.o)
 .debug_info    0x000000000000b4a5      0x5a9 c:/intelfpga_lite/18.1/nios2eds/bin/gnu/h-x86_64-mingw32/bin/../lib/gcc/nios2-elf/5.3.0/../../../../../H-x86_64-mingw32/nios2-elf/lib\libsmallc.a(lib_a-impure.o)
 .debug_info    0x000000000000ba4e       0x8a c:/intelfpga_lite/18.1/nios2eds/bin/gnu/h-x86_64-mingw32/bin/../lib/gcc/nios2-elf/5.3.0/../../../../../H-x86_64-mingw32/nios2-elf/lib\libsmallc.a(lib_a-int_errno.o)
 .debug_info    0x000000000000bad8      0x10b c:/intelfpga_lite/18.1/nios2eds/bin/gnu/h-x86_64-mingw32/bin/../lib/gcc/nios2-elf/5.3.0/../../../../../H-x86_64-mingw32/nios2-elf/lib\libsmallc.a(lib_a-memmove.o)
 .debug_info    0x000000000000bbe3      0x672 c:/intelfpga_lite/18.1/nios2eds/bin/gnu/h-x86_64-mingw32/bin/../lib/gcc/nios2-elf/5.3.0/../../../../../H-x86_64-mingw32/nios2-elf/lib\libsmallc.a(lib_a-putc.o)
 .debug_info    0x000000000000c255      0x630 c:/intelfpga_lite/18.1/nios2eds/bin/gnu/h-x86_64-mingw32/bin/../lib/gcc/nios2-elf/5.3.0/../../../../../H-x86_64-mingw32/nios2-elf/lib\libsmallc.a(lib_a-writer.o)
 .debug_info    0x000000000000c885      0x4e3 ../cam_small_bsp/\libhal_bsp.a(alt_fcntl.o)
 .debug_info    0x000000000000cd68      0x32d ../cam_small_bsp/\libhal_bsp.a(alt_getchar.o)
 .debug_info    0x000000000000d095      0x1c9 ../cam_small_bsp/\libhal_bsp.a(alt_load.o)
 .debug_info    0x000000000000d25e      0x169 ../cam_small_bsp/\libhal_bsp.a(alt_main.o)
 .debug_info    0x000000000000d3c7      0x14d ../cam_small_bsp/\libhal_bsp.a(alt_printf.o)
 .debug_info    0x000000000000d514      0x12a ../cam_small_bsp/\libhal_bsp.a(alt_putchar.o)
 .debug_info    0x000000000000d63e      0x1ae ../cam_small_bsp/\libhal_bsp.a(alt_sbrk.o)
 .debug_info    0x000000000000d7ec      0x2a9 ../cam_small_bsp/\libhal_bsp.a(alt_tick.o)
 .debug_info    0x000000000000da95       0xd1 ../cam_small_bsp/\libhal_bsp.a(alt_usleep.o)
 .debug_info    0x000000000000db66      0x1c7 ../cam_small_bsp/\libhal_bsp.a(alt_write.o)
 .debug_info    0x000000000000dd2d      0x1d2 ../cam_small_bsp/\libhal_bsp.a(alt_sys_init.o)
 .debug_info    0x000000000000deff      0x1b4 ../cam_small_bsp/\libhal_bsp.a(altera_avalon_jtag_uart_read.o)
 .debug_info    0x000000000000e0b3      0x197 ../cam_small_bsp/\libhal_bsp.a(altera_avalon_jtag_uart_write.o)
 .debug_info    0x000000000000e24a       0xd8 ../cam_small_bsp/\libhal_bsp.a(alt_busy_sleep.o)
 .debug_info    0x000000000000e322       0xa6 ../cam_small_bsp/\libhal_bsp.a(alt_dcache_flush_all.o)
 .debug_info    0x000000000000e3c8      0x499 ../cam_small_bsp/\libhal_bsp.a(alt_dev.o)
 .debug_info    0x000000000000e861       0xa6 ../cam_small_bsp/\libhal_bsp.a(alt_errno.o)
 .debug_info    0x000000000000e907       0xb8 ../cam_small_bsp/\libhal_bsp.a(alt_icache_flush_all.o)
 .debug_info    0x000000000000e9bf       0x92 ../cam_small_bsp/\libhal_bsp.a(altera_nios2_gen2_irq.o)
 .debug_info    0x000000000000ea51       0xde ../cam_small_bsp/\libhal_bsp.a(alt_icache_flush.o)

.debug_abbrev   0x0000000000000000     0x41d1
 *(.debug_abbrev)
 .debug_abbrev  0x0000000000000000       0x12 ../cam_small_bsp//obj/HAL/src/crt0.o
 .debug_abbrev  0x0000000000000012      0x299 obj/default/I2C_core.o
 .debug_abbrev  0x00000000000002ab      0x16e obj/default/auto.o
 .debug_abbrev  0x0000000000000419      0x171 obj/default/auto_focus.o
 .debug_abbrev  0x000000000000058a      0x158 obj/default/filters_buffers.o
 .debug_abbrev  0x00000000000006e2      0x1a0 obj/default/input.o
 .debug_abbrev  0x0000000000000882      0x14a obj/default/main.o
 .debug_abbrev  0x00000000000009cc      0x200 obj/default/mipi_bridge_config.o
 .debug_abbrev  0x0000000000000bcc      0x216 obj/default/mipi_camera_config.o
 .debug_abbrev  0x0000000000000de2      0x16f obj/default/mipi_setup.o
 .debug_abbrev  0x0000000000000f51      0x132 obj/default/pipeline.o
 .debug_abbrev  0x0000000000001083      0x21c obj/default/support.o
 .debug_abbrev  0x000000000000129f      0x10e c:/intelfpga_lite/18.1/nios2eds/bin/gnu/h-x86_64-mingw32/bin/../lib/gcc/nios2-elf/5.3.0\libgcc.a(lib2-divmod.o)
 .debug_abbrev  0x00000000000013ad      0x1af c:/intelfpga_lite/18.1/nios2eds/bin/gnu/h-x86_64-mingw32/bin/../lib/gcc/nios2-elf/5.3.0/../../../../../H-x86_64-mingw32/nios2-elf/lib\libsmallc.a(lib_a-malloc.o)
 .debug_abbrev  0x000000000000155c      0x1dd c:/intelfpga_lite/18.1/nios2eds/bin/gnu/h-x86_64-mingw32/bin/../lib/gcc/nios2-elf/5.3.0/../../../../../H-x86_64-mingw32/nios2-elf/lib\libsmallc.a(lib_a-nano-freer.o)
 .debug_abbrev  0x0000000000001739      0x269 c:/intelfpga_lite/18.1/nios2eds/bin/gnu/h-x86_64-mingw32/bin/../lib/gcc/nios2-elf/5.3.0/../../../../../H-x86_64-mingw32/nios2-elf/lib\libsmallc.a(lib_a-nano-mallocr.o)
 .debug_abbrev  0x00000000000019a2      0x1ee c:/intelfpga_lite/18.1/nios2eds/bin/gnu/h-x86_64-mingw32/bin/../lib/gcc/nios2-elf/5.3.0/../../../../../H-x86_64-mingw32/nios2-elf/lib\libsmallc.a(lib_a-printf.o)
 .debug_abbrev  0x0000000000001b90      0x1c0 c:/intelfpga_lite/18.1/nios2eds/bin/gnu/h-x86_64-mingw32/bin/../lib/gcc/nios2-elf/5.3.0/../../../../../H-x86_64-mingw32/nios2-elf/lib\libsmallc.a(lib_a-putchar.o)
 .debug_abbrev  0x0000000000001d50      0x1d6 c:/intelfpga_lite/18.1/nios2eds/bin/gnu/h-x86_64-mingw32/bin/../lib/gcc/nios2-elf/5.3.0/../../../../../H-x86_64-mingw32/nios2-elf/lib\libsmallc.a(lib_a-puts.o)
 .debug_abbrev  0x0000000000001f26      0x1c5 c:/intelfpga_lite/18.1/nios2eds/bin/gnu/h-x86_64-mingw32/bin/../lib/gcc/nios2-elf/5.3.0/../../../../../H-x86_64-mingw32/nios2-elf/lib\libsmallc.a(lib_a-sbrkr.o)
 .debug_abbrev  0x00000000000020eb      0x1d8 c:/intelfpga_lite/18.1/nios2eds/bin/gnu/h-x86_64-mingw32/bin/../lib/gcc/nios2-elf/5.3.0/../../../../../H-x86_64-mingw32/nios2-elf/lib\libsmallc.a(lib_a-sprintf.o)
 .debug_abbrev  0x00000000000022c3       0x7f c:/intelfpga_lite/18.1/nios2eds/bin/gnu/h-x86_64-mingw32/bin/../lib/gcc/nios2-elf/5.3.0/../../../../../H-x86_64-mingw32/nios2-elf/lib\libsmallc.a(lib_a-strlen.o)
 .debug_abbrev  0x0000000000002342      0x2a1 c:/intelfpga_lite/18.1/nios2eds/bin/gnu/h-x86_64-mingw32/bin/../lib/gcc/nios2-elf/5.3.0/../../../../../H-x86_64-mingw32/nios2-elf/lib\libsmallc.a(lib_a-svfprintf.o)
 .debug_abbrev  0x00000000000025e3      0x2a1 c:/intelfpga_lite/18.1/nios2eds/bin/gnu/h-x86_64-mingw32/bin/../lib/gcc/nios2-elf/5.3.0/../../../../../H-x86_64-mingw32/nios2-elf/lib\libsmallc.a(lib_a-vfprintf.o)
 .debug_abbrev  0x0000000000002884      0x1bc c:/intelfpga_lite/18.1/nios2eds/bin/gnu/h-x86_64-mingw32/bin/../lib/gcc/nios2-elf/5.3.0/../../../../../H-x86_64-mingw32/nios2-elf/lib\libsmallc.a(lib_a-fvwrite_small_dev.o)
 .debug_abbrev  0x0000000000002a40      0x1b5 c:/intelfpga_lite/18.1/nios2eds/bin/gnu/h-x86_64-mingw32/bin/../lib/gcc/nios2-elf/5.3.0/../../../../../H-x86_64-mingw32/nios2-elf/lib\libsmallc.a(lib_a-fvwrite_small_str.o)
 .debug_abbrev  0x0000000000002bf5      0x14a c:/intelfpga_lite/18.1/nios2eds/bin/gnu/h-x86_64-mingw32/bin/../lib/gcc/nios2-elf/5.3.0/../../../../../H-x86_64-mingw32/nios2-elf/lib\libsmallc.a(lib_a-impure.o)
 .debug_abbrev  0x0000000000002d3f       0x37 c:/intelfpga_lite/18.1/nios2eds/bin/gnu/h-x86_64-mingw32/bin/../lib/gcc/nios2-elf/5.3.0/../../../../../H-x86_64-mingw32/nios2-elf/lib\libsmallc.a(lib_a-int_errno.o)
 .debug_abbrev  0x0000000000002d76       0x8d c:/intelfpga_lite/18.1/nios2eds/bin/gnu/h-x86_64-mingw32/bin/../lib/gcc/nios2-elf/5.3.0/../../../../../H-x86_64-mingw32/nios2-elf/lib\libsmallc.a(lib_a-memmove.o)
 .debug_abbrev  0x0000000000002e03      0x1bd c:/intelfpga_lite/18.1/nios2eds/bin/gnu/h-x86_64-mingw32/bin/../lib/gcc/nios2-elf/5.3.0/../../../../../H-x86_64-mingw32/nios2-elf/lib\libsmallc.a(lib_a-putc.o)
 .debug_abbrev  0x0000000000002fc0      0x1a6 c:/intelfpga_lite/18.1/nios2eds/bin/gnu/h-x86_64-mingw32/bin/../lib/gcc/nios2-elf/5.3.0/../../../../../H-x86_64-mingw32/nios2-elf/lib\libsmallc.a(lib_a-writer.o)
 .debug_abbrev  0x0000000000003166      0x142 ../cam_small_bsp/\libhal_bsp.a(alt_fcntl.o)
 .debug_abbrev  0x00000000000032a8      0x11d ../cam_small_bsp/\libhal_bsp.a(alt_getchar.o)
 .debug_abbrev  0x00000000000033c5       0xd8 ../cam_small_bsp/\libhal_bsp.a(alt_load.o)
 .debug_abbrev  0x000000000000349d       0xee ../cam_small_bsp/\libhal_bsp.a(alt_main.o)
 .debug_abbrev  0x000000000000358b       0xd5 ../cam_small_bsp/\libhal_bsp.a(alt_printf.o)
 .debug_abbrev  0x0000000000003660       0xd2 ../cam_small_bsp/\libhal_bsp.a(alt_putchar.o)
 .debug_abbrev  0x0000000000003732      0x112 ../cam_small_bsp/\libhal_bsp.a(alt_sbrk.o)
 .debug_abbrev  0x0000000000003844      0x187 ../cam_small_bsp/\libhal_bsp.a(alt_tick.o)
 .debug_abbrev  0x00000000000039cb       0x8d ../cam_small_bsp/\libhal_bsp.a(alt_usleep.o)
 .debug_abbrev  0x0000000000003a58      0x12e ../cam_small_bsp/\libhal_bsp.a(alt_write.o)
 .debug_abbrev  0x0000000000003b86      0x10e ../cam_small_bsp/\libhal_bsp.a(alt_sys_init.o)
 .debug_abbrev  0x0000000000003c94      0x102 ../cam_small_bsp/\libhal_bsp.a(altera_avalon_jtag_uart_read.o)
 .debug_abbrev  0x0000000000003d96       0xd5 ../cam_small_bsp/\libhal_bsp.a(altera_avalon_jtag_uart_write.o)
 .debug_abbrev  0x0000000000003e6b       0x8d ../cam_small_bsp/\libhal_bsp.a(alt_busy_sleep.o)
 .debug_abbrev  0x0000000000003ef8       0x5a ../cam_small_bsp/\libhal_bsp.a(alt_dcache_flush_all.o)
 .debug_abbrev  0x0000000000003f52       0xd9 ../cam_small_bsp/\libhal_bsp.a(alt_dev.o)
 .debug_abbrev  0x000000000000402b       0x5a ../cam_small_bsp/\libhal_bsp.a(alt_errno.o)
 .debug_abbrev  0x0000000000004085       0x6f ../cam_small_bsp/\libhal_bsp.a(alt_icache_flush_all.o)
 .debug_abbrev  0x00000000000040f4       0x42 ../cam_small_bsp/\libhal_bsp.a(altera_nios2_gen2_irq.o)
 .debug_abbrev  0x0000000000004136       0x9b ../cam_small_bsp/\libhal_bsp.a(alt_icache_flush.o)

.debug_line     0x0000000000000000     0x4e30
 *(.debug_line)
 .debug_line    0x0000000000000000       0x72 ../cam_small_bsp//obj/HAL/src/crt0.o
 .debug_line    0x0000000000000072      0x3b4 obj/default/I2C_core.o
 .debug_line    0x0000000000000426       0xf8 obj/default/auto.o
 .debug_line    0x000000000000051e      0x23e obj/default/auto_focus.o
 .debug_line    0x000000000000075c      0x19a obj/default/filters_buffers.o
 .debug_line    0x00000000000008f6      0x28c obj/default/input.o
 .debug_line    0x0000000000000b82      0x2ba obj/default/main.o
 .debug_line    0x0000000000000e3c      0x205 obj/default/mipi_bridge_config.o
 .debug_line    0x0000000000001041      0x340 obj/default/mipi_camera_config.o
 .debug_line    0x0000000000001381      0x216 obj/default/mipi_setup.o
 .debug_line    0x0000000000001597      0x292 obj/default/pipeline.o
 .debug_line    0x0000000000001829      0x288 obj/default/support.o
 .debug_line    0x0000000000001ab1      0x102 c:/intelfpga_lite/18.1/nios2eds/bin/gnu/h-x86_64-mingw32/bin/../lib/gcc/nios2-elf/5.3.0\libgcc.a(lib2-divmod.o)
 .debug_line    0x0000000000001bb3      0x1e6 c:/intelfpga_lite/18.1/nios2eds/bin/gnu/h-x86_64-mingw32/bin/../lib/gcc/nios2-elf/5.3.0/../../../../../H-x86_64-mingw32/nios2-elf/lib\libsmallc.a(lib_a-malloc.o)
 .debug_line    0x0000000000001d99      0x19f c:/intelfpga_lite/18.1/nios2eds/bin/gnu/h-x86_64-mingw32/bin/../lib/gcc/nios2-elf/5.3.0/../../../../../H-x86_64-mingw32/nios2-elf/lib\libsmallc.a(lib_a-nano-freer.o)
 .debug_line    0x0000000000001f38      0x222 c:/intelfpga_lite/18.1/nios2eds/bin/gnu/h-x86_64-mingw32/bin/../lib/gcc/nios2-elf/5.3.0/../../../../../H-x86_64-mingw32/nios2-elf/lib\libsmallc.a(lib_a-nano-mallocr.o)
 .debug_line    0x000000000000215a      0x200 c:/intelfpga_lite/18.1/nios2eds/bin/gnu/h-x86_64-mingw32/bin/../lib/gcc/nios2-elf/5.3.0/../../../../../H-x86_64-mingw32/nios2-elf/lib\libsmallc.a(lib_a-printf.o)
 .debug_line    0x000000000000235a      0x1e6 c:/intelfpga_lite/18.1/nios2eds/bin/gnu/h-x86_64-mingw32/bin/../lib/gcc/nios2-elf/5.3.0/../../../../../H-x86_64-mingw32/nios2-elf/lib\libsmallc.a(lib_a-putchar.o)
 .debug_line    0x0000000000002540      0x203 c:/intelfpga_lite/18.1/nios2eds/bin/gnu/h-x86_64-mingw32/bin/../lib/gcc/nios2-elf/5.3.0/../../../../../H-x86_64-mingw32/nios2-elf/lib\libsmallc.a(lib_a-puts.o)
 .debug_line    0x0000000000002743      0x1dd c:/intelfpga_lite/18.1/nios2eds/bin/gnu/h-x86_64-mingw32/bin/../lib/gcc/nios2-elf/5.3.0/../../../../../H-x86_64-mingw32/nios2-elf/lib\libsmallc.a(lib_a-sbrkr.o)
 .debug_line    0x0000000000002920      0x20d c:/intelfpga_lite/18.1/nios2eds/bin/gnu/h-x86_64-mingw32/bin/../lib/gcc/nios2-elf/5.3.0/../../../../../H-x86_64-mingw32/nios2-elf/lib\libsmallc.a(lib_a-sprintf.o)
 .debug_line    0x0000000000002b2d      0x159 c:/intelfpga_lite/18.1/nios2eds/bin/gnu/h-x86_64-mingw32/bin/../lib/gcc/nios2-elf/5.3.0/../../../../../H-x86_64-mingw32/nios2-elf/lib\libsmallc.a(lib_a-strlen.o)
 .debug_line    0x0000000000002c86      0x34f c:/intelfpga_lite/18.1/nios2eds/bin/gnu/h-x86_64-mingw32/bin/../lib/gcc/nios2-elf/5.3.0/../../../../../H-x86_64-mingw32/nios2-elf/lib\libsmallc.a(lib_a-svfprintf.o)
 .debug_line    0x0000000000002fd5      0x34f c:/intelfpga_lite/18.1/nios2eds/bin/gnu/h-x86_64-mingw32/bin/../lib/gcc/nios2-elf/5.3.0/../../../../../H-x86_64-mingw32/nios2-elf/lib\libsmallc.a(lib_a-vfprintf.o)
 .debug_line    0x0000000000003324      0x1ed c:/intelfpga_lite/18.1/nios2eds/bin/gnu/h-x86_64-mingw32/bin/../lib/gcc/nios2-elf/5.3.0/../../../../../H-x86_64-mingw32/nios2-elf/lib\libsmallc.a(lib_a-fvwrite_small_dev.o)
 .debug_line    0x0000000000003511      0x1fb c:/intelfpga_lite/18.1/nios2eds/bin/gnu/h-x86_64-mingw32/bin/../lib/gcc/nios2-elf/5.3.0/../../../../../H-x86_64-mingw32/nios2-elf/lib\libsmallc.a(lib_a-fvwrite_small_str.o)
 .debug_line    0x000000000000370c      0x153 c:/intelfpga_lite/18.1/nios2eds/bin/gnu/h-x86_64-mingw32/bin/../lib/gcc/nios2-elf/5.3.0/../../../../../H-x86_64-mingw32/nios2-elf/lib\libsmallc.a(lib_a-impure.o)
 .debug_line    0x000000000000385f       0x5c c:/intelfpga_lite/18.1/nios2eds/bin/gnu/h-x86_64-mingw32/bin/../lib/gcc/nios2-elf/5.3.0/../../../../../H-x86_64-mingw32/nios2-elf/lib\libsmallc.a(lib_a-int_errno.o)
 .debug_line    0x00000000000038bb      0x168 c:/intelfpga_lite/18.1/nios2eds/bin/gnu/h-x86_64-mingw32/bin/../lib/gcc/nios2-elf/5.3.0/../../../../../H-x86_64-mingw32/nios2-elf/lib\libsmallc.a(lib_a-memmove.o)
 .debug_line    0x0000000000003a23      0x1ff c:/intelfpga_lite/18.1/nios2eds/bin/gnu/h-x86_64-mingw32/bin/../lib/gcc/nios2-elf/5.3.0/../../../../../H-x86_64-mingw32/nios2-elf/lib\libsmallc.a(lib_a-putc.o)
 .debug_line    0x0000000000003c22      0x1ea c:/intelfpga_lite/18.1/nios2eds/bin/gnu/h-x86_64-mingw32/bin/../lib/gcc/nios2-elf/5.3.0/../../../../../H-x86_64-mingw32/nios2-elf/lib\libsmallc.a(lib_a-writer.o)
 .debug_line    0x0000000000003e0c      0x1ca ../cam_small_bsp/\libhal_bsp.a(alt_fcntl.o)
 .debug_line    0x0000000000003fd6       0xb7 ../cam_small_bsp/\libhal_bsp.a(alt_getchar.o)
 .debug_line    0x000000000000408d       0xa4 ../cam_small_bsp/\libhal_bsp.a(alt_load.o)
 .debug_line    0x0000000000004131       0xbd ../cam_small_bsp/\libhal_bsp.a(alt_main.o)
 .debug_line    0x00000000000041ee      0x112 ../cam_small_bsp/\libhal_bsp.a(alt_printf.o)
 .debug_line    0x0000000000004300       0x55 ../cam_small_bsp/\libhal_bsp.a(alt_putchar.o)
 .debug_line    0x0000000000004355       0xf2 ../cam_small_bsp/\libhal_bsp.a(alt_sbrk.o)
 .debug_line    0x0000000000004447      0x104 ../cam_small_bsp/\libhal_bsp.a(alt_tick.o)
 .debug_line    0x000000000000454b       0xcf ../cam_small_bsp/\libhal_bsp.a(alt_usleep.o)
 .debug_line    0x000000000000461a      0x16a ../cam_small_bsp/\libhal_bsp.a(alt_write.o)
 .debug_line    0x0000000000004784      0x132 ../cam_small_bsp/\libhal_bsp.a(alt_sys_init.o)
 .debug_line    0x00000000000048b6       0xfb ../cam_small_bsp/\libhal_bsp.a(altera_avalon_jtag_uart_read.o)
 .debug_line    0x00000000000049b1       0xf0 ../cam_small_bsp/\libhal_bsp.a(altera_avalon_jtag_uart_write.o)
 .debug_line    0x0000000000004aa1       0xb3 ../cam_small_bsp/\libhal_bsp.a(alt_busy_sleep.o)
 .debug_line    0x0000000000004b54       0x5a ../cam_small_bsp/\libhal_bsp.a(alt_dcache_flush_all.o)
 .debug_line    0x0000000000004bae       0xf6 ../cam_small_bsp/\libhal_bsp.a(alt_dev.o)
 .debug_line    0x0000000000004ca4       0x51 ../cam_small_bsp/\libhal_bsp.a(alt_errno.o)
 .debug_line    0x0000000000004cf5       0x6e ../cam_small_bsp/\libhal_bsp.a(alt_icache_flush_all.o)
 .debug_line    0x0000000000004d63       0x50 ../cam_small_bsp/\libhal_bsp.a(altera_nios2_gen2_irq.o)
 .debug_line    0x0000000000004db3       0x7d ../cam_small_bsp/\libhal_bsp.a(alt_icache_flush.o)

.debug_frame    0x0000000000000000     0x11fc
 *(.debug_frame)
 .debug_frame   0x0000000000000000      0x214 obj/default/I2C_core.o
 .debug_frame   0x0000000000000214       0x78 obj/default/auto.o
 .debug_frame   0x000000000000028c       0x7c obj/default/auto_focus.o
 .debug_frame   0x0000000000000308      0x120 obj/default/filters_buffers.o
 .debug_frame   0x0000000000000428       0xb0 obj/default/input.o
 .debug_frame   0x00000000000004d8       0x58 obj/default/main.o
 .debug_frame   0x0000000000000530       0x9c obj/default/mipi_bridge_config.o
 .debug_frame   0x00000000000005cc      0x224 obj/default/mipi_camera_config.o
 .debug_frame   0x00000000000007f0       0x9c obj/default/mipi_setup.o
 .debug_frame   0x000000000000088c       0x80 obj/default/pipeline.o
 .debug_frame   0x000000000000090c      0x114 obj/default/support.o
 .debug_frame   0x0000000000000a20       0x50 c:/intelfpga_lite/18.1/nios2eds/bin/gnu/h-x86_64-mingw32/bin/../lib/gcc/nios2-elf/5.3.0\libgcc.a(lib2-divmod.o)
 .debug_frame   0x0000000000000a70       0x30 c:/intelfpga_lite/18.1/nios2eds/bin/gnu/h-x86_64-mingw32/bin/../lib/gcc/nios2-elf/5.3.0/../../../../../H-x86_64-mingw32/nios2-elf/lib\libsmallc.a(lib_a-malloc.o)
 .debug_frame   0x0000000000000aa0       0x20 c:/intelfpga_lite/18.1/nios2eds/bin/gnu/h-x86_64-mingw32/bin/../lib/gcc/nios2-elf/5.3.0/../../../../../H-x86_64-mingw32/nios2-elf/lib\libsmallc.a(lib_a-nano-freer.o)
 .debug_frame   0x0000000000000ac0       0x40 c:/intelfpga_lite/18.1/nios2eds/bin/gnu/h-x86_64-mingw32/bin/../lib/gcc/nios2-elf/5.3.0/../../../../../H-x86_64-mingw32/nios2-elf/lib\libsmallc.a(lib_a-nano-mallocr.o)
 .debug_frame   0x0000000000000b00       0x48 c:/intelfpga_lite/18.1/nios2eds/bin/gnu/h-x86_64-mingw32/bin/../lib/gcc/nios2-elf/5.3.0/../../../../../H-x86_64-mingw32/nios2-elf/lib\libsmallc.a(lib_a-printf.o)
 .debug_frame   0x0000000000000b48       0x30 c:/intelfpga_lite/18.1/nios2eds/bin/gnu/h-x86_64-mingw32/bin/../lib/gcc/nios2-elf/5.3.0/../../../../../H-x86_64-mingw32/nios2-elf/lib\libsmallc.a(lib_a-putchar.o)
 .debug_frame   0x0000000000000b78       0x48 c:/intelfpga_lite/18.1/nios2eds/bin/gnu/h-x86_64-mingw32/bin/../lib/gcc/nios2-elf/5.3.0/../../../../../H-x86_64-mingw32/nios2-elf/lib\libsmallc.a(lib_a-puts.o)
 .debug_frame   0x0000000000000bc0       0x38 c:/intelfpga_lite/18.1/nios2eds/bin/gnu/h-x86_64-mingw32/bin/../lib/gcc/nios2-elf/5.3.0/../../../../../H-x86_64-mingw32/nios2-elf/lib\libsmallc.a(lib_a-sbrkr.o)
 .debug_frame   0x0000000000000bf8       0x48 c:/intelfpga_lite/18.1/nios2eds/bin/gnu/h-x86_64-mingw32/bin/../lib/gcc/nios2-elf/5.3.0/../../../../../H-x86_64-mingw32/nios2-elf/lib\libsmallc.a(lib_a-sprintf.o)
 .debug_frame   0x0000000000000c40       0x20 c:/intelfpga_lite/18.1/nios2eds/bin/gnu/h-x86_64-mingw32/bin/../lib/gcc/nios2-elf/5.3.0/../../../../../H-x86_64-mingw32/nios2-elf/lib\libsmallc.a(lib_a-strlen.o)
 .debug_frame   0x0000000000000c60       0x8c c:/intelfpga_lite/18.1/nios2eds/bin/gnu/h-x86_64-mingw32/bin/../lib/gcc/nios2-elf/5.3.0/../../../../../H-x86_64-mingw32/nios2-elf/lib\libsmallc.a(lib_a-svfprintf.o)
 .debug_frame   0x0000000000000cec       0x8c c:/intelfpga_lite/18.1/nios2eds/bin/gnu/h-x86_64-mingw32/bin/../lib/gcc/nios2-elf/5.3.0/../../../../../H-x86_64-mingw32/nios2-elf/lib\libsmallc.a(lib_a-vfprintf.o)
 .debug_frame   0x0000000000000d78       0x58 c:/intelfpga_lite/18.1/nios2eds/bin/gnu/h-x86_64-mingw32/bin/../lib/gcc/nios2-elf/5.3.0/../../../../../H-x86_64-mingw32/nios2-elf/lib\libsmallc.a(lib_a-fvwrite_small_dev.o)
 .debug_frame   0x0000000000000dd0       0x44 c:/intelfpga_lite/18.1/nios2eds/bin/gnu/h-x86_64-mingw32/bin/../lib/gcc/nios2-elf/5.3.0/../../../../../H-x86_64-mingw32/nios2-elf/lib\libsmallc.a(lib_a-fvwrite_small_str.o)
 .debug_frame   0x0000000000000e14       0x20 c:/intelfpga_lite/18.1/nios2eds/bin/gnu/h-x86_64-mingw32/bin/../lib/gcc/nios2-elf/5.3.0/../../../../../H-x86_64-mingw32/nios2-elf/lib\libsmallc.a(lib_a-memmove.o)
 .debug_frame   0x0000000000000e34       0x50 c:/intelfpga_lite/18.1/nios2eds/bin/gnu/h-x86_64-mingw32/bin/../lib/gcc/nios2-elf/5.3.0/../../../../../H-x86_64-mingw32/nios2-elf/lib\libsmallc.a(lib_a-putc.o)
 .debug_frame   0x0000000000000e84       0x38 c:/intelfpga_lite/18.1/nios2eds/bin/gnu/h-x86_64-mingw32/bin/../lib/gcc/nios2-elf/5.3.0/../../../../../H-x86_64-mingw32/nios2-elf/lib\libsmallc.a(lib_a-writer.o)
 .debug_frame   0x0000000000000ebc       0x2c ../cam_small_bsp/\libhal_bsp.a(alt_fcntl.o)
 .debug_frame   0x0000000000000ee8       0x2c ../cam_small_bsp/\libhal_bsp.a(alt_getchar.o)
 .debug_frame   0x0000000000000f14       0x30 ../cam_small_bsp/\libhal_bsp.a(alt_load.o)
 .debug_frame   0x0000000000000f44       0x2c ../cam_small_bsp/\libhal_bsp.a(alt_main.o)
 .debug_frame   0x0000000000000f70       0x54 ../cam_small_bsp/\libhal_bsp.a(alt_printf.o)
 .debug_frame   0x0000000000000fc4       0x30 ../cam_small_bsp/\libhal_bsp.a(alt_putchar.o)
 .debug_frame   0x0000000000000ff4       0x20 ../cam_small_bsp/\libhal_bsp.a(alt_sbrk.o)
 .debug_frame   0x0000000000001014       0x50 ../cam_small_bsp/\libhal_bsp.a(alt_tick.o)
 .debug_frame   0x0000000000001064       0x20 ../cam_small_bsp/\libhal_bsp.a(alt_usleep.o)
 .debug_frame   0x0000000000001084       0x2c ../cam_small_bsp/\libhal_bsp.a(alt_write.o)
 .debug_frame   0x00000000000010b0       0x3c ../cam_small_bsp/\libhal_bsp.a(alt_sys_init.o)
 .debug_frame   0x00000000000010ec       0x20 ../cam_small_bsp/\libhal_bsp.a(altera_avalon_jtag_uart_read.o)
 .debug_frame   0x000000000000110c       0x20 ../cam_small_bsp/\libhal_bsp.a(altera_avalon_jtag_uart_write.o)
 .debug_frame   0x000000000000112c       0x30 ../cam_small_bsp/\libhal_bsp.a(alt_busy_sleep.o)
 .debug_frame   0x000000000000115c       0x20 ../cam_small_bsp/\libhal_bsp.a(alt_dcache_flush_all.o)
 .debug_frame   0x000000000000117c       0x20 ../cam_small_bsp/\libhal_bsp.a(alt_dev.o)
 .debug_frame   0x000000000000119c       0x20 ../cam_small_bsp/\libhal_bsp.a(alt_icache_flush_all.o)
 .debug_frame   0x00000000000011bc       0x20 ../cam_small_bsp/\libhal_bsp.a(altera_nios2_gen2_irq.o)
 .debug_frame   0x00000000000011dc       0x20 ../cam_small_bsp/\libhal_bsp.a(alt_icache_flush.o)

.debug_str      0x0000000000000000     0x1f5e
 *(.debug_str)
 .debug_str     0x0000000000000000      0x3fc obj/default/I2C_core.o
                                        0x45d (size before relaxing)
 .debug_str     0x00000000000003fc       0xb3 obj/default/auto.o
                                        0x2b2 (size before relaxing)
 .debug_str     0x00000000000004af       0xb5 obj/default/auto_focus.o
                                        0x35d (size before relaxing)
 .debug_str     0x0000000000000564       0xa6 obj/default/filters_buffers.o
                                        0x1f8 (size before relaxing)
 .debug_str     0x000000000000060a       0x88 obj/default/input.o
                                        0x393 (size before relaxing)
 .debug_str     0x0000000000000692       0xae obj/default/main.o
                                        0x3da (size before relaxing)
 .debug_str     0x0000000000000740       0x79 obj/default/mipi_bridge_config.o
                                        0x347 (size before relaxing)
 .debug_str     0x00000000000007b9       0xeb obj/default/mipi_camera_config.o
                                        0x493 (size before relaxing)
 .debug_str     0x00000000000008a4       0x5b obj/default/mipi_setup.o
                                        0x387 (size before relaxing)
 .debug_str     0x00000000000008ff       0x4e obj/default/pipeline.o
                                        0x31d (size before relaxing)
 .debug_str     0x000000000000094d       0x65 obj/default/support.o
                                        0x35b (size before relaxing)
 .debug_str     0x00000000000009b2      0x16d c:/intelfpga_lite/18.1/nios2eds/bin/gnu/h-x86_64-mingw32/bin/../lib/gcc/nios2-elf/5.3.0\libgcc.a(lib2-divmod.o)
                                        0x1b8 (size before relaxing)
 .debug_str     0x0000000000000b1f      0x3da c:/intelfpga_lite/18.1/nios2eds/bin/gnu/h-x86_64-mingw32/bin/../lib/gcc/nios2-elf/5.3.0/../../../../../H-x86_64-mingw32/nios2-elf/lib\libsmallc.a(lib_a-malloc.o)
                                        0x4b8 (size before relaxing)
 .debug_str     0x0000000000000ef9       0x9c c:/intelfpga_lite/18.1/nios2eds/bin/gnu/h-x86_64-mingw32/bin/../lib/gcc/nios2-elf/5.3.0/../../../../../H-x86_64-mingw32/nios2-elf/lib\libsmallc.a(lib_a-nano-freer.o)
                                        0x4fc (size before relaxing)
 .debug_str     0x0000000000000f95       0x4d c:/intelfpga_lite/18.1/nios2eds/bin/gnu/h-x86_64-mingw32/bin/../lib/gcc/nios2-elf/5.3.0/../../../../../H-x86_64-mingw32/nios2-elf/lib\libsmallc.a(lib_a-nano-mallocr.o)
                                        0x527 (size before relaxing)
 .debug_str     0x0000000000000fe2      0x118 c:/intelfpga_lite/18.1/nios2eds/bin/gnu/h-x86_64-mingw32/bin/../lib/gcc/nios2-elf/5.3.0/../../../../../H-x86_64-mingw32/nios2-elf/lib\libsmallc.a(lib_a-printf.o)
                                        0x4ea (size before relaxing)
 .debug_str     0x00000000000010fa       0x4d c:/intelfpga_lite/18.1/nios2eds/bin/gnu/h-x86_64-mingw32/bin/../lib/gcc/nios2-elf/5.3.0/../../../../../H-x86_64-mingw32/nios2-elf/lib\libsmallc.a(lib_a-putchar.o)
                                        0x4a7 (size before relaxing)
 .debug_str     0x0000000000001147       0x5b c:/intelfpga_lite/18.1/nios2eds/bin/gnu/h-x86_64-mingw32/bin/../lib/gcc/nios2-elf/5.3.0/../../../../../H-x86_64-mingw32/nios2-elf/lib\libsmallc.a(lib_a-puts.o)
                                        0x4b3 (size before relaxing)
 .debug_str     0x00000000000011a2       0xd5 c:/intelfpga_lite/18.1/nios2eds/bin/gnu/h-x86_64-mingw32/bin/../lib/gcc/nios2-elf/5.3.0/../../../../../H-x86_64-mingw32/nios2-elf/lib\libsmallc.a(lib_a-sbrkr.o)
                                        0x49a (size before relaxing)
 .debug_str     0x0000000000001277       0x81 c:/intelfpga_lite/18.1/nios2eds/bin/gnu/h-x86_64-mingw32/bin/../lib/gcc/nios2-elf/5.3.0/../../../../../H-x86_64-mingw32/nios2-elf/lib\libsmallc.a(lib_a-sprintf.o)
                                        0x50f (size before relaxing)
 .debug_str     0x00000000000012f8       0xc4 c:/intelfpga_lite/18.1/nios2eds/bin/gnu/h-x86_64-mingw32/bin/../lib/gcc/nios2-elf/5.3.0/../../../../../H-x86_64-mingw32/nios2-elf/lib\libsmallc.a(lib_a-strlen.o)
                                        0x1cb (size before relaxing)
 .debug_str     0x00000000000013bc      0x204 c:/intelfpga_lite/18.1/nios2eds/bin/gnu/h-x86_64-mingw32/bin/../lib/gcc/nios2-elf/5.3.0/../../../../../H-x86_64-mingw32/nios2-elf/lib\libsmallc.a(lib_a-svfprintf.o)
                                        0x66d (size before relaxing)
 .debug_str     0x00000000000015c0      0x665 c:/intelfpga_lite/18.1/nios2eds/bin/gnu/h-x86_64-mingw32/bin/../lib/gcc/nios2-elf/5.3.0/../../../../../H-x86_64-mingw32/nios2-elf/lib\libsmallc.a(lib_a-vfprintf.o)