Archive member included to satisfy reference by file (symbol)

c:/intelfpga_lite/18.1/nios2eds/bin/gnu/h-x86_64-mingw32/bin/../lib/gcc/nios2-elf/5.3.0\libgcc.a(lib2-divmod.o)
                              obj/default/I2C_core.o (__divsi3)
c:/intelfpga_lite/18.1/nios2eds/bin/gnu/h-x86_64-mingw32/bin/../lib/gcc/nios2-elf/5.3.0/../../../../../H-x86_64-mingw32/nios2-elf/lib\libsmallc.a(lib_a-malloc.o)
                              obj/default/support.o (malloc)
c:/intelfpga_lite/18.1/nios2eds/bin/gnu/h-x86_64-mingw32/bin/../lib/gcc/nios2-elf/5.3.0/../../../../../H-x86_64-mingw32/nios2-elf/lib\libsmallc.a(lib_a-nano-freer.o)
                              c:/intelfpga_lite/18.1/nios2eds/bin/gnu/h-x86_64-mingw32/bin/../lib/gcc/nios2-elf/5.3.0/../../../../../H-x86_64-mingw32/nios2-elf/lib\libsmallc.a(lib_a-malloc.o) (_free_r)
c:/intelfpga_lite/18.1/nios2eds/bin/gnu/h-x86_64-mingw32/bin/../lib/gcc/nios2-elf/5.3.0/../../../../../H-x86_64-mingw32/nios2-elf/lib\libsmallc.a(lib_a-nano-mallocr.o)
                              c:/intelfpga_lite/18.1/nios2eds/bin/gnu/h-x86_64-mingw32/bin/../lib/gcc/nios2-elf/5.3.0/../../../../../H-x86_64-mingw32/nios2-elf/lib\libsmallc.a(lib_a-malloc.o) (_malloc_r)
c:/intelfpga_lite/18.1/nios2eds/bin/gnu/h-x86_64-mingw32/bin/../lib/gcc/nios2-elf/5.3.0/../../../../../H-x86_64-mingw32/nios2-elf/lib\libsmallc.a(lib_a-printf.o)
                              obj/default/auto.o (printf)
c:/intelfpga_lite/18.1/nios2eds/bin/gnu/h-x86_64-mingw32/bin/../lib/gcc/nios2-elf/5.3.0/../../../../../H-x86_64-mingw32/nios2-elf/lib\libsmallc.a(lib_a-putchar.o)
                              obj/default/main.o (putchar)
c:/intelfpga_lite/18.1/nios2eds/bin/gnu/h-x86_64-mingw32/bin/../lib/gcc/nios2-elf/5.3.0/../../../../../H-x86_64-mingw32/nios2-elf/lib\libsmallc.a(lib_a-puts.o)
                              obj/default/I2C_core.o (puts)
c:/intelfpga_lite/18.1/nios2eds/bin/gnu/h-x86_64-mingw32/bin/../lib/gcc/nios2-elf/5.3.0/../../../../../H-x86_64-mingw32/nios2-elf/lib\libsmallc.a(lib_a-sbrkr.o)
                              c:/intelfpga_lite/18.1/nios2eds/bin/gnu/h-x86_64-mingw32/bin/../lib/gcc/nios2-elf/5.3.0/../../../../../H-x86_64-mingw32/nios2-elf/lib\libsmallc.a(lib_a-nano-mallocr.o) (_sbrk_r)
c:/intelfpga_lite/18.1/nios2eds/bin/gnu/h-x86_64-mingw32/bin/../lib/gcc/nios2-elf/5.3.0/../../../../../H-x86_64-mingw32/nios2-elf/lib\libsmallc.a(lib_a-sprintf.o)
                              obj/default/support.o (sprintf)
c:/intelfpga_lite/18.1/nios2eds/bin/gnu/h-x86_64-mingw32/bin/../lib/gcc/nios2-elf/5.3.0/../../../../../H-x86_64-mingw32/nios2-elf/lib\libsmallc.a(lib_a-strlen.o)
                              c:/intelfpga_lite/18.1/nios2eds/bin/gnu/h-x86_64-mingw32/bin/../lib/gcc/nios2-elf/5.3.0/../../../../../H-x86_64-mingw32/nios2-elf/lib\libsmallc.a(lib_a-puts.o) (strlen)
c:/intelfpga_lite/18.1/nios2eds/bin/gnu/h-x86_64-mingw32/bin/../lib/gcc/nios2-elf/5.3.0/../../../../../H-x86_64-mingw32/nios2-elf/lib\libsmallc.a(lib_a-svfprintf.o)
                              c:/intelfpga_lite/18.1/nios2eds/bin/gnu/h-x86_64-mingw32/bin/../lib/gcc/nios2-elf/5.3.0/../../../../../H-x86_64-mingw32/nios2-elf/lib\libsmallc.a(lib_a-sprintf.o) (___svfprintf_internal_r)
c:/intelfpga_lite/18.1/nios2eds/bin/gnu/h-x86_64-mingw32/bin/../lib/gcc/nios2-elf/5.3.0/../../../../../H-x86_64-mingw32/nios2-elf/lib\libsmallc.a(lib_a-vfprintf.o)
                              c:/intelfpga_lite/18.1/nios2eds/bin/gnu/h-x86_64-mingw32/bin/../lib/gcc/nios2-elf/5.3.0/../../../../../H-x86_64-mingw32/nios2-elf/lib\libsmallc.a(lib_a-printf.o) (___vfprintf_internal_r)
c:/intelfpga_lite/18.1/nios2eds/bin/gnu/h-x86_64-mingw32/bin/../lib/gcc/nios2-elf/5.3.0/../../../../../H-x86_64-mingw32/nios2-elf/lib\libsmallc.a(lib_a-fvwrite_small_dev.o)
                              c:/intelfpga_lite/18.1/nios2eds/bin/gnu/h-x86_64-mingw32/bin/../lib/gcc/nios2-elf/5.3.0/../../../../../H-x86_64-mingw32/nios2-elf/lib\libsmallc.a(lib_a-printf.o) (__sfvwrite_small_dev)
c:/intelfpga_lite/18.1/nios2eds/bin/gnu/h-x86_64-mingw32/bin/../lib/gcc/nios2-elf/5.3.0/../../../../../H-x86_64-mingw32/nios2-elf/lib\libsmallc.a(lib_a-fvwrite_small_str.o)
                              c:/intelfpga_lite/18.1/nios2eds/bin/gnu/h-x86_64-mingw32/bin/../lib/gcc/nios2-elf/5.3.0/../../../../../H-x86_64-mingw32/nios2-elf/lib\libsmallc.a(lib_a-sprintf.o) (__sfvwrite_small_str)
c:/intelfpga_lite/18.1/nios2eds/bin/gnu/h-x86_64-mingw32/bin/../lib/gcc/nios2-elf/5.3.0/../../../../../H-x86_64-mingw32/nios2-elf/lib\libsmallc.a(lib_a-impure.o)
                              c:/intelfpga_lite/18.1/nios2eds/bin/gnu/h-x86_64-mingw32/bin/../lib/gcc/nios2-elf/5.3.0/../../../../../H-x86_64-mingw32/nios2-elf/lib\libsmallc.a(lib_a-malloc.o) (_impure_ptr)
c:/intelfpga_lite/18.1/nios2eds/bin/gnu/h-x86_64-mingw32/bin/../lib/gcc/nios2-elf/5.3.0/../../../../../H-x86_64-mingw32/nios2-elf/lib\libsmallc.a(lib_a-int_errno.o)
[...]
Memory Configuration

Name             Origin             Length             Attributes
reset            0x0000000000020000 0x0000000000000020
onchip_memory2_0 0x0000000000020020 0x000000000000ea40
*default*        0x0000000000000000 0xffffffffffffffff

Linker script and memory map

LOAD ../cam_small_bsp//obj/HAL/src/crt0.o
LOAD obj/default/I2C_core.o
LOAD obj/default/auto.o
LOAD obj/default/auto_focus.o
LOAD obj/default/filters_buffers.o
LOAD obj/default/input.o
LOAD obj/default/main.o
LOAD obj/default/mipi_bridge_config.o
LOAD obj/default/mipi_camera_config.o
LOAD obj/default/mipi_setup.o
LOAD obj/default/support.o
LOAD c:/intelfpga_lite/18.1/nios2eds/bin/gnu/h-x86_64-mingw32/bin/../lib/gcc/nios2-elf/5.3.0/../../../../../H-x86_64-mingw32/nios2-elf/lib\libstdc++.a
LOAD c:/intelfpga_lite/18.1/nios2eds/bin/gnu/h-x86_64-mingw32/bin/../lib/gcc/nios2-elf/5.3.0/../../../../../H-x86_64-mingw32/nios2-elf/lib\libm.a
LOAD c:/intelfpga_lite/18.1/nios2eds/bin/gnu/h-x86_64-mingw32/bin/../lib/gcc/nios2-elf/5.3.0\libgcc.a
START GROUP
LOAD c:/intelfpga_lite/18.1/nios2eds/bin/gnu/h-x86_64-mingw32/bin/../lib/gcc/nios2-elf/5.3.0/../../../../../H-x86_64-mingw32/nios2-elf/lib\libsmallc.a
LOAD c:/intelfpga_lite/18.1/nios2eds/bin/gnu/h-x86_64-mingw32/bin/../lib/gcc/nios2-elf/5.3.0\libgcc.a
LOAD ../cam_small_bsp/\libhal_bsp.a
LOAD c:/intelfpga_lite/18.1/nios2eds/bin/gnu/h-x86_64-mingw32/bin/../lib/gcc/nios2-elf/5.3.0/../../../../../H-x86_64-mingw32/nios2-elf/lib\libm.a
END GROUP
LOAD c:/intelfpga_lite/18.1/nios2eds/bin/gnu/h-x86_64-mingw32/bin/../lib/gcc/nios2-elf/5.3.0\libgcc.a
                0x0000000000020000                __alt_mem_onchip_memory2_0 = 0x20000

.entry          0x0000000000020000       0x20
 *(.entry)
 .entry         0x0000000000020000       0x20 ../cam_small_bsp//obj/HAL/src/crt0.o
                0x0000000000020000                __reset
                0x000000000002001c                _exit

.exceptions     0x0000000000020020        0x0
                0x0000000000020020                PROVIDE (__ram_exceptions_start, ABSOLUTE (.))
                0x0000000000020020                . = ALIGN (0x20)
 *(.irq)
 *(.exceptions.entry.label)
 *(.exceptions.entry.user)
 *(.exceptions.entry.ecc_fatal)
 *(.exceptions.entry)
 *(.exceptions.irqtest.user)
 *(.exceptions.irqtest)
 *(.exceptions.irqhandler.user)
 *(.exceptions.irqhandler)
 *(.exceptions.irqreturn.user)
 *(.exceptions.irqreturn)
 *(.exceptions.notirq.label)
 *(.exceptions.notirq.user)
 *(.exceptions.notirq)
 *(.exceptions.soft.user)
 *(.exceptions.soft)
 *(.exceptions.unknown.user)
 *(.exceptions.unknown)
 *(.exceptions.exit.label)
 *(.exceptions.exit.user)
 *(.exceptions.exit)
 *(.exceptions)
                0x0000000000020020                PROVIDE (__ram_exceptions_end, ABSOLUTE (.))
                0x0000000000020020                PROVIDE (__flash_exceptions_start, LOADADDR (.exceptions))

.text           0x0000000000020020     0x48d4
                [!provide]                        PROVIDE (stext, ABSOLUTE (.))
 *(.interp)
 *(.hash)
 *(.dynsym)
 *(.dynstr)
 *(.gnu.version)
 *(.gnu.version_d)
 *(.gnu.version_r)
 *(.rel.init)
 *(.rela.init)
 *(.rel.text .rel.text.* .rel.gnu.linkonce.t.*)
 *(.rela.text .rela.text.* .rela.gnu.linkonce.t.*)
 *(.rel.fini)
 *(.rela.fini)
 *(.rel.rodata .rel.rodata.* .rel.gnu.linkonce.r.*)
 *(.rela.rodata .rela.rodata.* .rela.gnu.linkonce.r.*)
 *(.rel.data .rel.data.* .rel.gnu.linkonce.d.*)
 *(.rela.data .rela.data.* .rela.gnu.linkonce.d.*)
 *(.rel.tdata .rel.tdata.* .rel.gnu.linkonce.td.*)
 *(.rela.tdata .rela.tdata.* .rela.gnu.linkonce.td.*)
 *(.rel.tbss .rel.tbss.* .rel.gnu.linkonce.tb.*)
 *(.rela.tbss .rela.tbss.* .rela.gnu.linkonce.tb.*)
 *(.rel.ctors)
 *(.rela.ctors)
 *(.rel.dtors)
 *(.rela.dtors)
 *(.rel.got)
 *(.rela.got)
 *(.rel.sdata .rel.sdata.* .rel.gnu.linkonce.s.*)
 *(.rela.sdata .rela.sdata.* .rela.gnu.linkonce.s.*)
 *(.rel.sbss .rel.sbss.* .rel.gnu.linkonce.sb.*)
 *(.rela.sbss .rela.sbss.* .rela.gnu.linkonce.sb.*)
 *(.rel.sdata2 .rel.sdata2.* .rel.gnu.linkonce.s2.*)
 *(.rela.sdata2 .rela.sdata2.* .rela.gnu.linkonce.s2.*)
 *(.rel.sbss2 .rel.sbss2.* .rel.gnu.linkonce.sb2.*)
 *(.rela.sbss2 .rela.sbss2.* .rela.gnu.linkonce.sb2.*)
 *(.rel.bss .rel.bss.* .rel.gnu.linkonce.b.*)
 *(.rela.bss .rela.bss.* .rela.gnu.linkonce.b.*)
 *(.rel.plt)
 *(.rela.plt)
 *(.rel.dyn)
 *(.init)
 *(.plt)
 *(.text .stub .text.* .gnu.linkonce.t.*)
 .text          0x0000000000020020       0x4c ../cam_small_bsp//obj/HAL/src/crt0.o
                0x0000000000020020                _start
 .text          0x000000000002006c      0x8d8 obj/default/I2C_core.o
                0x000000000002006c                Write32_Data
                0x0000000000020084                Read32_Data
                0x00000000000200a0                oc_i2c_init_ex
                0x0000000000020138                oc_i2c_init
                0x000000000002014c                oc_i2c_uninit
                0x0000000000020198                ACK_single_check
                0x00000000000201ec                ACK_check
                0x0000000000020234                OC_I2C_Write
                0x000000000002035c                ACK_judge_for_read
                0x0000000000020390                OC_I2C_Read
                0x0000000000020520                OC_I2C_Read_Continue
                0x0000000000020624                OC_I2CL_Write
                0x0000000000020784                OC_I2CL_Read
 .text          0x0000000000020944      0x274 obj/default/auto.o
                0x0000000000020944                auto_gain
                0x00000000000209fc                auto_wb
 .text          0x0000000000020bb8      0x2bc obj/default/auto_focus.o
                0x0000000000020bb8                Focus_Init
                0x0000000000020c9c                Focus_Released
                0x0000000000020d1c                Focus_Window
 .text          0x0000000000020e74      0x3dc obj/default/filters_buffers.o
                0x0000000000020e74                fir_load_unit
                0x0000000000020ea0                fir_load_avg
                0x0000000000020ec8                fir_load_sobel
                0x0000000000020f08                fir_load_inv_sobel
                0x0000000000020f48                fir_load_vertical
                0x0000000000020f80                print_image
                0x0000000000021084                print_wb_buffer
                0x0000000000021134                green_average
                0x0000000000021194                red_average
                0x00000000000211f4                blue_average
 .text          0x0000000000021250      0x318 obj/default/input.o
                0x0000000000021250                process_input
 .text          0x0000000000021568       0xb4 obj/default/main.o
                0x0000000000021568                get_building_hist
 .text.startup  0x000000000002161c      0x548 obj/default/main.o
                0x000000000002161c                main
 .text          0x0000000000021b64      0x178 obj/default/mipi_bridge_config.o
                0x0000000000021b64                nSWAP16
                0x0000000000021b78                MipiBridgeRegWrite
                0x0000000000021bb0                MipiBridgeRegRead
                0x0000000000021bf4                MipiBridgeInit
 .text          0x0000000000021cdc      0x964 obj/default/mipi_camera_config.o
                0x0000000000021cdc                OV8865_read_cmos_sensor_8
                0x0000000000021d14                OV8865_write_cmos_sensor_8
                0x0000000000021d4c                OV8865_write_AF
                0x0000000000021d84                OV8865_read_AF
                0x0000000000021dd0                OV8865_FOCUS_Move_to
                0x0000000000021e64                OV8865SetExposure
                0x0000000000021f10                OV8865SetGain
                0x0000000000021fbc                enableMWB
                0x0000000000022020                OV8865SetRedGain
                0x00000000000220c8                OV8865SetGreenGain
                0x0000000000022170                OV8865SetBlueGain
                0x0000000000022218                OV8865ReadAvg
                0x0000000000022288                OV8865ReadExposure
                0x0000000000022320                MIPI_BIN_LEVEL
                0x00000000000224b4                MipiCameraInit
 .text          0x0000000000022640      0x30c obj/default/mipi_setup.o
                0x0000000000022640                mipi_clear_error
                0x00000000000226ec                mipi_show_error_info
                0x0000000000022788                mipi_show_error_info_more
                0x00000000000228c4                MIPI_Init
 .text          0x000000000002294c      0x3f8 obj/default/support.o
                0x000000000002294c                wait_sop
                0x0000000000022958                wait_eop
                0x000000000002295c                to_hex_code
                0x0000000000022970                initialize_observations
                0x0000000000022aa0                merge_observations
                0x0000000000022b84                print_observations
                0x0000000000022cac                print_as_rgb
                0x0000000000022ce8                frame_isr
                0x0000000000022d34                wait_frame
 .text          0x0000000000022d44      0x1b4 c:/intelfpga_lite/18.1/nios2eds/bin/gnu/h-x86_64-mingw32/bin/../lib/gcc/nios2-elf/5.3.0\libgcc.a(lib2-divmod.o)
                0x0000000000022d44                __divsi3
                0x0000000000022dc8                __modsi3
                0x0000000000022e3c                __udivsi3
                0x0000000000022ea0                __umodsi3
 .text          0x0000000000022ef8        0x0 c:/intelfpga_lite/18.1/nios2eds/bin/gnu/h-x86_64-mingw32/bin/../lib/gcc/nios2-elf/5.3.0/../../../../../H-x86_64-mingw32/nios2-elf/lib\libsmallc.a(lib_a-malloc.o)
 .text.malloc   0x0000000000022ef8       0x14 c:/intelfpga_lite/18.1/nios2eds/bin/gnu/h-x86_64-mingw32/bin/../lib/gcc/nios2-elf/5.3.0/../../../../../H-x86_64-mingw32/nios2-elf/lib\libsmallc.a(lib_a-malloc.o)
                0x0000000000022ef8                malloc
 .text.free     0x0000000000022f0c       0x14 c:/intelfpga_lite/18.1/nios2eds/bin/gnu/h-x86_64-mingw32/bin/../lib/gcc/nios2-elf/5.3.0/../../../../../H-x86_64-mingw32/nios2-elf/lib\libsmallc.a(lib_a-malloc.o)
                0x0000000000022f0c                free
 .text          0x0000000000022f20        0x0 c:/intelfpga_lite/18.1/nios2eds/bin/gnu/h-x86_64-mingw32/bin/../lib/gcc/nios2-elf/5.3.0/../../../../../H-x86_64-mingw32/nios2-elf/lib\libsmallc.a(lib_a-nano-freer.o)
 .text._free_r  0x0000000000022f20       0xe4 c:/intelfpga_lite/18.1/nios2eds/bin/gnu/h-x86_64-mingw32/bin/../lib/gcc/nios2-elf/5.3.0/../../../../../H-x86_64-mingw32/nios2-elf/lib\libsmallc.a(lib_a-nano-freer.o)
                0x0000000000022f20                _free_r
 .text          0x0000000000023004        0x0 c:/intelfpga_lite/18.1/nios2eds/bin/gnu/h-x86_64-mingw32/bin/../lib/gcc/nios2-elf/5.3.0/../../../../../H-x86_64-mingw32/nios2-elf/lib\libsmallc.a(lib_a-nano-mallocr.o)
 .text._malloc_r
                0x0000000000023004      0x158 c:/intelfpga_lite/18.1/nios2eds/bin/gnu/h-x86_64-mingw32/bin/../lib/gcc/nios2-elf/5.3.0/../../../../../H-x86_64-mingw32/nios2-elf/lib\libsmallc.a(lib_a-nano-mallocr.o)
                0x0000000000023004                _malloc_r
 .text          0x000000000002315c        0x0 c:/intelfpga_lite/18.1/nios2eds/bin/gnu/h-x86_64-mingw32/bin/../lib/gcc/nios2-elf/5.3.0/../../../../../H-x86_64-mingw32/nios2-elf/lib\libsmallc.a(lib_a-printf.o)
 .text._printf_r
                0x000000000002315c       0x3c c:/intelfpga_lite/18.1/nios2eds/bin/gnu/h-x86_64-mingw32/bin/../lib/gcc/nios2-elf/5.3.0/../../../../../H-x86_64-mingw32/nios2-elf/lib\libsmallc.a(lib_a-printf.o)
                0x000000000002315c                _printf_r
 .text.printf   0x0000000000023198       0x4c c:/intelfpga_lite/18.1/nios2eds/bin/gnu/h-x86_64-mingw32/bin/../lib/gcc/nios2-elf/5.3.0/../../../../../H-x86_64-mingw32/nios2-elf/lib\libsmallc.a(lib_a-printf.o)
                0x0000000000023198                printf
 .text          0x00000000000231e4        0x0 c:/intelfpga_lite/18.1/nios2eds/bin/gnu/h-x86_64-mingw32/bin/../lib/gcc/nios2-elf/5.3.0/../../../../../H-x86_64-mingw32/nios2-elf/lib\libsmallc.a(lib_a-putchar.o)
 .text._putchar_r
                0x00000000000231e4        0x8 c:/intelfpga_lite/18.1/nios2eds/bin/gnu/h-x86_64-mingw32/bin/../lib/gcc/nios2-elf/5.3.0/../../../../../H-x86_64-mingw32/nios2-elf/lib\libsmallc.a(lib_a-putchar.o)
                0x00000000000231e4                _putchar_r
 .text.putchar  0x00000000000231ec       0x1c c:/intelfpga_lite/18.1/nios2eds/bin/gnu/h-x86_64-mingw32/bin/../lib/gcc/nios2-elf/5.3.0/../../../../../H-x86_64-mingw32/nios2-elf/lib\libsmallc.a(lib_a-putchar.o)
                0x00000000000231ec                putchar
 .text          0x0000000000023208        0x0 c:/intelfpga_lite/18.1/nios2eds/bin/gnu/h-x86_64-mingw32/bin/../lib/gcc/nios2-elf/5.3.0/../../../../../H-x86_64-mingw32/nios2-elf/lib\libsmallc.a(lib_a-puts.o)
 .text._puts_r  0x0000000000023208       0x80 c:/intelfpga_lite/18.1/nios2eds/bin/gnu/h-x86_64-mingw32/bin/../lib/gcc/nios2-elf/5.3.0/../../../../../H-x86_64-mingw32/nios2-elf/lib\libsmallc.a(lib_a-puts.o)
                0x0000000000023208                _puts_r
 .text.puts     0x0000000000023288       0x14 c:/intelfpga_lite/18.1/nios2eds/bin/gnu/h-x86_64-mingw32/bin/../lib/gcc/nios2-elf/5.3.0/../../../../../H-x86_64-mingw32/nios2-elf/lib\libsmallc.a(lib_a-puts.o)
                0x0000000000023288                puts
 .text          0x000000000002329c        0x0 c:/intelfpga_lite/18.1/nios2eds/bin/gnu/h-x86_64-mingw32/bin/../lib/gcc/nios2-elf/5.3.0/../../../../../H-x86_64-mingw32/nios2-elf/lib\libsmallc.a(lib_a-sbrkr.o)
 .text._sbrk_r  0x000000000002329c       0x50 c:/intelfpga_lite/18.1/nios2eds/bin/gnu/h-x86_64-mingw32/bin/../lib/gcc/nios2-elf/5.3.0/../../../../../H-x86_64-mingw32/nios2-elf/lib\libsmallc.a(lib_a-sbrkr.o)
                0x000000000002329c                _sbrk_r
 .text          0x00000000000232ec        0x0 c:/intelfpga_lite/18.1/nios2eds/bin/gnu/h-x86_64-mingw32/bin/../lib/gcc/nios2-elf/5.3.0/../../../../../H-x86_64-mingw32/nios2-elf/lib\libsmallc.a(lib_a-sprintf.o)
 .text._sprintf_r
                0x00000000000232ec       0x64 c:/intelfpga_lite/18.1/nios2eds/bin/gnu/h-x86_64-mingw32/bin/../lib/gcc/nios2-elf/5.3.0/../../../../../H-x86_64-mingw32/nios2-elf/lib\libsmallc.a(lib_a-sprintf.o)
                0x00000000000232ec                _sprintf_r
 .text.sprintf  0x0000000000023350       0x78 c:/intelfpga_lite/18.1/nios2eds/bin/gnu/h-x86_64-mingw32/bin/../lib/gcc/nios2-elf/5.3.0/../../../../../H-x86_64-mingw32/nios2-elf/lib\libsmallc.a(lib_a-sprintf.o)
                0x0000000000023350                sprintf
 .text          0x00000000000233c8        0x0 c:/intelfpga_lite/18.1/nios2eds/bin/gnu/h-x86_64-mingw32/bin/../lib/gcc/nios2-elf/5.3.0/../../../../../H-x86_64-mingw32/nios2-elf/lib\libsmallc.a(lib_a-strlen.o)
 .text.strlen   0x00000000000233c8       0x1c c:/intelfpga_lite/18.1/nios2eds/bin/gnu/h-x86_64-mingw32/bin/../lib/gcc/nios2-elf/5.3.0/../../../../../H-x86_64-mingw32/nios2-elf/lib\libsmallc.a(lib_a-strlen.o)
                0x00000000000233c8                strlen
 .text          0x00000000000233e4        0x0 c:/intelfpga_lite/18.1/nios2eds/bin/gnu/h-x86_64-mingw32/bin/../lib/gcc/nios2-elf/5.3.0/../../../../../H-x86_64-mingw32/nios2-elf/lib\libsmallc.a(lib_a-svfprintf.o)
 .text.print_repeat
                0x00000000000233e4       0x6c c:/intelfpga_lite/18.1/nios2eds/bin/gnu/h-x86_64-mingw32/bin/../lib/gcc/nios2-elf/5.3.0/../../../../../H-x86_64-mingw32/nios2-elf/lib\libsmallc.a(lib_a-svfprintf.o)
 .text.___svfprintf_internal_r
                0x0000000000023450      0x524 c:/intelfpga_lite/18.1/nios2eds/bin/gnu/h-x86_64-mingw32/bin/../lib/gcc/nios2-elf/5.3.0/../../../../../H-x86_64-mingw32/nios2-elf/lib\libsmallc.a(lib_a-svfprintf.o)
                0x0000000000023450                ___svfprintf_internal_r
 .text.__vfprintf_internal_unused
                0x0000000000023974       0x1c c:/intelfpga_lite/18.1/nios2eds/bin/gnu/h-x86_64-mingw32/bin/../lib/gcc/nios2-elf/5.3.0/../../../../../H-x86_64-mingw32/nios2-elf/lib\libsmallc.a(lib_a-svfprintf.o)
                0x0000000000023974                __vfprintf_internal_unused
 .text          0x0000000000023990        0x0 c:/intelfpga_lite/18.1/nios2eds/bin/gnu/h-x86_64-mingw32/bin/../lib/gcc/nios2-elf/5.3.0/../../../../../H-x86_64-mingw32/nios2-elf/lib\libsmallc.a(lib_a-vfprintf.o)
 .text.print_repeat
                0x0000000000023990       0x6c c:/intelfpga_lite/18.1/nios2eds/bin/gnu/h-x86_64-mingw32/bin/../lib/gcc/nios2-elf/5.3.0/../../../../../H-x86_64-mingw32/nios2-elf/lib\libsmallc.a(lib_a-vfprintf.o)
 .text.___vfprintf_internal_r
                0x00000000000239fc      0x524 c:/intelfpga_lite/18.1/nios2eds/bin/gnu/h-x86_64-mingw32/bin/../lib/gcc/nios2-elf/5.3.0/../../../../../H-x86_64-mingw32/nios2-elf/lib\libsmallc.a(lib_a-vfprintf.o)
                0x00000000000239fc                ___vfprintf_internal_r
 .text.__vfprintf_internal
                0x0000000000023f20       0x1c c:/intelfpga_lite/18.1/nios2eds/bin/gnu/h-x86_64-mingw32/bin/../lib/gcc/nios2-elf/5.3.0/../../../../../H-x86_64-mingw32/nios2-elf/lib\libsmallc.a(lib_a-vfprintf.o)
                0x0000000000023f20                __vfprintf_internal
 .text          0x0000000000023f3c        0x0 c:/intelfpga_lite/18.1/nios2eds/bin/gnu/h-x86_64-mingw32/bin/../lib/gcc/nios2-elf/5.3.0/../../../../../H-x86_64-mingw32/nios2-elf/lib\libsmallc.a(lib_a-fvwrite_small_dev.o)
 .text.__sfvwrite_small_dev
                0x0000000000023f3c       0xb8 c:/intelfpga_lite/18.1/nios2eds/bin/gnu/h-x86_64-mingw32/bin/../lib/gcc/nios2-elf/5.3.0/../../../../../H-x86_64-mingw32/nios2-elf/lib\libsmallc.a(lib_a-fvwrite_small_dev.o)
                0x0000000000023f3c                __sfvwrite_small_dev
 .text          0x0000000000023ff4        0x0 c:/intelfpga_lite/18.1/nios2eds/bin/gnu/h-x86_64-mingw32/bin/../lib/gcc/nios2-elf/5.3.0/../../../../../H-x86_64-mingw32/nios2-elf/lib\libsmallc.a(lib_a-fvwrite_small_str.o)
 .text.__sfvwrite_small_str
                0x0000000000023ff4       0xa8 c:/intelfpga_lite/18.1/nios2eds/bin/gnu/h-x86_64-mingw32/bin/../lib/gcc/nios2-elf/5.3.0/../../../../../H-x86_64-mingw32/nios2-elf/lib\libsmallc.a(lib_a-fvwrite_small_str.o)
                0x0000000000023ff4                __sfvwrite_small_str
 .text          0x000000000002409c        0x0 c:/intelfpga_lite/18.1/nios2eds/bin/gnu/h-x86_64-mingw32/bin/../lib/gcc/nios2-elf/5.3.0/../../../../../H-x86_64-mingw32/nios2-elf/lib\libsmallc.a(lib_a-impure.o)
 .text          0x000000000002409c        0x0 c:/intelfpga_lite/18.1/nios2eds/bin/gnu/h-x86_64-mingw32/bin/../lib/gcc/nios2-elf/5.3.0/../../../../../H-x86_64-mingw32/nios2-elf/lib\libsmallc.a(lib_a-int_errno.o)
 .text          0x000000000002409c        0x0 c:/intelfpga_lite/18.1/nios2eds/bin/gnu/h-x86_64-mingw32/bin/../lib/gcc/nios2-elf/5.3.0/../../../../../H-x86_64-mingw32/nios2-elf/lib\libsmallc.a(lib_a-memmove.o)
 .text.memmove  0x000000000002409c       0x60 c:/intelfpga_lite/18.1/nios2eds/bin/gnu/h-x86_64-mingw32/bin/../lib/gcc/nios2-elf/5.3.0/../../../../../H-x86_64-mingw32/nios2-elf/lib\libsmallc.a(lib_a-memmove.o)
                0x000000000002409c                memmove
 .text          0x00000000000240fc        0x0 c:/intelfpga_lite/18.1/nios2eds/bin/gnu/h-x86_64-mingw32/bin/../lib/gcc/nios2-elf/5.3.0/../../../../../H-x86_64-mingw32/nios2-elf/lib\libsmallc.a(lib_a-putc.o)
 .text.putc     0x00000000000240fc       0x54 c:/intelfpga_lite/18.1/nios2eds/bin/gnu/h-x86_64-mingw32/bin/../lib/gcc/nios2-elf/5.3.0/../../../../../H-x86_64-mingw32/nios2-elf/lib\libsmallc.a(lib_a-putc.o)
                0x00000000000240fc                putc
 .text._putc_r  0x0000000000024150       0x58 c:/intelfpga_lite/18.1/nios2eds/bin/gnu/h-x86_64-mingw32/bin/../lib/gcc/nios2-elf/5.3.0/../../../../../H-x86_64-mingw32/nios2-elf/lib\libsmallc.a(lib_a-putc.o)
                0x0000000000024150                _putc_r
 .text          0x00000000000241a8        0x0 c:/intelfpga_lite/18.1/nios2eds/bin/gnu/h-x86_64-mingw32/bin/../lib/gcc/nios2-elf/5.3.0/../../../../../H-x86_64-mingw32/nios2-elf/lib\libsmallc.a(lib_a-writer.o)
 .text._write_r
                0x00000000000241a8       0x58 c:/intelfpga_lite/18.1/nios2eds/bin/gnu/h-x86_64-mingw32/bin/../lib/gcc/nios2-elf/5.3.0/../../../../../H-x86_64-mingw32/nios2-elf/lib\libsmallc.a(lib_a-writer.o)
                0x00000000000241a8                _write_r
 .text          0x0000000000024200       0xb8 ../cam_small_bsp/\libhal_bsp.a(alt_fcntl.o)
                0x0000000000024200                fcntl
 .text          0x00000000000242b8       0x44 ../cam_small_bsp/\libhal_bsp.a(alt_getchar.o)
                0x00000000000242b8                alt_getchar
 .text          0x00000000000242fc       0xe0 ../cam_small_bsp/\libhal_bsp.a(alt_load.o)
                0x00000000000242fc                alt_load
 .text          0x00000000000243dc       0x2c ../cam_small_bsp/\libhal_bsp.a(alt_main.o)
                0x00000000000243dc                alt_main
 .text          0x0000000000024408      0x170 ../cam_small_bsp/\libhal_bsp.a(alt_printf.o)
                0x0000000000024408                alt_printf
 .text          0x0000000000024578       0x48 ../cam_small_bsp/\libhal_bsp.a(alt_putchar.o)
                0x0000000000024578                alt_putchar
 .text          0x00000000000245c0       0x4c ../cam_small_bsp/\libhal_bsp.a(alt_sbrk.o)
                0x00000000000245c0                sbrk
 .text          0x000000000002460c       0xec ../cam_small_bsp/\libhal_bsp.a(alt_tick.o)
                0x000000000002460c                alt_alarm_stop
                0x0000000000024640                alt_tick
 .text          0x00000000000246f8        0x4 ../cam_small_bsp/\libhal_bsp.a(alt_usleep.o)
                0x00000000000246f8                usleep
 .text          0x00000000000246fc       0x60 ../cam_small_bsp/\libhal_bsp.a(alt_write.o)
                0x00000000000246fc                write
 .text          0x000000000002475c       0x24 ../cam_small_bsp/\libhal_bsp.a(alt_sys_init.o)
                0x000000000002475c                alt_irq_init
                0x000000000002477c                alt_sys_init
 .text          0x0000000000024780       0x5c ../cam_small_bsp/\libhal_bsp.a(altera_avalon_jtag_uart_read.o)
                0x0000000000024780                altera_avalon_jtag_uart_read
 .text          0x00000000000247dc       0x34 ../cam_small_bsp/\libhal_bsp.a(altera_avalon_jtag_uart_write.o)
                0x00000000000247dc                altera_avalon_jtag_uart_write
 .text          0x0000000000024810       0x78 ../cam_small_bsp/\libhal_bsp.a(alt_busy_sleep.o)
                0x0000000000024810                alt_busy_sleep
 .text          0x0000000000024888       0x18 ../cam_small_bsp/\libhal_bsp.a(alt_dcache_flush_all.o)
                0x0000000000024888                alt_dcache_flush_all
 .text          0x00000000000248a0        0x8 ../cam_small_bsp/\libhal_bsp.a(alt_dev.o)
 .text          0x00000000000248a8        0x0 ../cam_small_bsp/\libhal_bsp.a(alt_errno.o)
 .text          0x00000000000248a8        0xc ../cam_small_bsp/\libhal_bsp.a(alt_icache_flush_all.o)
                0x00000000000248a8                alt_icache_flush_all
 .text          0x00000000000248b4        0x8 ../cam_small_bsp/\libhal_bsp.a(altera_nios2_gen2_irq.o)
                0x00000000000248b4                altera_nios2_gen2_irq_init
 .text          0x00000000000248bc       0x38 ../cam_small_bsp/\libhal_bsp.a(alt_icache_flush.o)
                0x00000000000248bc                alt_icache_flush
 *(.gnu.warning.*)
 *(.fini)
                [!provide]                        PROVIDE (__etext, ABSOLUTE (.))
                [!provide]                        PROVIDE (_etext, ABSOLUTE (.))
                [!provide]                        PROVIDE (etext, ABSOLUTE (.))
 *(.eh_frame_hdr)
                0x00000000000248f4                . = ALIGN (0x4)
                [!provide]                        PROVIDE (__preinit_array_start, ABSOLUTE (.))
 *(.preinit_array)
                [!provide]                        PROVIDE (__preinit_array_end, ABSOLUTE (.))
                [!provide]                        PROVIDE (__init_array_start, ABSOLUTE (.))
 *(.init_array)
                [!provide]                        PROVIDE (__init_array_end, ABSOLUTE (.))
                [!provide]                        PROVIDE (__fini_array_start, ABSOLUTE (.))
 *(.fini_array)
                [!provide]                        PROVIDE (__fini_array_end, ABSOLUTE (.))
 *(.eh_frame)
 *(.gcc_except_table .gcc_except_table.*)
 *(.dynamic)
                [!provide]                        PROVIDE (__CTOR_LIST__, ABSOLUTE (.))
 *(.ctors)
 *(SORT(.ctors.*))
                [!provide]                        PROVIDE (__CTOR_END__, ABSOLUTE (.))
                [!provide]                        PROVIDE (__DTOR_LIST__, ABSOLUTE (.))
 *(.dtors)
 *(SORT(.dtors.*))
                [!provide]                        PROVIDE (__DTOR_END__, ABSOLUTE (.))
 *(.jcr)
                0x00000000000248f4                . = ALIGN (0x4)

.rodata         0x00000000000248f4      0xd10
                0x00000000000248f4                PROVIDE (__ram_rodata_start, ABSOLUTE (.))
                0x00000000000248f4                . = ALIGN (0x4)
 *(.rodata .rodata.* .gnu.linkonce.r.*)
 .rodata.str1.4
                0x00000000000248f4      0x1cf obj/default/I2C_core.o
 *fill*         0x0000000000024ac3        0x1 
 .rodata.str1.4
                0x0000000000024ac4       0x52 obj/default/auto.o
                                         0x6a (size before relaxing)
 *fill*         0x0000000000024b16        0x2 
 .rodata.str1.4
                0x0000000000024b18       0x4d obj/default/auto_focus.o
 *fill*         0x0000000000024b65        0x3 
 .rodata.str1.4
                0x0000000000024b68        0x4 obj/default/filters_buffers.o
 .rodata.str1.4
                0x0000000000024b6c        0x4 obj/default/input.o
 .rodata.str1.4
                0x0000000000024b70       0x60 obj/default/main.o
 .rodata.str1.4
                0x0000000000024bd0       0x61 obj/default/mipi_bridge_config.o
 *fill*         0x0000000000024c31        0x1 
 .rodata        0x0000000000024c32       0x34 obj/default/mipi_bridge_config.o
 *fill*         0x0000000000024c66        0x2 
 .rodata.str1.4
                0x0000000000024c68       0x9c obj/default/mipi_camera_config.o
 .rodata        0x0000000000024d04      0x774 obj/default/mipi_camera_config.o
 .rodata.str1.4
                0x0000000000025478      0x139 obj/default/mipi_setup.o
 *fill*         0x00000000000255b1        0x3 
 .rodata.str1.4
                0x00000000000255b4       0x43 obj/default/support.o
 .rodata.str1.4
                0x00000000000255f7       0x43 c:/intelfpga_lite/18.1/nios2eds/bin/gnu/h-x86_64-mingw32/bin/../lib/gcc/nios2-elf/5.3.0/../../../../../H-x86_64-mingw32/nios2-elf/lib\libsmallc.a(lib_a-puts.o)
                                          0x2 (size before relaxing)
 *fill*         0x00000000000255f7        0x1 
 .rodata.str1.4
                0x00000000000255f8        0xc ../cam_small_bsp/\libhal_bsp.a(alt_dev.o)
                                          0xa (size before relaxing)
 *(.rodata1)
                0x0000000000025604                . = ALIGN (0x4)
                0x0000000000025604                PROVIDE (__ram_rodata_end, ABSOLUTE (.))
                0x00000000000248f4                PROVIDE (__flash_rodata_start, LOADADDR (.rodata))

.rwdata         0x0000000000025604      0x180 load address 0x0000000000025784
                0x0000000000025604                PROVIDE (__ram_rwdata_start, ABSOLUTE (.))
                0x0000000000025604                . = ALIGN (0x4)
 *(.got.plt)
 *(.got)
 *(.data1)
 *(.data .data.* .gnu.linkonce.d.*)
 .data          0x0000000000025604        0x0 ../cam_small_bsp//obj/HAL/src/crt0.o
 .data          0x0000000000025604        0x0 obj/default/I2C_core.o
 .data          0x0000000000025604        0x0 obj/default/auto.o
 .data          0x0000000000025604        0x0 obj/default/auto_focus.o
 .data          0x0000000000025604        0x0 obj/default/filters_buffers.o
 .data          0x0000000000025604        0x0 obj/default/input.o
 .data          0x0000000000025604        0x0 obj/default/main.o
 .data          0x0000000000025604        0x0 obj/default/mipi_bridge_config.o
 .data          0x0000000000025604        0x0 obj/default/mipi_camera_config.o
 .data          0x0000000000025604        0x0 obj/default/mipi_setup.o
 .data          0x0000000000025604        0x0 obj/default/support.o
 .data          0x0000000000025604        0x0 c:/intelfpga_lite/18.1/nios2eds/bin/gnu/h-x86_64-mingw32/bin/../lib/gcc/nios2-elf/5.3.0\libgcc.a(lib2-divmod.o)
 .data          0x0000000000025604        0x0 c:/intelfpga_lite/18.1/nios2eds/bin/gnu/h-x86_64-mingw32/bin/../lib/gcc/nios2-elf/5.3.0/../../../../../H-x86_64-mingw32/nios2-elf/lib\libsmallc.a(lib_a-malloc.o)
 .data          0x0000000000025604        0x0 c:/intelfpga_lite/18.1/nios2eds/bin/gnu/h-x86_64-mingw32/bin/../lib/gcc/nios2-elf/5.3.0/../../../../../H-x86_64-mingw32/nios2-elf/lib\libsmallc.a(lib_a-nano-freer.o)
 .data          0x0000000000025604        0x0 c:/intelfpga_lite/18.1/nios2eds/bin/gnu/h-x86_64-mingw32/bin/../lib/gcc/nios2-elf/5.3.0/../../../../../H-x86_64-mingw32/nios2-elf/lib\libsmallc.a(lib_a-nano-mallocr.o)
 .data          0x0000000000025604        0x0 c:/intelfpga_lite/18.1/nios2eds/bin/gnu/h-x86_64-mingw32/bin/../lib/gcc/nios2-elf/5.3.0/../../../../../H-x86_64-mingw32/nios2-elf/lib\libsmallc.a(lib_a-printf.o)
 .data          0x0000000000025604        0x0 c:/intelfpga_lite/18.1/nios2eds/bin/gnu/h-x86_64-mingw32/bin/../lib/gcc/nios2-elf/5.3.0/../../../../../H-x86_64-mingw32/nios2-elf/lib\libsmallc.a(lib_a-putchar.o)
 .data          0x0000000000025604        0x0 c:/intelfpga_lite/18.1/nios2eds/bin/gnu/h-x86_64-mingw32/bin/../lib/gcc/nios2-elf/5.3.0/../../../../../H-x86_64-mingw32/nios2-elf/lib\libsmallc.a(lib_a-puts.o)
 .data          0x0000000000025604        0x0 c:/intelfpga_lite/18.1/nios2eds/bin/gnu/h-x86_64-mingw32/bin/../lib/gcc/nios2-elf/5.3.0/../../../../../H-x86_64-mingw32/nios2-elf/lib\libsmallc.a(lib_a-sbrkr.o)
 .data          0x0000000000025604        0x0 c:/intelfpga_lite/18.1/nios2eds/bin/gnu/h-x86_64-mingw32/bin/../lib/gcc/nios2-elf/5.3.0/../../../../../H-x86_64-mingw32/nios2-elf/lib\libsmallc.a(lib_a-sprintf.o)
 .data          0x0000000000025604        0x0 c:/intelfpga_lite/18.1/nios2eds/bin/gnu/h-x86_64-mingw32/bin/../lib/gcc/nios2-elf/5.3.0/../../../../../H-x86_64-mingw32/nios2-elf/lib\libsmallc.a(lib_a-strlen.o)
 .data          0x0000000000025604        0x0 c:/intelfpga_lite/18.1/nios2eds/bin/gnu/h-x86_64-mingw32/bin/../lib/gcc/nios2-elf/5.3.0/../../../../../H-x86_64-mingw32/nios2-elf/lib\libsmallc.a(lib_a-svfprintf.o)
 .data          0x0000000000025604        0x0 c:/intelfpga_lite/18.1/nios2eds/bin/gnu/h-x86_64-mingw32/bin/../lib/gcc/nios2-elf/5.3.0/../../../../../H-x86_64-mingw32/nios2-elf/lib\libsmallc.a(lib_a-vfprintf.o)
 .data          0x0000000000025604        0x0 c:/intelfpga_lite/18.1/nios2eds/bin/gnu/h-x86_64-mingw32/bin/../lib/gcc/nios2-elf/5.3.0/../../../../../H-x86_64-mingw32/nios2-elf/lib\libsmallc.a(lib_a-fvwrite_small_dev.o)
 .data          0x0000000000025604        0x0 c:/intelfpga_lite/18.1/nios2eds/bin/gnu/h-x86_64-mingw32/bin/../lib/gcc/nios2-elf/5.3.0/../../../../../H-x86_64-mingw32/nios2-elf/lib\libsmallc.a(lib_a-fvwrite_small_str.o)
 .data          0x0000000000025604        0x0 c:/intelfpga_lite/18.1/nios2eds/bin/gnu/h-x86_64-mingw32/bin/../lib/gcc/nios2-elf/5.3.0/../../../../../H-x86_64-mingw32/nios2-elf/lib\libsmallc.a(lib_a-impure.o)
 .data.impure_data
                0x0000000000025604       0xe0 c:/intelfpga_lite/18.1/nios2eds/bin/gnu/h-x86_64-mingw32/bin/../lib/gcc/nios2-elf/5.3.0/../../../../../H-x86_64-mingw32/nios2-elf/lib\libsmallc.a(lib_a-impure.o)
 .data          0x00000000000256e4        0x0 c:/intelfpga_lite/18.1/nios2eds/bin/gnu/h-x86_64-mingw32/bin/../lib/gcc/nios2-elf/5.3.0/../../../../../H-x86_64-mingw32/nios2-elf/lib\libsmallc.a(lib_a-int_errno.o)
 .data          0x00000000000256e4        0x0 c:/intelfpga_lite/18.1/nios2eds/bin/gnu/h-x86_64-mingw32/bin/../lib/gcc/nios2-elf/5.3.0/../../../../../H-x86_64-mingw32/nios2-elf/lib\libsmallc.a(lib_a-memmove.o)
 .data          0x00000000000256e4        0x0 c:/intelfpga_lite/18.1/nios2eds/bin/gnu/h-x86_64-mingw32/bin/../lib/gcc/nios2-elf/5.3.0/../../../../../H-x86_64-mingw32/nios2-elf/lib\libsmallc.a(lib_a-putc.o)
 .data          0x00000000000256e4        0x0 c:/intelfpga_lite/18.1/nios2eds/bin/gnu/h-x86_64-mingw32/bin/../lib/gcc/nios2-elf/5.3.0/../../../../../H-x86_64-mingw32/nios2-elf/lib\libsmallc.a(lib_a-writer.o)
 .data          0x00000000000256e4        0x0 ../cam_small_bsp/\libhal_bsp.a(alt_fcntl.o)
 .data          0x00000000000256e4        0x0 ../cam_small_bsp/\libhal_bsp.a(alt_getchar.o)
 .data          0x00000000000256e4        0x0 ../cam_small_bsp/\libhal_bsp.a(alt_load.o)
 .data          0x00000000000256e4        0x0 ../cam_small_bsp/\libhal_bsp.a(alt_main.o)
 .data          0x00000000000256e4        0x0 ../cam_small_bsp/\libhal_bsp.a(alt_printf.o)
 .data          0x00000000000256e4        0x0 ../cam_small_bsp/\libhal_bsp.a(alt_putchar.o)
 .data          0x00000000000256e4        0x0 ../cam_small_bsp/\libhal_bsp.a(alt_sbrk.o)
 .data          0x00000000000256e4        0x0 ../cam_small_bsp/\libhal_bsp.a(alt_tick.o)
 .data          0x00000000000256e4        0x0 ../cam_small_bsp/\libhal_bsp.a(alt_usleep.o)
 .data          0x00000000000256e4        0x0 ../cam_small_bsp/\libhal_bsp.a(alt_write.o)
 .data          0x00000000000256e4        0x0 ../cam_small_bsp/\libhal_bsp.a(alt_sys_init.o)
 .data          0x00000000000256e4        0x0 ../cam_small_bsp/\libhal_bsp.a(altera_avalon_jtag_uart_read.o)
 .data          0x00000000000256e4        0x0 ../cam_small_bsp/\libhal_bsp.a(altera_avalon_jtag_uart_write.o)
 .data          0x00000000000256e4        0x0 ../cam_small_bsp/\libhal_bsp.a(alt_busy_sleep.o)
 .data          0x00000000000256e4        0x0 ../cam_small_bsp/\libhal_bsp.a(alt_dcache_flush_all.o)
 .data          0x00000000000256e4       0x58 ../cam_small_bsp/\libhal_bsp.a(alt_dev.o)
                0x00000000000256e4                alt_fd_list
                0x0000000000025714                alt_dev_null
 .data          0x000000000002573c        0x0 ../cam_small_bsp/\libhal_bsp.a(alt_errno.o)
 .data          0x000000000002573c        0x0 ../cam_small_bsp/\libhal_bsp.a(alt_icache_flush_all.o)
 .data          0x000000000002573c        0x0 ../cam_small_bsp/\libhal_bsp.a(altera_nios2_gen2_irq.o)
 .data          0x000000000002573c        0x0 ../cam_small_bsp/\libhal_bsp.a(alt_icache_flush.o)
                0x000000000002d73c                _gp = ABSOLUTE ((. + 0x8000))
                [!provide]                        PROVIDE (gp, _gp)
 *(.rwdata .rwdata.*)
 *(.sdata .sdata.* .gnu.linkonce.s.*)
 .sdata         0x000000000002573c        0xc obj/default/auto_focus.o
                0x000000000002573c                focus_th
                0x000000000002573d                focus_scal_f
                0x000000000002573e                focus_scal
                0x0000000000025740                focus_height
                0x0000000000025742                focus_width
                0x0000000000025744                video_h
                0x0000000000025746                video_w
 .sdata         0x0000000000025748        0x2 obj/default/input.o
 *fill*         0x000000000002574a        0x2 
 .sdata         0x000000000002574c        0x4 obj/default/main.o
                0x000000000002574c                number_observations
 .sdata._global_impure_ptr
                0x0000000000025750        0x4 c:/intelfpga_lite/18.1/nios2eds/bin/gnu/h-x86_64-mingw32/bin/../lib/gcc/nios2-elf/5.3.0/../../../../../H-x86_64-mingw32/nios2-elf/lib\libsmallc.a(lib_a-impure.o)
                0x0000000000025750                _global_impure_ptr
 .sdata._impure_ptr
                0x0000000000025754        0x4 c:/intelfpga_lite/18.1/nios2eds/bin/gnu/h-x86_64-mingw32/bin/../lib/gcc/nios2-elf/5.3.0/../../../../../H-x86_64-mingw32/nios2-elf/lib\libsmallc.a(lib_a-impure.o)
                0x0000000000025754                _impure_ptr
 .sdata         0x0000000000025758        0x4 ../cam_small_bsp/\libhal_bsp.a(alt_sbrk.o)
 .sdata         0x000000000002575c        0x8 ../cam_small_bsp/\libhal_bsp.a(alt_tick.o)
                0x000000000002575c                alt_alarm_list
 .sdata         0x0000000000025764        0x8 ../cam_small_bsp/\libhal_bsp.a(alt_sys_init.o)
                0x0000000000025764                uart_0
                0x0000000000025768                jtag_uart
 .sdata         0x000000000002576c       0x14 ../cam_small_bsp/\libhal_bsp.a(alt_dev.o)
                0x000000000002576c                alt_max_fd
                0x0000000000025770                alt_dev_list
                0x0000000000025778                alt_fs_list
 .sdata         0x0000000000025780        0x4 ../cam_small_bsp/\libhal_bsp.a(alt_errno.o)
                0x0000000000025780                alt_errno
 *(.sdata2 .sdata2.* .gnu.linkonce.s2.*)
                0x0000000000025784                . = ALIGN (0x4)
                0x0000000000025784                _edata = ABSOLUTE (.)
                [!provide]                        PROVIDE (edata, ABSOLUTE (.))
                0x0000000000025784                PROVIDE (__ram_rwdata_end, ABSOLUTE (.))
                0x0000000000025784                PROVIDE (__flash_rwdata_start, LOADADDR (.rwdata))

.bss            0x0000000000025904      0x11c
                0x0000000000025904                __bss_start = ABSOLUTE (.)
                [!provide]                        PROVIDE (__sbss_start, ABSOLUTE (.))
                [!provide]                        PROVIDE (___sbss_start, ABSOLUTE (.))
 *(.dynsbss)
 *(.sbss .sbss.* .gnu.linkonce.sb.*)
 .sbss          0x0000000000025904       0x14 obj/default/I2C_core.o
                0x0000000000025904                print
                0x0000000000025908                debug
                0x000000000002590c                observations
                0x0000000000025910                delay
                0x0000000000025914                halt
 .sbss          0x0000000000025918        0x4 obj/default/main.o
                0x0000000000025918                frames_elapsed
 .sbss          0x000000000002591c        0x4 obj/default/support.o
 .sbss.__malloc_sbrk_start
                0x0000000000025920        0x4 c:/intelfpga_lite/18.1/nios2eds/bin/gnu/h-x86_64-mingw32/bin/../lib/gcc/nios2-elf/5.3.0/../../../../../H-x86_64-mingw32/nios2-elf/lib\libsmallc.a(lib_a-nano-mallocr.o)
                0x0000000000025920                __malloc_sbrk_start
 .sbss.__malloc_free_list
                0x0000000000025924        0x4 c:/intelfpga_lite/18.1/nios2eds/bin/gnu/h-x86_64-mingw32/bin/../lib/gcc/nios2-elf/5.3.0/../../../../../H-x86_64-mingw32/nios2-elf/lib\libsmallc.a(lib_a-nano-mallocr.o)
                0x0000000000025924                __malloc_free_list
 .sbss          0x0000000000025928        0x4 c:/intelfpga_lite/18.1/nios2eds/bin/gnu/h-x86_64-mingw32/bin/../lib/gcc/nios2-elf/5.3.0/../../../../../H-x86_64-mingw32/nios2-elf/lib\libsmallc.a(lib_a-int_errno.o)
                0x0000000000025928                errno
 .sbss          0x000000000002592c        0xc ../cam_small_bsp/\libhal_bsp.a(alt_main.o)
                0x000000000002592c                alt_envp
                0x0000000000025930                alt_argv
                0x0000000000025934                alt_argc
 .sbss          0x0000000000025938        0x8 ../cam_small_bsp/\libhal_bsp.a(alt_tick.o)
                0x0000000000025938                _alt_nticks
                0x000000000002593c                _alt_tick_rate
 *(.sbss2 .sbss2.* .gnu.linkonce.sb2.*)
 *(.scommon)
                [!provide]                        PROVIDE (__sbss_end, ABSOLUTE (.))
                [!provide]                        PROVIDE (___sbss_end, ABSOLUTE (.))
 *(.dynbss)
 *(.bss .bss.* .gnu.linkonce.b.*)
 .bss           0x0000000000025940        0x0 ../cam_small_bsp//obj/HAL/src/crt0.o
 .bss           0x0000000000025940        0x0 obj/default/I2C_core.o
 .bss           0x0000000000025940        0x0 obj/default/auto.o
 .bss           0x0000000000025940        0x0 obj/default/auto_focus.o
 .bss           0x0000000000025940        0x0 obj/default/filters_buffers.o
 .bss           0x0000000000025940        0x0 obj/default/input.o
 .bss           0x0000000000025940        0x0 obj/default/main.o
 .bss           0x0000000000025940        0x0 obj/default/mipi_bridge_config.o
 .bss           0x0000000000025940        0x0 obj/default/mipi_camera_config.o
 .bss           0x0000000000025940        0x0 obj/default/mipi_setup.o
 .bss           0x0000000000025940       0x40 obj/default/support.o
 .bss           0x0000000000025980        0x0 c:/intelfpga_lite/18.1/nios2eds/bin/gnu/h-x86_64-mingw32/bin/../lib/gcc/nios2-elf/5.3.0\libgcc.a(lib2-divmod.o)
 .bss           0x0000000000025980        0x0 c:/intelfpga_lite/18.1/nios2eds/bin/gnu/h-x86_64-mingw32/bin/../lib/gcc/nios2-elf/5.3.0/../../../../../H-x86_64-mingw32/nios2-elf/lib\libsmallc.a(lib_a-malloc.o)
 .bss           0x0000000000025980        0x0 c:/intelfpga_lite/18.1/nios2eds/bin/gnu/h-x86_64-mingw32/bin/../lib/gcc/nios2-elf/5.3.0/../../../../../H-x86_64-mingw32/nios2-elf/lib\libsmallc.a(lib_a-nano-freer.o)
 .bss           0x0000000000025980        0x0 c:/intelfpga_lite/18.1/nios2eds/bin/gnu/h-x86_64-mingw32/bin/../lib/gcc/nios2-elf/5.3.0/../../../../../H-x86_64-mingw32/nios2-elf/lib\libsmallc.a(lib_a-nano-mallocr.o)
 .bss           0x0000000000025980        0x0 c:/intelfpga_lite/18.1/nios2eds/bin/gnu/h-x86_64-mingw32/bin/../lib/gcc/nios2-elf/5.3.0/../../../../../H-x86_64-mingw32/nios2-elf/lib\libsmallc.a(lib_a-printf.o)
 .bss           0x0000000000025980        0x0 c:/intelfpga_lite/18.1/nios2eds/bin/gnu/h-x86_64-mingw32/bin/../lib/gcc/nios2-elf/5.3.0/../../../../../H-x86_64-mingw32/nios2-elf/lib\libsmallc.a(lib_a-putchar.o)
 .bss           0x0000000000025980        0x0 c:/intelfpga_lite/18.1/nios2eds/bin/gnu/h-x86_64-mingw32/bin/../lib/gcc/nios2-elf/5.3.0/../../../../../H-x86_64-mingw32/nios2-elf/lib\libsmallc.a(lib_a-puts.o)
 .bss           0x0000000000025980        0x0 c:/intelfpga_lite/18.1/nios2eds/bin/gnu/h-x86_64-mingw32/bin/../lib/gcc/nios2-elf/5.3.0/../../../../../H-x86_64-mingw32/nios2-elf/lib\libsmallc.a(lib_a-sbrkr.o)
 .bss           0x0000000000025980        0x0 c:/intelfpga_lite/18.1/nios2eds/bin/gnu/h-x86_64-mingw32/bin/../lib/gcc/nios2-elf/5.3.0/../../../../../H-x86_64-mingw32/nios2-elf/lib\libsmallc.a(lib_a-sprintf.o)
 .bss           0x0000000000025980        0x0 c:/intelfpga_lite/18.1/nios2eds/bin/gnu/h-x86_64-mingw32/bin/../lib/gcc/nios2-elf/5.3.0/../../../../../H-x86_64-mingw32/nios2-elf/lib\libsmallc.a(lib_a-strlen.o)
 .bss           0x0000000000025980        0x0 c:/intelfpga_lite/18.1/nios2eds/bin/gnu/h-x86_64-mingw32/bin/../lib/gcc/nios2-elf/5.3.0/../../../../../H-x86_64-mingw32/nios2-elf/lib\libsmallc.a(lib_a-svfprintf.o)
 .bss           0x0000000000025980        0x0 c:/intelfpga_lite/18.1/nios2eds/bin/gnu/h-x86_64-mingw32/bin/../lib/gcc/nios2-elf/5.3.0/../../../../../H-x86_64-mingw32/nios2-elf/lib\libsmallc.a(lib_a-vfprintf.o)
 .bss           0x0000000000025980        0x0 c:/intelfpga_lite/18.1/nios2eds/bin/gnu/h-x86_64-mingw32/bin/../lib/gcc/nios2-elf/5.3.0/../../../../../H-x86_64-mingw32/nios2-elf/lib\libsmallc.a(lib_a-fvwrite_small_dev.o)
 .bss           0x0000000000025980        0x0 c:/intelfpga_lite/18.1/nios2eds/bin/gnu/h-x86_64-mingw32/bin/../lib/gcc/nios2-elf/5.3.0/../../../../../H-x86_64-mingw32/nios2-elf/lib\libsmallc.a(lib_a-fvwrite_small_str.o)
 .bss           0x0000000000025980        0x0 c:/intelfpga_lite/18.1/nios2eds/bin/gnu/h-x86_64-mingw32/bin/../lib/gcc/nios2-elf/5.3.0/../../../../../H-x86_64-mingw32/nios2-elf/lib\libsmallc.a(lib_a-impure.o)
 .bss           0x0000000000025980        0x0 c:/intelfpga_lite/18.1/nios2eds/bin/gnu/h-x86_64-mingw32/bin/../lib/gcc/nios2-elf/5.3.0/../../../../../H-x86_64-mingw32/nios2-elf/lib\libsmallc.a(lib_a-int_errno.o)
 .bss           0x0000000000025980        0x0 c:/intelfpga_lite/18.1/nios2eds/bin/gnu/h-x86_64-mingw32/bin/../lib/gcc/nios2-elf/5.3.0/../../../../../H-x86_64-mingw32/nios2-elf/lib\libsmallc.a(lib_a-memmove.o)
 .bss           0x0000000000025980        0x0 c:/intelfpga_lite/18.1/nios2eds/bin/gnu/h-x86_64-mingw32/bin/../lib/gcc/nios2-elf/5.3.0/../../../../../H-x86_64-mingw32/nios2-elf/lib\libsmallc.a(lib_a-putc.o)
 .bss           0x0000000000025980        0x0 c:/intelfpga_lite/18.1/nios2eds/bin/gnu/h-x86_64-mingw32/bin/../lib/gcc/nios2-elf/5.3.0/../../../../../H-x86_64-mingw32/nios2-elf/lib\libsmallc.a(lib_a-writer.o)
 .bss           0x0000000000025980        0x0 ../cam_small_bsp/\libhal_bsp.a(alt_fcntl.o)
 .bss           0x0000000000025980        0x0 ../cam_small_bsp/\libhal_bsp.a(alt_getchar.o)
 .bss           0x0000000000025980        0x0 ../cam_small_bsp/\libhal_bsp.a(alt_load.o)
 .bss           0x0000000000025980        0x0 ../cam_small_bsp/\libhal_bsp.a(alt_main.o)
 .bss           0x0000000000025980        0x0 ../cam_small_bsp/\libhal_bsp.a(alt_printf.o)
 .bss           0x0000000000025980        0x0 ../cam_small_bsp/\libhal_bsp.a(alt_putchar.o)
 .bss           0x0000000000025980        0x0 ../cam_small_bsp/\libhal_bsp.a(alt_sbrk.o)
 .bss           0x0000000000025980        0x0 ../cam_small_bsp/\libhal_bsp.a(alt_tick.o)
 .bss           0x0000000000025980        0x0 ../cam_small_bsp/\libhal_bsp.a(alt_usleep.o)
 .bss           0x0000000000025980        0x0 ../cam_small_bsp/\libhal_bsp.a(alt_write.o)
 .bss           0x0000000000025980        0x0 ../cam_small_bsp/\libhal_bsp.a(alt_sys_init.o)
 .bss           0x0000000000025980        0x0 ../cam_small_bsp/\libhal_bsp.a(altera_avalon_jtag_uart_read.o)
 .bss           0x0000000000025980        0x0 ../cam_small_bsp/\libhal_bsp.a(altera_avalon_jtag_uart_write.o)
 .bss           0x0000000000025980        0x0 ../cam_small_bsp/\libhal_bsp.a(alt_busy_sleep.o)
 .bss           0x0000000000025980        0x0 ../cam_small_bsp/\libhal_bsp.a(alt_dcache_flush_all.o)
 .bss           0x0000000000025980        0x0 ../cam_small_bsp/\libhal_bsp.a(alt_dev.o)
 .bss           0x0000000000025980        0x0 ../cam_small_bsp/\libhal_bsp.a(alt_errno.o)
 .bss           0x0000000000025980        0x0 ../cam_small_bsp/\libhal_bsp.a(alt_icache_flush_all.o)
 .bss           0x0000000000025980        0x0 ../cam_small_bsp/\libhal_bsp.a(altera_nios2_gen2_irq.o)
 .bss           0x0000000000025980        0x0 ../cam_small_bsp/\libhal_bsp.a(alt_icache_flush.o)
 *(COMMON)
 COMMON         0x0000000000025980       0xa0 obj/default/I2C_core.o
                0x0000000000025980                histogram_processed
                0x00000000000259d0                histogram
                0x0000000000025a20                . = ALIGN (0x4)
                0x0000000000025a20                __bss_end = ABSOLUTE (.)

.onchip_memory2_0
                0x0000000000025a20        0x0
                [!provide]                        PROVIDE (_alt_partition_onchip_memory2_0_start, ABSOLUTE (.))
 *(.onchip_memory2_0 .onchip_memory2_0. onchip_memory2_0.*)
                0x0000000000025a20                . = ALIGN (0x4)
                [!provide]                        PROVIDE (_alt_partition_onchip_memory2_0_end, ABSOLUTE (.))
                0x0000000000025a20                _end = ABSOLUTE (.)
                0x0000000000025a20                end = ABSOLUTE (.)
                0x0000000000025a20                __alt_stack_base = ABSOLUTE (.)
                [!provide]                        PROVIDE (_alt_partition_onchip_memory2_0_load_addr, LOADADDR (.onchip_memory2_0))

.stab
 *(.stab)

.stabstr
 *(.stabstr)

.stab.excl
 *(.stab.excl)

.stab.exclstr
 *(.stab.exclstr)

.stab.index
 *(.stab.index)

.stab.indexstr
 *(.stab.indexstr)

.comment        0x0000000000000000       0x23
 *(.comment)
 .comment       0x0000000000000000       0x23 obj/default/I2C_core.o
                                         0x24 (size before relaxing)
 .comment       0x0000000000000023       0x24 obj/default/auto.o
 .comment       0x0000000000000023       0x24 obj/default/auto_focus.o
 .comment       0x0000000000000023       0x24 obj/default/filters_buffers.o
 .comment       0x0000000000000023       0x24 obj/default/input.o
 .comment       0x0000000000000023       0x24 obj/default/main.o
 .comment       0x0000000000000023       0x24 obj/default/mipi_bridge_config.o
 .comment       0x0000000000000023       0x24 obj/default/mipi_camera_config.o
 .comment       0x0000000000000023       0x24 obj/default/mipi_setup.o
 .comment       0x0000000000000023       0x24 obj/default/support.o
 .comment       0x0000000000000023       0x24 c:/intelfpga_lite/18.1/nios2eds/bin/gnu/h-x86_64-mingw32/bin/../lib/gcc/nios2-elf/5.3.0\libgcc.a(lib2-divmod.o)
 .comment       0x0000000000000023       0x24 c:/intelfpga_lite/18.1/nios2eds/bin/gnu/h-x86_64-mingw32/bin/../lib/gcc/nios2-elf/5.3.0/../../../../../H-x86_64-mingw32/nios2-elf/lib\libsmallc.a(lib_a-malloc.o)
 .comment       0x0000000000000023       0x24 c:/intelfpga_lite/18.1/nios2eds/bin/gnu/h-x86_64-mingw32/bin/../lib/gcc/nios2-elf/5.3.0/../../../../../H-x86_64-mingw32/nios2-elf/lib\libsmallc.a(lib_a-nano-freer.o)
 .comment       0x0000000000000023       0x24 c:/intelfpga_lite/18.1/nios2eds/bin/gnu/h-x86_64-mingw32/bin/../lib/gcc/nios2-elf/5.3.0/../../../../../H-x86_64-mingw32/nios2-elf/lib\libsmallc.a(lib_a-nano-mallocr.o)
 .comment       0x0000000000000023       0x24 c:/intelfpga_lite/18.1/nios2eds/bin/gnu/h-x86_64-mingw32/bin/../lib/gcc/nios2-elf/5.3.0/../../../../../H-x86_64-mingw32/nios2-elf/lib\libsmallc.a(lib_a-printf.o)
 .comment       0x0000000000000023       0x24 c:/intelfpga_lite/18.1/nios2eds/bin/gnu/h-x86_64-mingw32/bin/../lib/gcc/nios2-elf/5.3.0/../../../../../H-x86_64-mingw32/nios2-elf/lib\libsmallc.a(lib_a-putchar.o)
 .comment       0x0000000000000023       0x24 c:/intelfpga_lite/18.1/nios2eds/bin/gnu/h-x86_64-mingw32/bin/../lib/gcc/nios2-elf/5.3.0/../../../../../H-x86_64-mingw32/nios2-elf/lib\libsmallc.a(lib_a-puts.o)
 .comment       0x0000000000000023       0x24 c:/intelfpga_lite/18.1/nios2eds/bin/gnu/h-x86_64-mingw32/bin/../lib/gcc/nios2-elf/5.3.0/../../../../../H-x86_64-mingw32/nios2-elf/lib\libsmallc.a(lib_a-sbrkr.o)
 .comment       0x0000000000000023       0x24 c:/intelfpga_lite/18.1/nios2eds/bin/gnu/h-x86_64-mingw32/bin/../lib/gcc/nios2-elf/5.3.0/../../../../../H-x86_64-mingw32/nios2-elf/lib\libsmallc.a(lib_a-sprintf.o)
 .comment       0x0000000000000023       0x24 c:/intelfpga_lite/18.1/nios2eds/bin/gnu/h-x86_64-mingw32/bin/../lib/gcc/nios2-elf/5.3.0/../../../../../H-x86_64-mingw32/nios2-elf/lib\libsmallc.a(lib_a-strlen.o)
 .comment       0x0000000000000023       0x24 c:/intelfpga_lite/18.1/nios2eds/bin/gnu/h-x86_64-mingw32/bin/../lib/gcc/nios2-elf/5.3.0/../../../../../H-x86_64-mingw32/nios2-elf/lib\libsmallc.a(lib_a-svfprintf.o)
 .comment       0x0000000000000023       0x24 c:/intelfpga_lite/18.1/nios2eds/bin/gnu/h-x86_64-mingw32/bin/../lib/gcc/nios2-elf/5.3.0/../../../../../H-x86_64-mingw32/nios2-elf/lib\libsmallc.a(lib_a-vfprintf.o)
 .comment       0x0000000000000023       0x24 c:/intelfpga_lite/18.1/nios2eds/bin/gnu/h-x86_64-mingw32/bin/../lib/gcc/nios2-elf/5.3.0/../../../../../H-x86_64-mingw32/nios2-elf/lib\libsmallc.a(lib_a-fvwrite_small_dev.o)
 .comment       0x0000000000000023       0x24 c:/intelfpga_lite/18.1/nios2eds/bin/gnu/h-x86_64-mingw32/bin/../lib/gcc/nios2-elf/5.3.0/../../../../../H-x86_64-mingw32/nios2-elf/lib\libsmallc.a(lib_a-fvwrite_small_str.o)
 .comment       0x0000000000000023       0x24 c:/intelfpga_lite/18.1/nios2eds/bin/gnu/h-x86_64-mingw32/bin/../lib/gcc/nios2-elf/5.3.0/../../../../../H-x86_64-mingw32/nios2-elf/lib\libsmallc.a(lib_a-impure.o)
 .comment       0x0000000000000023       0x24 c:/intelfpga_lite/18.1/nios2eds/bin/gnu/h-x86_64-mingw32/bin/../lib/gcc/nios2-elf/5.3.0/../../../../../H-x86_64-mingw32/nios2-elf/lib\libsmallc.a(lib_a-int_errno.o)
 .comment       0x0000000000000023       0x24 c:/intelfpga_lite/18.1/nios2eds/bin/gnu/h-x86_64-mingw32/bin/../lib/gcc/nios2-elf/5.3.0/../../../../../H-x86_64-mingw32/nios2-elf/lib\libsmallc.a(lib_a-memmove.o)
 .comment       0x0000000000000023       0x24 c:/intelfpga_lite/18.1/nios2eds/bin/gnu/h-x86_64-mingw32/bin/../lib/gcc/nios2-elf/5.3.0/../../../../../H-x86_64-mingw32/nios2-elf/lib\libsmallc.a(lib_a-putc.o)
 .comment       0x0000000000000023       0x24 c:/intelfpga_lite/18.1/nios2eds/bin/gnu/h-x86_64-mingw32/bin/../lib/gcc/nios2-elf/5.3.0/../../../../../H-x86_64-mingw32/nios2-elf/lib\libsmallc.a(lib_a-writer.o)
 .comment       0x0000000000000023       0x24 ../cam_small_bsp/\libhal_bsp.a(alt_fcntl.o)
 .comment       0x0000000000000023       0x24 ../cam_small_bsp/\libhal_bsp.a(alt_getchar.o)
 .comment       0x0000000000000023       0x24 ../cam_small_bsp/\libhal_bsp.a(alt_load.o)
 .comment       0x0000000000000023       0x24 ../cam_small_bsp/\libhal_bsp.a(alt_main.o)
 .comment       0x0000000000000023       0x24 ../cam_small_bsp/\libhal_bsp.a(alt_printf.o)
 .comment       0x0000000000000023       0x24 ../cam_small_bsp/\libhal_bsp.a(alt_putchar.o)
 .comment       0x0000000000000023       0x24 ../cam_small_bsp/\libhal_bsp.a(alt_sbrk.o)
 .comment       0x0000000000000023       0x24 ../cam_small_bsp/\libhal_bsp.a(alt_tick.o)
 .comment       0x0000000000000023       0x24 ../cam_small_bsp/\libhal_bsp.a(alt_usleep.o)
 .comment       0x0000000000000023       0x24 ../cam_small_bsp/\libhal_bsp.a(alt_write.o)
 .comment       0x0000000000000023       0x24 ../cam_small_bsp/\libhal_bsp.a(alt_sys_init.o)
 .comment       0x0000000000000023       0x24 ../cam_small_bsp/\libhal_bsp.a(altera_avalon_jtag_uart_read.o)
 .comment       0x0000000000000023       0x24 ../cam_small_bsp/\libhal_bsp.a(altera_avalon_jtag_uart_write.o)
 .comment       0x0000000000000023       0x24 ../cam_small_bsp/\libhal_bsp.a(alt_busy_sleep.o)
 .comment       0x0000000000000023       0x24 ../cam_small_bsp/\libhal_bsp.a(alt_dcache_flush_all.o)
 .comment       0x0000000000000023       0x24 ../cam_small_bsp/\libhal_bsp.a(alt_dev.o)
 .comment       0x0000000000000023       0x24 ../cam_small_bsp/\libhal_bsp.a(alt_errno.o)
 .comment       0x0000000000000023       0x24 ../cam_small_bsp/\libhal_bsp.a(alt_icache_flush_all.o)
 .comment       0x0000000000000023       0x24 ../cam_small_bsp/\libhal_bsp.a(altera_nios2_gen2_irq.o)
 .comment       0x0000000000000023       0x24 ../cam_small_bsp/\libhal_bsp.a(alt_icache_flush.o)

.debug
 *(.debug)

.line
 *(.line)

.debug_srcinfo
 *(.debug_srcinfo)

.debug_sfnames
 *(.debug_sfnames)

.debug_aranges  0x0000000000000000      0x688
 *(.debug_aranges)
 .debug_aranges
                0x0000000000000000       0x28 ../cam_small_bsp//obj/HAL/src/crt0.o
 .debug_aranges
                0x0000000000000028       0x20 obj/default/I2C_core.o
 .debug_aranges
                0x0000000000000048       0x20 obj/default/auto.o
 .debug_aranges
                0x0000000000000068       0x20 obj/default/auto_focus.o
 .debug_aranges
                0x0000000000000088       0x20 obj/default/filters_buffers.o
 .debug_aranges
                0x00000000000000a8       0x20 obj/default/input.o
 .debug_aranges
                0x00000000000000c8       0x28 obj/default/main.o
 .debug_aranges
                0x00000000000000f0       0x20 obj/default/mipi_bridge_config.o
 .debug_aranges
                0x0000000000000110       0x20 obj/default/mipi_camera_config.o
 .debug_aranges
                0x0000000000000130       0x20 obj/default/mipi_setup.o
 .debug_aranges
                0x0000000000000150       0x20 obj/default/support.o
 .debug_aranges
                0x0000000000000170       0x20 c:/intelfpga_lite/18.1/nios2eds/bin/gnu/h-x86_64-mingw32/bin/../lib/gcc/nios2-elf/5.3.0\libgcc.a(lib2-divmod.o)
 .debug_aranges
                0x0000000000000190       0x28 c:/intelfpga_lite/18.1/nios2eds/bin/gnu/h-x86_64-mingw32/bin/../lib/gcc/nios2-elf/5.3.0/../../../../../H-x86_64-mingw32/nios2-elf/lib\libsmallc.a(lib_a-malloc.o)
 .debug_aranges
                0x00000000000001b8       0x20 c:/intelfpga_lite/18.1/nios2eds/bin/gnu/h-x86_64-mingw32/bin/../lib/gcc/nios2-elf/5.3.0/../../../../../H-x86_64-mingw32/nios2-elf/lib\libsmallc.a(lib_a-nano-freer.o)
 .debug_aranges
                0x00000000000001d8       0x20 c:/intelfpga_lite/18.1/nios2eds/bin/gnu/h-x86_64-mingw32/bin/../lib/gcc/nios2-elf/5.3.0/../../../../../H-x86_64-mingw32/nios2-elf/lib\libsmallc.a(lib_a-nano-mallocr.o)
 .debug_aranges
                0x00000000000001f8       0x28 c:/intelfpga_lite/18.1/nios2eds/bin/gnu/h-x86_64-mingw32/bin/../lib/gcc/nios2-elf/5.3.0/../../../../../H-x86_64-mingw32/nios2-elf/lib\libsmallc.a(lib_a-printf.o)
 .debug_aranges
                0x0000000000000220       0x28 c:/intelfpga_lite/18.1/nios2eds/bin/gnu/h-x86_64-mingw32/bin/../lib/gcc/nios2-elf/5.3.0/../../../../../H-x86_64-mingw32/nios2-elf/lib\libsmallc.a(lib_a-putchar.o)
 .debug_aranges
                0x0000000000000248       0x28 c:/intelfpga_lite/18.1/nios2eds/bin/gnu/h-x86_64-mingw32/bin/../lib/gcc/nios2-elf/5.3.0/../../../../../H-x86_64-mingw32/nios2-elf/lib\libsmallc.a(lib_a-puts.o)
 .debug_aranges
                0x0000000000000270       0x20 c:/intelfpga_lite/18.1/nios2eds/bin/gnu/h-x86_64-mingw32/bin/../lib/gcc/nios2-elf/5.3.0/../../../../../H-x86_64-mingw32/nios2-elf/lib\libsmallc.a(lib_a-sbrkr.o)
 .debug_aranges
                0x0000000000000290       0x28 c:/intelfpga_lite/18.1/nios2eds/bin/gnu/h-x86_64-mingw32/bin/../lib/gcc/nios2-elf/5.3.0/../../../../../H-x86_64-mingw32/nios2-elf/lib\libsmallc.a(lib_a-sprintf.o)
 .debug_aranges
                0x00000000000002b8       0x20 c:/intelfpga_lite/18.1/nios2eds/bin/gnu/h-x86_64-mingw32/bin/../lib/gcc/nios2-elf/5.3.0/../../../../../H-x86_64-mingw32/nios2-elf/lib\libsmallc.a(lib_a-strlen.o)
 .debug_aranges
                0x00000000000002d8       0x30 c:/intelfpga_lite/18.1/nios2eds/bin/gnu/h-x86_64-mingw32/bin/../lib/gcc/nios2-elf/5.3.0/../../../../../H-x86_64-mingw32/nios2-elf/lib\libsmallc.a(lib_a-svfprintf.o)
 .debug_aranges
                0x0000000000000308       0x30 c:/intelfpga_lite/18.1/nios2eds/bin/gnu/h-x86_64-mingw32/bin/../lib/gcc/nios2-elf/5.3.0/../../../../../H-x86_64-mingw32/nios2-elf/lib\libsmallc.a(lib_a-vfprintf.o)
 .debug_aranges
                0x0000000000000338       0x20 c:/intelfpga_lite/18.1/nios2eds/bin/gnu/h-x86_64-mingw32/bin/../lib/gcc/nios2-elf/5.3.0/../../../../../H-x86_64-mingw32/nios2-elf/lib\libsmallc.a(lib_a-fvwrite_small_dev.o)
 .debug_aranges
                0x0000000000000358       0x20 c:/intelfpga_lite/18.1/nios2eds/bin/gnu/h-x86_64-mingw32/bin/../lib/gcc/nios2-elf/5.3.0/../../../../../H-x86_64-mingw32/nios2-elf/lib\libsmallc.a(lib_a-fvwrite_small_str.o)
 .debug_aranges
                0x0000000000000378       0x18 c:/intelfpga_lite/18.1/nios2eds/bin/gnu/h-x86_64-mingw32/bin/../lib/gcc/nios2-elf/5.3.0/../../../../../H-x86_64-mingw32/nios2-elf/lib\libsmallc.a(lib_a-impure.o)
 .debug_aranges
                0x0000000000000390       0x18 c:/intelfpga_lite/18.1/nios2eds/bin/gnu/h-x86_64-mingw32/bin/../lib/gcc/nios2-elf/5.3.0/../../../../../H-x86_64-mingw32/nios2-elf/lib\libsmallc.a(lib_a-int_errno.o)
 .debug_aranges
                0x00000000000003a8       0x20 c:/intelfpga_lite/18.1/nios2eds/bin/gnu/h-x86_64-mingw32/bin/../lib/gcc/nios2-elf/5.3.0/../../../../../H-x86_64-mingw32/nios2-elf/lib\libsmallc.a(lib_a-memmove.o)
 .debug_aranges
                0x00000000000003c8       0x28 c:/intelfpga_lite/18.1/nios2eds/bin/gnu/h-x86_64-mingw32/bin/../lib/gcc/nios2-elf/5.3.0/../../../../../H-x86_64-mingw32/nios2-elf/lib\libsmallc.a(lib_a-putc.o)
 .debug_aranges
                0x00000000000003f0       0x20 c:/intelfpga_lite/18.1/nios2eds/bin/gnu/h-x86_64-mingw32/bin/../lib/gcc/nios2-elf/5.3.0/../../../../../H-x86_64-mingw32/nios2-elf/lib\libsmallc.a(lib_a-writer.o)
 .debug_aranges
                0x0000000000000410       0x20 ../cam_small_bsp/\libhal_bsp.a(alt_fcntl.o)
 .debug_aranges
                0x0000000000000430       0x20 ../cam_small_bsp/\libhal_bsp.a(alt_getchar.o)
 .debug_aranges
                0x0000000000000450       0x20 ../cam_small_bsp/\libhal_bsp.a(alt_load.o)
 .debug_aranges
                0x0000000000000470       0x20 ../cam_small_bsp/\libhal_bsp.a(alt_main.o)
 .debug_aranges
                0x0000000000000490       0x20 ../cam_small_bsp/\libhal_bsp.a(alt_printf.o)
 .debug_aranges
                0x00000000000004b0       0x20 ../cam_small_bsp/\libhal_bsp.a(alt_putchar.o)
 .debug_aranges
                0x00000000000004d0       0x20 ../cam_small_bsp/\libhal_bsp.a(alt_sbrk.o)
 .debug_aranges
                0x00000000000004f0       0x20 ../cam_small_bsp/\libhal_bsp.a(alt_tick.o)
 .debug_aranges
                0x0000000000000510       0x20 ../cam_small_bsp/\libhal_bsp.a(alt_usleep.o)
 .debug_aranges
                0x0000000000000530       0x20 ../cam_small_bsp/\libhal_bsp.a(alt_write.o)
 .debug_aranges
                0x0000000000000550       0x20 ../cam_small_bsp/\libhal_bsp.a(alt_sys_init.o)
 .debug_aranges
                0x0000000000000570       0x20 ../cam_small_bsp/\libhal_bsp.a(altera_avalon_jtag_uart_read.o)
 .debug_aranges
                0x0000000000000590       0x20 ../cam_small_bsp/\libhal_bsp.a(altera_avalon_jtag_uart_write.o)
 .debug_aranges
                0x00000000000005b0       0x20 ../cam_small_bsp/\libhal_bsp.a(alt_busy_sleep.o)
 .debug_aranges
                0x00000000000005d0       0x20 ../cam_small_bsp/\libhal_bsp.a(alt_dcache_flush_all.o)
 .debug_aranges
                0x00000000000005f0       0x20 ../cam_small_bsp/\libhal_bsp.a(alt_dev.o)
 .debug_aranges
                0x0000000000000610       0x18 ../cam_small_bsp/\libhal_bsp.a(alt_errno.o)
 .debug_aranges
                0x0000000000000628       0x20 ../cam_small_bsp/\libhal_bsp.a(alt_icache_flush_all.o)
 .debug_aranges
                0x0000000000000648       0x20 ../cam_small_bsp/\libhal_bsp.a(altera_nios2_gen2_irq.o)
 .debug_aranges
                0x0000000000000668       0x20 ../cam_small_bsp/\libhal_bsp.a(alt_icache_flush.o)

.debug_pubnames
 *(.debug_pubnames)

.debug_info     0x0000000000000000     0xe2de
 *(.debug_info .gnu.linkonce.wi.*)
 .debug_info    0x0000000000000000       0x79 ../cam_small_bsp//obj/HAL/src/crt0.o
 .debug_info    0x0000000000000079     0x11ef obj/default/I2C_core.o
 .debug_info    0x0000000000001268      0x645 obj/default/auto.o
 .debug_info    0x00000000000018ad      0x498 obj/default/auto_focus.o
 .debug_info    0x0000000000001d45      0x49c obj/default/filters_buffers.o
 .debug_info    0x00000000000021e1      0x56a obj/default/input.o
 .debug_info    0x000000000000274b      0x694 obj/default/main.o
 .debug_info    0x0000000000002ddf      0x4b3 obj/default/mipi_bridge_config.o
 .debug_info    0x0000000000003292     0x1048 obj/default/mipi_camera_config.o
 .debug_info    0x00000000000042da      0x84b obj/default/mipi_setup.o
 .debug_info    0x0000000000004b25      0x517 obj/default/support.o
 .debug_info    0x000000000000503c      0x2c6 c:/intelfpga_lite/18.1/nios2eds/bin/gnu/h-x86_64-mingw32/bin/../lib/gcc/nios2-elf/5.3.0\libgcc.a(lib2-divmod.o)
 .debug_info    0x0000000000005302      0x619 c:/intelfpga_lite/18.1/nios2eds/bin/gnu/h-x86_64-mingw32/bin/../lib/gcc/nios2-elf/5.3.0/../../../../../H-x86_64-mingw32/nios2-elf/lib\libsmallc.a(lib_a-malloc.o)
 .debug_info    0x000000000000591b      0x68c c:/intelfpga_lite/18.1/nios2eds/bin/gnu/h-x86_64-mingw32/bin/../lib/gcc/nios2-elf/5.3.0/../../../../../H-x86_64-mingw32/nios2-elf/lib\libsmallc.a(lib_a-nano-freer.o)
 .debug_info    0x0000000000005fa7      0x752 c:/intelfpga_lite/18.1/nios2eds/bin/gnu/h-x86_64-mingw32/bin/../lib/gcc/nios2-elf/5.3.0/../../../../../H-x86_64-mingw32/nios2-elf/lib\libsmallc.a(lib_a-nano-mallocr.o)
 .debug_info    0x00000000000066f9      0x699 c:/intelfpga_lite/18.1/nios2eds/bin/gnu/h-x86_64-mingw32/bin/../lib/gcc/nios2-elf/5.3.0/../../../../../H-x86_64-mingw32/nios2-elf/lib\libsmallc.a(lib_a-printf.o)
 .debug_info    0x0000000000006d92      0x62a c:/intelfpga_lite/18.1/nios2eds/bin/gnu/h-x86_64-mingw32/bin/../lib/gcc/nios2-elf/5.3.0/../../../../../H-x86_64-mingw32/nios2-elf/lib\libsmallc.a(lib_a-putchar.o)
 .debug_info    0x00000000000073bc      0x66d c:/intelfpga_lite/18.1/nios2eds/bin/gnu/h-x86_64-mingw32/bin/../lib/gcc/nios2-elf/5.3.0/../../../../../H-x86_64-mingw32/nios2-elf/lib\libsmallc.a(lib_a-puts.o)
 .debug_info    0x0000000000007a29      0x608 c:/intelfpga_lite/18.1/nios2eds/bin/gnu/h-x86_64-mingw32/bin/../lib/gcc/nios2-elf/5.3.0/../../../../../H-x86_64-mingw32/nios2-elf/lib\libsmallc.a(lib_a-sbrkr.o)
 .debug_info    0x0000000000008031      0x7d9 c:/intelfpga_lite/18.1/nios2eds/bin/gnu/h-x86_64-mingw32/bin/../lib/gcc/nios2-elf/5.3.0/../../../../../H-x86_64-mingw32/nios2-elf/lib\libsmallc.a(lib_a-sprintf.o)
 .debug_info    0x000000000000880a       0xc9 c:/intelfpga_lite/18.1/nios2eds/bin/gnu/h-x86_64-mingw32/bin/../lib/gcc/nios2-elf/5.3.0/../../../../../H-x86_64-mingw32/nios2-elf/lib\libsmallc.a(lib_a-strlen.o)
 .debug_info    0x00000000000088d3      0xb2b c:/intelfpga_lite/18.1/nios2eds/bin/gnu/h-x86_64-mingw32/bin/../lib/gcc/nios2-elf/5.3.0/../../../../../H-x86_64-mingw32/nios2-elf/lib\libsmallc.a(lib_a-svfprintf.o)
 .debug_info    0x00000000000093fe      0xb2b c:/intelfpga_lite/18.1/nios2eds/bin/gnu/h-x86_64-mingw32/bin/../lib/gcc/nios2-elf/5.3.0/../../../../../H-x86_64-mingw32/nios2-elf/lib\libsmallc.a(lib_a-vfprintf.o)
 .debug_info    0x0000000000009f29      0x62b c:/intelfpga_lite/18.1/nios2eds/bin/gnu/h-x86_64-mingw32/bin/../lib/gcc/nios2-elf/5.3.0/../../../../../H-x86_64-mingw32/nios2-elf/lib\libsmallc.a(lib_a-fvwrite_small_dev.o)
 .debug_info    0x000000000000a554      0x700 c:/intelfpga_lite/18.1/nios2eds/bin/gnu/h-x86_64-mingw32/bin/../lib/gcc/nios2-elf/5.3.0/../../../../../H-x86_64-mingw32/nios2-elf/lib\libsmallc.a(lib_a-fvwrite_small_str.o)
 .debug_info    0x000000000000ac54      0x5a9 c:/intelfpga_lite/18.1/nios2eds/bin/gnu/h-x86_64-mingw32/bin/../lib/gcc/nios2-elf/5.3.0/../../../../../H-x86_64-mingw32/nios2-elf/lib\libsmallc.a(lib_a-impure.o)
 .debug_info    0x000000000000b1fd       0x8a c:/intelfpga_lite/18.1/nios2eds/bin/gnu/h-x86_64-mingw32/bin/../lib/gcc/nios2-elf/5.3.0/../../../../../H-x86_64-mingw32/nios2-elf/lib\libsmallc.a(lib_a-int_errno.o)
 .debug_info    0x000000000000b287      0x10b c:/intelfpga_lite/18.1/nios2eds/bin/gnu/h-x86_64-mingw32/bin/../lib/gcc/nios2-elf/5.3.0/../../../../../H-x86_64-mingw32/nios2-elf/lib\libsmallc.a(lib_a-memmove.o)
 .debug_info    0x000000000000b392      0x672 c:/intelfpga_lite/18.1/nios2eds/bin/gnu/h-x86_64-mingw32/bin/../lib/gcc/nios2-elf/5.3.0/../../../../../H-x86_64-mingw32/nios2-elf/lib\libsmallc.a(lib_a-putc.o)
 .debug_info    0x000000000000ba04      0x630 c:/intelfpga_lite/18.1/nios2eds/bin/gnu/h-x86_64-mingw32/bin/../lib/gcc/nios2-elf/5.3.0/../../../../../H-x86_64-mingw32/nios2-elf/lib\libsmallc.a(lib_a-writer.o)
 .debug_info    0x000000000000c034      0x4e3 ../cam_small_bsp/\libhal_bsp.a(alt_fcntl.o)
 .debug_info    0x000000000000c517      0x32d ../cam_small_bsp/\libhal_bsp.a(alt_getchar.o)
 .debug_info    0x000000000000c844      0x1c9 ../cam_small_bsp/\libhal_bsp.a(alt_load.o)
 .debug_info    0x000000000000ca0d      0x169 ../cam_small_bsp/\libhal_bsp.a(alt_main.o)
 .debug_info    0x000000000000cb76      0x14d ../cam_small_bsp/\libhal_bsp.a(alt_printf.o)
 .debug_info    0x000000000000ccc3      0x12a ../cam_small_bsp/\libhal_bsp.a(alt_putchar.o)
 .debug_info    0x000000000000cded      0x1ae ../cam_small_bsp/\libhal_bsp.a(alt_sbrk.o)
 .debug_info    0x000000000000cf9b      0x2a9 ../cam_small_bsp/\libhal_bsp.a(alt_tick.o)
 .debug_info    0x000000000000d244       0xd1 ../cam_small_bsp/\libhal_bsp.a(alt_usleep.o)
 .debug_info    0x000000000000d315      0x1c7 ../cam_small_bsp/\libhal_bsp.a(alt_write.o)
 .debug_info    0x000000000000d4dc      0x1d2 ../cam_small_bsp/\libhal_bsp.a(alt_sys_init.o)
 .debug_info    0x000000000000d6ae      0x1b4 ../cam_small_bsp/\libhal_bsp.a(altera_avalon_jtag_uart_read.o)
 .debug_info    0x000000000000d862      0x197 ../cam_small_bsp/\libhal_bsp.a(altera_avalon_jtag_uart_write.o)
 .debug_info    0x000000000000d9f9       0xd8 ../cam_small_bsp/\libhal_bsp.a(alt_busy_sleep.o)
 .debug_info    0x000000000000dad1       0xa6 ../cam_small_bsp/\libhal_bsp.a(alt_dcache_flush_all.o)
 .debug_info    0x000000000000db77      0x499 ../cam_small_bsp/\libhal_bsp.a(alt_dev.o)
 .debug_info    0x000000000000e010       0xa6 ../cam_small_bsp/\libhal_bsp.a(alt_errno.o)
 .debug_info    0x000000000000e0b6       0xb8 ../cam_small_bsp/\libhal_bsp.a(alt_icache_flush_all.o)
 .debug_info    0x000000000000e16e       0x92 ../cam_small_bsp/\libhal_bsp.a(altera_nios2_gen2_irq.o)
 .debug_info    0x000000000000e200       0xde ../cam_small_bsp/\libhal_bsp.a(alt_icache_flush.o)

.debug_abbrev   0x0000000000000000     0x402a
 *(.debug_abbrev)
 .debug_abbrev  0x0000000000000000       0x12 ../cam_small_bsp//obj/HAL/src/crt0.o
 .debug_abbrev  0x0000000000000012      0x288 obj/default/I2C_core.o
 .debug_abbrev  0x000000000000029a      0x15d obj/default/auto.o
 .debug_abbrev  0x00000000000003f7      0x160 obj/default/auto_focus.o
 .debug_abbrev  0x0000000000000557      0x158 obj/default/filters_buffers.o
 .debug_abbrev  0x00000000000006af      0x17f obj/default/input.o
 .debug_abbrev  0x000000000000082e      0x16d obj/default/main.o
 .debug_abbrev  0x000000000000099b      0x1ef obj/default/mipi_bridge_config.o
 .debug_abbrev  0x0000000000000b8a      0x205 obj/default/mipi_camera_config.o
 .debug_abbrev  0x0000000000000d8f      0x15e obj/default/mipi_setup.o
 .debug_abbrev  0x0000000000000eed      0x20b obj/default/support.o
 .debug_abbrev  0x00000000000010f8      0x10e c:/intelfpga_lite/18.1/nios2eds/bin/gnu/h-x86_64-mingw32/bin/../lib/gcc/nios2-elf/5.3.0\libgcc.a(lib2-divmod.o)
 .debug_abbrev  0x0000000000001206      0x1af c:/intelfpga_lite/18.1/nios2eds/bin/gnu/h-x86_64-mingw32/bin/../lib/gcc/nios2-elf/5.3.0/../../../../../H-x86_64-mingw32/nios2-elf/lib\libsmallc.a(lib_a-malloc.o)
 .debug_abbrev  0x00000000000013b5      0x1dd c:/intelfpga_lite/18.1/nios2eds/bin/gnu/h-x86_64-mingw32/bin/../lib/gcc/nios2-elf/5.3.0/../../../../../H-x86_64-mingw32/nios2-elf/lib\libsmallc.a(lib_a-nano-freer.o)
 .debug_abbrev  0x0000000000001592      0x269 c:/intelfpga_lite/18.1/nios2eds/bin/gnu/h-x86_64-mingw32/bin/../lib/gcc/nios2-elf/5.3.0/../../../../../H-x86_64-mingw32/nios2-elf/lib\libsmallc.a(lib_a-nano-mallocr.o)
 .debug_abbrev  0x00000000000017fb      0x1ee c:/intelfpga_lite/18.1/nios2eds/bin/gnu/h-x86_64-mingw32/bin/../lib/gcc/nios2-elf/5.3.0/../../../../../H-x86_64-mingw32/nios2-elf/lib\libsmallc.a(lib_a-printf.o)
 .debug_abbrev  0x00000000000019e9      0x1c0 c:/intelfpga_lite/18.1/nios2eds/bin/gnu/h-x86_64-mingw32/bin/../lib/gcc/nios2-elf/5.3.0/../../../../../H-x86_64-mingw32/nios2-elf/lib\libsmallc.a(lib_a-putchar.o)
 .debug_abbrev  0x0000000000001ba9      0x1d6 c:/intelfpga_lite/18.1/nios2eds/bin/gnu/h-x86_64-mingw32/bin/../lib/gcc/nios2-elf/5.3.0/../../../../../H-x86_64-mingw32/nios2-elf/lib\libsmallc.a(lib_a-puts.o)
 .debug_abbrev  0x0000000000001d7f      0x1c5 c:/intelfpga_lite/18.1/nios2eds/bin/gnu/h-x86_64-mingw32/bin/../lib/gcc/nios2-elf/5.3.0/../../../../../H-x86_64-mingw32/nios2-elf/lib\libsmallc.a(lib_a-sbrkr.o)
 .debug_abbrev  0x0000000000001f44      0x1d8 c:/intelfpga_lite/18.1/nios2eds/bin/gnu/h-x86_64-mingw32/bin/../lib/gcc/nios2-elf/5.3.0/../../../../../H-x86_64-mingw32/nios2-elf/lib\libsmallc.a(lib_a-sprintf.o)
 .debug_abbrev  0x000000000000211c       0x7f c:/intelfpga_lite/18.1/nios2eds/bin/gnu/h-x86_64-mingw32/bin/../lib/gcc/nios2-elf/5.3.0/../../../../../H-x86_64-mingw32/nios2-elf/lib\libsmallc.a(lib_a-strlen.o)
 .debug_abbrev  0x000000000000219b      0x2a1 c:/intelfpga_lite/18.1/nios2eds/bin/gnu/h-x86_64-mingw32/bin/../lib/gcc/nios2-elf/5.3.0/../../../../../H-x86_64-mingw32/nios2-elf/lib\libsmallc.a(lib_a-svfprintf.o)
 .debug_abbrev  0x000000000000243c      0x2a1 c:/intelfpga_lite/18.1/nios2eds/bin/gnu/h-x86_64-mingw32/bin/../lib/gcc/nios2-elf/5.3.0/../../../../../H-x86_64-mingw32/nios2-elf/lib\libsmallc.a(lib_a-vfprintf.o)
 .debug_abbrev  0x00000000000026dd      0x1bc c:/intelfpga_lite/18.1/nios2eds/bin/gnu/h-x86_64-mingw32/bin/../lib/gcc/nios2-elf/5.3.0/../../../../../H-x86_64-mingw32/nios2-elf/lib\libsmallc.a(lib_a-fvwrite_small_dev.o)
 .debug_abbrev  0x0000000000002899      0x1b5 c:/intelfpga_lite/18.1/nios2eds/bin/gnu/h-x86_64-mingw32/bin/../lib/gcc/nios2-elf/5.3.0/../../../../../H-x86_64-mingw32/nios2-elf/lib\libsmallc.a(lib_a-fvwrite_small_str.o)
 .debug_abbrev  0x0000000000002a4e      0x14a c:/intelfpga_lite/18.1/nios2eds/bin/gnu/h-x86_64-mingw32/bin/../lib/gcc/nios2-elf/5.3.0/../../../../../H-x86_64-mingw32/nios2-elf/lib\libsmallc.a(lib_a-impure.o)
 .debug_abbrev  0x0000000000002b98       0x37 c:/intelfpga_lite/18.1/nios2eds/bin/gnu/h-x86_64-mingw32/bin/../lib/gcc/nios2-elf/5.3.0/../../../../../H-x86_64-mingw32/nios2-elf/lib\libsmallc.a(lib_a-int_errno.o)
 .debug_abbrev  0x0000000000002bcf       0x8d c:/intelfpga_lite/18.1/nios2eds/bin/gnu/h-x86_64-mingw32/bin/../lib/gcc/nios2-elf/5.3.0/../../../../../H-x86_64-mingw32/nios2-elf/lib\libsmallc.a(lib_a-memmove.o)
 .debug_abbrev  0x0000000000002c5c      0x1bd c:/intelfpga_lite/18.1/nios2eds/bin/gnu/h-x86_64-mingw32/bin/../lib/gcc/nios2-elf/5.3.0/../../../../../H-x86_64-mingw32/nios2-elf/lib\libsmallc.a(lib_a-putc.o)
 .debug_abbrev  0x0000000000002e19      0x1a6 c:/intelfpga_lite/18.1/nios2eds/bin/gnu/h-x86_64-mingw32/bin/../lib/gcc/nios2-elf/5.3.0/../../../../../H-x86_64-mingw32/nios2-elf/lib\libsmallc.a(lib_a-writer.o)
 .debug_abbrev  0x0000000000002fbf      0x142 ../cam_small_bsp/\libhal_bsp.a(alt_fcntl.o)
 .debug_abbrev  0x0000000000003101      0x11d ../cam_small_bsp/\libhal_bsp.a(alt_getchar.o)
 .debug_abbrev  0x000000000000321e       0xd8 ../cam_small_bsp/\libhal_bsp.a(alt_load.o)
 .debug_abbrev  0x00000000000032f6       0xee ../cam_small_bsp/\libhal_bsp.a(alt_main.o)
 .debug_abbrev  0x00000000000033e4       0xd5 ../cam_small_bsp/\libhal_bsp.a(alt_printf.o)
 .debug_abbrev  0x00000000000034b9       0xd2 ../cam_small_bsp/\libhal_bsp.a(alt_putchar.o)
 .debug_abbrev  0x000000000000358b      0x112 ../cam_small_bsp/\libhal_bsp.a(alt_sbrk.o)
 .debug_abbrev  0x000000000000369d      0x187 ../cam_small_bsp/\libhal_bsp.a(alt_tick.o)
 .debug_abbrev  0x0000000000003824       0x8d ../cam_small_bsp/\libhal_bsp.a(alt_usleep.o)
 .debug_abbrev  0x00000000000038b1      0x12e ../cam_small_bsp/\libhal_bsp.a(alt_write.o)
 .debug_abbrev  0x00000000000039df      0x10e ../cam_small_bsp/\libhal_bsp.a(alt_sys_init.o)
 .debug_abbrev  0x0000000000003aed      0x102 ../cam_small_bsp/\libhal_bsp.a(altera_avalon_jtag_uart_read.o)
 .debug_abbrev  0x0000000000003bef       0xd5 ../cam_small_bsp/\libhal_bsp.a(altera_avalon_jtag_uart_write.o)
 .debug_abbrev  0x0000000000003cc4       0x8d ../cam_small_bsp/\libhal_bsp.a(alt_busy_sleep.o)
 .debug_abbrev  0x0000000000003d51       0x5a ../cam_small_bsp/\libhal_bsp.a(alt_dcache_flush_all.o)
 .debug_abbrev  0x0000000000003dab       0xd9 ../cam_small_bsp/\libhal_bsp.a(alt_dev.o)
 .debug_abbrev  0x0000000000003e84       0x5a ../cam_small_bsp/\libhal_bsp.a(alt_errno.o)
 .debug_abbrev  0x0000000000003ede       0x6f ../cam_small_bsp/\libhal_bsp.a(alt_icache_flush_all.o)
 .debug_abbrev  0x0000000000003f4d       0x42 ../cam_small_bsp/\libhal_bsp.a(altera_nios2_gen2_irq.o)
 .debug_abbrev  0x0000000000003f8f       0x9b ../cam_small_bsp/\libhal_bsp.a(alt_icache_flush.o)

.debug_line     0x0000000000000000     0x4b99
 *(.debug_line)
 .debug_line    0x0000000000000000       0x72 ../cam_small_bsp//obj/HAL/src/crt0.o
 .debug_line    0x0000000000000072      0x3b4 obj/default/I2C_core.o
 .debug_line    0x0000000000000426       0xf8 obj/default/auto.o
 .debug_line    0x000000000000051e      0x23e obj/default/auto_focus.o
 .debug_line    0x000000000000075c      0x19a obj/default/filters_buffers.o
 .debug_line    0x00000000000008f6      0x212 obj/default/input.o
 .debug_line    0x0000000000000b08      0x32d obj/default/main.o
 .debug_line    0x0000000000000e35      0x205 obj/default/mipi_bridge_config.o
 .debug_line    0x000000000000103a      0x340 obj/default/mipi_camera_config.o
 .debug_line    0x000000000000137a      0x216 obj/default/mipi_setup.o
 .debug_line    0x0000000000001590      0x28a obj/default/support.o
 .debug_line    0x000000000000181a      0x102 c:/intelfpga_lite/18.1/nios2eds/bin/gnu/h-x86_64-mingw32/bin/../lib/gcc/nios2-elf/5.3.0\libgcc.a(lib2-divmod.o)
 .debug_line    0x000000000000191c      0x1e6 c:/intelfpga_lite/18.1/nios2eds/bin/gnu/h-x86_64-mingw32/bin/../lib/gcc/nios2-elf/5.3.0/../../../../../H-x86_64-mingw32/nios2-elf/lib\libsmallc.a(lib_a-malloc.o)
 .debug_line    0x0000000000001b02      0x19f c:/intelfpga_lite/18.1/nios2eds/bin/gnu/h-x86_64-mingw32/bin/../lib/gcc/nios2-elf/5.3.0/../../../../../H-x86_64-mingw32/nios2-elf/lib\libsmallc.a(lib_a-nano-freer.o)
 .debug_line    0x0000000000001ca1      0x222 c:/intelfpga_lite/18.1/nios2eds/bin/gnu/h-x86_64-mingw32/bin/../lib/gcc/nios2-elf/5.3.0/../../../../../H-x86_64-mingw32/nios2-elf/lib\libsmallc.a(lib_a-nano-mallocr.o)
 .debug_line    0x0000000000001ec3      0x200 c:/intelfpga_lite/18.1/nios2eds/bin/gnu/h-x86_64-mingw32/bin/../lib/gcc/nios2-elf/5.3.0/../../../../../H-x86_64-mingw32/nios2-elf/lib\libsmallc.a(lib_a-printf.o)
 .debug_line    0x00000000000020c3      0x1e6 c:/intelfpga_lite/18.1/nios2eds/bin/gnu/h-x86_64-mingw32/bin/../lib/gcc/nios2-elf/5.3.0/../../../../../H-x86_64-mingw32/nios2-elf/lib\libsmallc.a(lib_a-putchar.o)
 .debug_line    0x00000000000022a9      0x203 c:/intelfpga_lite/18.1/nios2eds/bin/gnu/h-x86_64-mingw32/bin/../lib/gcc/nios2-elf/5.3.0/../../../../../H-x86_64-mingw32/nios2-elf/lib\libsmallc.a(lib_a-puts.o)
 .debug_line    0x00000000000024ac      0x1dd c:/intelfpga_lite/18.1/nios2eds/bin/gnu/h-x86_64-mingw32/bin/../lib/gcc/nios2-elf/5.3.0/../../../../../H-x86_64-mingw32/nios2-elf/lib\libsmallc.a(lib_a-sbrkr.o)
 .debug_line    0x0000000000002689      0x20d c:/intelfpga_lite/18.1/nios2eds/bin/gnu/h-x86_64-mingw32/bin/../lib/gcc/nios2-elf/5.3.0/../../../../../H-x86_64-mingw32/nios2-elf/lib\libsmallc.a(lib_a-sprintf.o)
 .debug_line    0x0000000000002896      0x159 c:/intelfpga_lite/18.1/nios2eds/bin/gnu/h-x86_64-mingw32/bin/../lib/gcc/nios2-elf/5.3.0/../../../../../H-x86_64-mingw32/nios2-elf/lib\libsmallc.a(lib_a-strlen.o)
 .debug_line    0x00000000000029ef      0x34f c:/intelfpga_lite/18.1/nios2eds/bin/gnu/h-x86_64-mingw32/bin/../lib/gcc/nios2-elf/5.3.0/../../../../../H-x86_64-mingw32/nios2-elf/lib\libsmallc.a(lib_a-svfprintf.o)
 .debug_line    0x0000000000002d3e      0x34f c:/intelfpga_lite/18.1/nios2eds/bin/gnu/h-x86_64-mingw32/bin/../lib/gcc/nios2-elf/5.3.0/../../../../../H-x86_64-mingw32/nios2-elf/lib\libsmallc.a(lib_a-vfprintf.o)
 .debug_line    0x000000000000308d      0x1ed c:/intelfpga_lite/18.1/nios2eds/bin/gnu/h-x86_64-mingw32/bin/../lib/gcc/nios2-elf/5.3.0/../../../../../H-x86_64-mingw32/nios2-elf/lib\libsmallc.a(lib_a-fvwrite_small_dev.o)
 .debug_line    0x000000000000327a      0x1fb c:/intelfpga_lite/18.1/nios2eds/bin/gnu/h-x86_64-mingw32/bin/../lib/gcc/nios2-elf/5.3.0/../../../../../H-x86_64-mingw32/nios2-elf/lib\libsmallc.a(lib_a-fvwrite_small_str.o)
 .debug_line    0x0000000000003475      0x153 c:/intelfpga_lite/18.1/nios2eds/bin/gnu/h-x86_64-mingw32/bin/../lib/gcc/nios2-elf/5.3.0/../../../../../H-x86_64-mingw32/nios2-elf/lib\libsmallc.a(lib_a-impure.o)
 .debug_line    0x00000000000035c8       0x5c c:/intelfpga_lite/18.1/nios2eds/bin/gnu/h-x86_64-mingw32/bin/../lib/gcc/nios2-elf/5.3.0/../../../../../H-x86_64-mingw32/nios2-elf/lib\libsmallc.a(lib_a-int_errno.o)
 .debug_line    0x0000000000003624      0x168 c:/intelfpga_lite/18.1/nios2eds/bin/gnu/h-x86_64-mingw32/bin/../lib/gcc/nios2-elf/5.3.0/../../../../../H-x86_64-mingw32/nios2-elf/lib\libsmallc.a(lib_a-memmove.o)
 .debug_line    0x000000000000378c      0x1ff c:/intelfpga_lite/18.1/nios2eds/bin/gnu/h-x86_64-mingw32/bin/../lib/gcc/nios2-elf/5.3.0/../../../../../H-x86_64-mingw32/nios2-elf/lib\libsmallc.a(lib_a-putc.o)
 .debug_line    0x000000000000398b      0x1ea c:/intelfpga_lite/18.1/nios2eds/bin/gnu/h-x86_64-mingw32/bin/../lib/gcc/nios2-elf/5.3.0/../../../../../H-x86_64-mingw32/nios2-elf/lib\libsmallc.a(lib_a-writer.o)
 .debug_line    0x0000000000003b75      0x1ca ../cam_small_bsp/\libhal_bsp.a(alt_fcntl.o)
 .debug_line    0x0000000000003d3f       0xb7 ../cam_small_bsp/\libhal_bsp.a(alt_getchar.o)
 .debug_line    0x0000000000003df6       0xa4 ../cam_small_bsp/\libhal_bsp.a(alt_load.o)
 .debug_line    0x0000000000003e9a       0xbd ../cam_small_bsp/\libhal_bsp.a(alt_main.o)
 .debug_line    0x0000000000003f57      0x112 ../cam_small_bsp/\libhal_bsp.a(alt_printf.o)
 .debug_line    0x0000000000004069       0x55 ../cam_small_bsp/\libhal_bsp.a(alt_putchar.o)
 .debug_line    0x00000000000040be       0xf2 ../cam_small_bsp/\libhal_bsp.a(alt_sbrk.o)
 .debug_line    0x00000000000041b0      0x104 ../cam_small_bsp/\libhal_bsp.a(alt_tick.o)
 .debug_line    0x00000000000042b4       0xcf ../cam_small_bsp/\libhal_bsp.a(alt_usleep.o)
 .debug_line    0x0000000000004383      0x16a ../cam_small_bsp/\libhal_bsp.a(alt_write.o)
 .debug_line    0x00000000000044ed      0x132 ../cam_small_bsp/\libhal_bsp.a(alt_sys_init.o)
 .debug_line    0x000000000000461f       0xfb ../cam_small_bsp/\libhal_bsp.a(altera_avalon_jtag_uart_read.o)
 .debug_line    0x000000000000471a       0xf0 ../cam_small_bsp/\libhal_bsp.a(altera_avalon_jtag_uart_write.o)
 .debug_line    0x000000000000480a       0xb3 ../cam_small_bsp/\libhal_bsp.a(alt_busy_sleep.o)
 .debug_line    0x00000000000048bd       0x5a ../cam_small_bsp/\libhal_bsp.a(alt_dcache_flush_all.o)
 .debug_line    0x0000000000004917       0xf6 ../cam_small_bsp/\libhal_bsp.a(alt_dev.o)
 .debug_line    0x0000000000004a0d       0x51 ../cam_small_bsp/\libhal_bsp.a(alt_errno.o)
 .debug_line    0x0000000000004a5e       0x6e ../cam_small_bsp/\libhal_bsp.a(alt_icache_flush_all.o)
 .debug_line    0x0000000000004acc       0x50 ../cam_small_bsp/\libhal_bsp.a(altera_nios2_gen2_irq.o)
 .debug_line    0x0000000000004b1c       0x7d ../cam_small_bsp/\libhal_bsp.a(alt_icache_flush.o)

.debug_frame    0x0000000000000000     0x1168
 *(.debug_frame)
 .debug_frame   0x0000000000000000      0x214 obj/default/I2C_core.o
 .debug_frame   0x0000000000000214       0x78 obj/default/auto.o
 .debug_frame   0x000000000000028c       0x7c obj/default/auto_focus.o
 .debug_frame   0x0000000000000308      0x120 obj/default/filters_buffers.o
 .debug_frame   0x0000000000000428       0x90 obj/default/input.o
 .debug_frame   0x00000000000004b8       0x64 obj/default/main.o
 .debug_frame   0x000000000000051c       0x9c obj/default/mipi_bridge_config.o
 .debug_frame   0x00000000000005b8      0x224 obj/default/mipi_camera_config.o
 .debug_frame   0x00000000000007dc       0x9c obj/default/mipi_setup.o
 .debug_frame   0x0000000000000878      0x114 obj/default/support.o
 .debug_frame   0x000000000000098c       0x50 c:/intelfpga_lite/18.1/nios2eds/bin/gnu/h-x86_64-mingw32/bin/../lib/gcc/nios2-elf/5.3.0\libgcc.a(lib2-divmod.o)
 .debug_frame   0x00000000000009dc       0x30 c:/intelfpga_lite/18.1/nios2eds/bin/gnu/h-x86_64-mingw32/bin/../lib/gcc/nios2-elf/5.3.0/../../../../../H-x86_64-mingw32/nios2-elf/lib\libsmallc.a(lib_a-malloc.o)
 .debug_frame   0x0000000000000a0c       0x20 c:/intelfpga_lite/18.1/nios2eds/bin/gnu/h-x86_64-mingw32/bin/../lib/gcc/nios2-elf/5.3.0/../../../../../H-x86_64-mingw32/nios2-elf/lib\libsmallc.a(lib_a-nano-freer.o)
 .debug_frame   0x0000000000000a2c       0x40 c:/intelfpga_lite/18.1/nios2eds/bin/gnu/h-x86_64-mingw32/bin/../lib/gcc/nios2-elf/5.3.0/../../../../../H-x86_64-mingw32/nios2-elf/lib\libsmallc.a(lib_a-nano-mallocr.o)
 .debug_frame   0x0000000000000a6c       0x48 c:/intelfpga_lite/18.1/nios2eds/bin/gnu/h-x86_64-mingw32/bin/../lib/gcc/nios2-elf/5.3.0/../../../../../H-x86_64-mingw32/nios2-elf/lib\libsmallc.a(lib_a-printf.o)
 .debug_frame   0x0000000000000ab4       0x30 c:/intelfpga_lite/18.1/nios2eds/bin/gnu/h-x86_64-mingw32/bin/../lib/gcc/nios2-elf/5.3.0/../../../../../H-x86_64-mingw32/nios2-elf/lib\libsmallc.a(lib_a-putchar.o)
 .debug_frame   0x0000000000000ae4       0x48 c:/intelfpga_lite/18.1/nios2eds/bin/gnu/h-x86_64-mingw32/bin/../lib/gcc/nios2-elf/5.3.0/../../../../../H-x86_64-mingw32/nios2-elf/lib\libsmallc.a(lib_a-puts.o)
 .debug_frame   0x0000000000000b2c       0x38 c:/intelfpga_lite/18.1/nios2eds/bin/gnu/h-x86_64-mingw32/bin/../lib/gcc/nios2-elf/5.3.0/../../../../../H-x86_64-mingw32/nios2-elf/lib\libsmallc.a(lib_a-sbrkr.o)
 .debug_frame   0x0000000000000b64       0x48 c:/intelfpga_lite/18.1/nios2eds/bin/gnu/h-x86_64-mingw32/bin/../lib/gcc/nios2-elf/5.3.0/../../../../../H-x86_64-mingw32/nios2-elf/lib\libsmallc.a(lib_a-sprintf.o)
 .debug_frame   0x0000000000000bac       0x20 c:/intelfpga_lite/18.1/nios2eds/bin/gnu/h-x86_64-mingw32/bin/../lib/gcc/nios2-elf/5.3.0/../../../../../H-x86_64-mingw32/nios2-elf/lib\libsmallc.a(lib_a-strlen.o)
 .debug_frame   0x0000000000000bcc       0x8c c:/intelfpga_lite/18.1/nios2eds/bin/gnu/h-x86_64-mingw32/bin/../lib/gcc/nios2-elf/5.3.0/../../../../../H-x86_64-mingw32/nios2-elf/lib\libsmallc.a(lib_a-svfprintf.o)
 .debug_frame   0x0000000000000c58       0x8c c:/intelfpga_lite/18.1/nios2eds/bin/gnu/h-x86_64-mingw32/bin/../lib/gcc/nios2-elf/5.3.0/../../../../../H-x86_64-mingw32/nios2-elf/lib\libsmallc.a(lib_a-vfprintf.o)
 .debug_frame   0x0000000000000ce4       0x58 c:/intelfpga_lite/18.1/nios2eds/bin/gnu/h-x86_64-mingw32/bin/../lib/gcc/nios2-elf/5.3.0/../../../../../H-x86_64-mingw32/nios2-elf/lib\libsmallc.a(lib_a-fvwrite_small_dev.o)
 .debug_frame   0x0000000000000d3c       0x44 c:/intelfpga_lite/18.1/nios2eds/bin/gnu/h-x86_64-mingw32/bin/../lib/gcc/nios2-elf/5.3.0/../../../../../H-x86_64-mingw32/nios2-elf/lib\libsmallc.a(lib_a-fvwrite_small_str.o)
 .debug_frame   0x0000000000000d80       0x20 c:/intelfpga_lite/18.1/nios2eds/bin/gnu/h-x86_64-mingw32/bin/../lib/gcc/nios2-elf/5.3.0/../../../../../H-x86_64-mingw32/nios2-elf/lib\libsmallc.a(lib_a-memmove.o)
 .debug_frame   0x0000000000000da0       0x50 c:/intelfpga_lite/18.1/nios2eds/bin/gnu/h-x86_64-mingw32/bin/../lib/gcc/nios2-elf/5.3.0/../../../../../H-x86_64-mingw32/nios2-elf/lib\libsmallc.a(lib_a-putc.o)
 .debug_frame   0x0000000000000df0       0x38 c:/intelfpga_lite/18.1/nios2eds/bin/gnu/h-x86_64-mingw32/bin/../lib/gcc/nios2-elf/5.3.0/../../../../../H-x86_64-mingw32/nios2-elf/lib\libsmallc.a(lib_a-writer.o)
 .debug_frame   0x0000000000000e28       0x2c ../cam_small_bsp/\libhal_bsp.a(alt_fcntl.o)
 .debug_frame   0x0000000000000e54       0x2c ../cam_small_bsp/\libhal_bsp.a(alt_getchar.o)
 .debug_frame   0x0000000000000e80       0x30 ../cam_small_bsp/\libhal_bsp.a(alt_load.o)
 .debug_frame   0x0000000000000eb0       0x2c ../cam_small_bsp/\libhal_bsp.a(alt_main.o)
 .debug_frame   0x0000000000000edc       0x54 ../cam_small_bsp/\libhal_bsp.a(alt_printf.o)
 .debug_frame   0x0000000000000f30       0x30 ../cam_small_bsp/\libhal_bsp.a(alt_putchar.o)
 .debug_frame   0x0000000000000f60       0x20 ../cam_small_bsp/\libhal_bsp.a(alt_sbrk.o)
 .debug_frame   0x0000000000000f80       0x50 ../cam_small_bsp/\libhal_bsp.a(alt_tick.o)
 .debug_frame   0x0000000000000fd0       0x20 ../cam_small_bsp/\libhal_bsp.a(alt_usleep.o)
 .debug_frame   0x0000000000000ff0       0x2c ../cam_small_bsp/\libhal_bsp.a(alt_write.o)
 .debug_frame   0x000000000000101c       0x3c ../cam_small_bsp/\libhal_bsp.a(alt_sys_init.o)
 .debug_frame   0x0000000000001058       0x20 ../cam_small_bsp/\libhal_bsp.a(altera_avalon_jtag_uart_read.o)
 .debug_frame   0x0000000000001078       0x20 ../cam_small_bsp/\libhal_bsp.a(altera_avalon_jtag_uart_write.o)
 .debug_frame   0x0000000000001098       0x30 ../cam_small_bsp/\libhal_bsp.a(alt_busy_sleep.o)
 .debug_frame   0x00000000000010c8       0x20 ../cam_small_bsp/\libhal_bsp.a(alt_dcache_flush_all.o)
 .debug_frame   0x00000000000010e8       0x20 ../cam_small_bsp/\libhal_bsp.a(alt_dev.o)
 .debug_frame   0x0000000000001108       0x20 ../cam_small_bsp/\libhal_bsp.a(alt_icache_flush_all.o)
 .debug_frame   0x0000000000001128       0x20 ../cam_small_bsp/\libhal_bsp.a(altera_nios2_gen2_irq.o)
 .debug_frame   0x0000000000001148       0x20 ../cam_small_bsp/\libhal_bsp.a(alt_icache_flush.o)

.debug_str      0x0000000000000000     0x1f07
 *(.debug_str)
 .debug_str     0x0000000000000000      0x3ed obj/default/I2C_core.o
                                        0x44e (size before relaxing)
 .debug_str     0x00000000000003ed       0xb3 obj/default/auto.o
                                        0x2a3 (size before relaxing)
 .debug_str     0x00000000000004a0       0xb5 obj/default/auto_focus.o
                                        0x34e (size before relaxing)
 .debug_str     0x0000000000000555       0xa6 obj/default/filters_buffers.o
                                        0x1f8 (size before relaxing)
 .debug_str     0x00000000000005fb       0x88 obj/default/input.o
                                        0x37d (size before relaxing)
 .debug_str     0x0000000000000683       0xb4 obj/default/main.o
                                        0x3fc (size before relaxing)
 .debug_str     0x0000000000000737       0x79 obj/default/mipi_bridge_config.o
                                        0x338 (size before relaxing)
 .debug_str     0x00000000000007b0       0xeb obj/default/mipi_camera_config.o
                                        0x484 (size before relaxing)
 .debug_str     0x000000000000089b       0x5b obj/default/mipi_setup.o
                                        0x378 (size before relaxing)
 .debug_str     0x00000000000008f6       0x65 obj/default/support.o
                                        0x34c (size before relaxing)
 .debug_str     0x000000000000095b      0x16d c:/intelfpga_lite/18.1/nios2eds/bin/gnu/h-x86_64-mingw32/bin/../lib/gcc/nios2-elf/5.3.0\libgcc.a(lib2-divmod.o)
                                        0x1b8 (size before relaxing)
 .debug_str     0x0000000000000ac8      0x3da c:/intelfpga_lite/18.1/nios2eds/bin/gnu/h-x86_64-mingw32/bin/../lib/gcc/nios2-elf/5.3.0/../../../../../H-x86_64-mingw32/nios2-elf/lib\libsmallc.a(lib_a-malloc.o)
                                        0x4b8 (size before relaxing)
 .debug_str     0x0000000000000ea2       0x9c c:/intelfpga_lite/18.1/nios2eds/bin/gnu/h-x86_64-mingw32/bin/../lib/gcc/nios2-elf/5.3.0/../../../../../H-x86_64-mingw32/nios2-elf/lib\libsmallc.a(lib_a-nano-freer.o)
                                        0x4fc (size before relaxing)
 .debug_str     0x0000000000000f3e       0x4d c:/intelfpga_lite/18.1/nios2eds/bin/gnu/h-x86_64-mingw32/bin/../lib/gcc/nios2-elf/5.3.0/../../../../../H-x86_64-mingw32/nios2-elf/lib\libsmallc.a(lib_a-nano-mallocr.o)
                                        0x527 (size before relaxing)
 .debug_str     0x0000000000000f8b      0x118 c:/intelfpga_lite/18.1/nios2eds/bin/gnu/h-x86_64-mingw32/bin/../lib/gcc/nios2-elf/5.3.0/../../../../../H-x86_64-mingw32/nios2-elf/lib\libsmallc.a(lib_a-printf.o)
                                        0x4ea (size before relaxing)
 .debug_str     0x00000000000010a3       0x4d c:/intelfpga_lite/18.1/nios2eds/bin/gnu/h-x86_64-mingw32/bin/../lib/gcc/nios2-elf/5.3.0/../../../../../H-x86_64-mingw32/nios2-elf/lib\libsmallc.a(lib_a-putchar.o)
                                        0x4a7 (size before relaxing)
 .debug_str     0x00000000000010f0       0x5b c:/intelfpga_lite/18.1/nios2eds/bin/gnu/h-x86_64-mingw32/bin/../lib/gcc/nios2-elf/5.3.0/../../../../../H-x86_64-mingw32/nios2-elf/lib\libsmallc.a(lib_a-puts.o)
                                        0x4b3 (size before relaxing)
 .debug_str     0x000000000000114b       0xd5 c:/intelfpga_lite/18.1/nios2eds/bin/gnu/h-x86_64-mingw32/bin/../lib/gcc/nios2-elf/5.3.0/../../../../../H-x86_64-mingw32/nios2-elf/lib\libsmallc.a(lib_a-sbrkr.o)
                                        0x49a (size before relaxing)
 .debug_str     0x0000000000001220       0x81 c:/intelfpga_lite/18.1/nios2eds/bin/gnu/h-x86_64-mingw32/bin/../lib/gcc/nios2-elf/5.3.0/../../../../../H-x86_64-mingw32/nios2-elf/lib\libsmallc.a(lib_a-sprintf.o)
                                        0x50f (size before relaxing)
 .debug_str     0x00000000000012a1       0xc4 c:/intelfpga_lite/18.1/nios2eds/bin/gnu/h-x86_64-mingw32/bin/../lib/gcc/nios2-elf/5.3.0/../../../../../H-x86_64-mingw32/nios2-elf/lib\libsmallc.a(lib_a-strlen.o)
                                        0x1cb (size before relaxing)
 .debug_str     0x0000000000001365      0x204 c:/intelfpga_lite/18.1/nios2eds/bin/gnu/h-x86_64-mingw32/bin/../lib/gcc/nios2-elf/5.3.0/../../../../../H-x86_64-mingw32/nios2-elf/lib\libsmallc.a(lib_a-svfprintf.o)
                                        0x66d (size before relaxing)
 .debug_str     0x0000000000001569      0x665 c:/intelfpga_lite/18.1/nios2eds/bin/gnu/h-x86_64-mingw32/bin/../lib/gcc/nios2-elf/5.3.0/../../../../../H-x86_64-mingw32/nios2-elf/lib\libsmallc.a(lib_a-vfprintf.o)
 .debug_str     0x0000000000001569       0x60 c:/intelfpga_lite/18.1/nios2eds/bin/gnu/h-x86_64-mingw32/bin/../lib/gcc/nios2-elf/5.3.0/../../../../../H-x86_64-mingw32/nios2-elf/lib\libsmallc.a(lib_a-fvwrite_small_dev.o)
                                        0x4ba (size before relaxing)
 .debug_str     0x00000000000015c9       0x61 c:/intelfpga_lite/18.1/nios2eds/bin/gnu/h-x86_64-mingw32/bin/../lib/gcc/nios2-elf/5.3.0/../../../../../H-x86_64-mingw32/nios2-elf/lib\libsmallc.a(lib_a-fvwrite_small_str.o)
                                        0x4dd (size before relaxing)
 .debug_str     0x000000000000162a       0x58 c:/intelfpga_lite/18.1/nios2eds/bin/gnu/h-x86_64-mingw32/bin/../lib/gcc/nios2-elf/5.3.0/../../../../../H-x86_64-mingw32/nios2-elf/lib\libsmallc.a(lib_a-impure.o)
                                        0x4a4 (size before relaxing)
 .debug_str     0x0000000000001682       0x3c c:/intelfpga_lite/18.1/nios2eds/bin/gnu/h-x86_64-mingw32/bin/../lib/gcc/nios2-elf/5.3.0/../../../../../H-x86_64-mingw32/nios2-elf/lib\libsmallc.a(lib_a-int_errno.o)
                                        0x1be (size before relaxing)
 .debug_str     0x00000000000016be       0x54 c:/intelfpga_lite/18.1/nios2eds/bin/gnu/h-x86_64-mingw32/bin/../lib/gcc/nios2-elf/5.3.0/../../../../../H-x86_64-mingw32/nios2-elf/lib\libsmallc.a(lib_a-memmove.o)