Archive member included to satisfy reference by file (symbol)

c:/intelfpga_lite/18.1/nios2eds/bin/gnu/h-x86_64-mingw32/bin/../lib/gcc/nios2-elf/5.3.0\libgcc.a(lib2-divmod.o)
                              obj/default/I2C_core.o (__divsi3)
c:/intelfpga_lite/18.1/nios2eds/bin/gnu/h-x86_64-mingw32/bin/../lib/gcc/nios2-elf/5.3.0/../../../../../H-x86_64-mingw32/nios2-elf/lib\libsmallc.a(lib_a-printf.o)
                              obj/default/auto_focus.o (printf)
c:/intelfpga_lite/18.1/nios2eds/bin/gnu/h-x86_64-mingw32/bin/../lib/gcc/nios2-elf/5.3.0/../../../../../H-x86_64-mingw32/nios2-elf/lib\libsmallc.a(lib_a-putchar.o)
                              obj/default/main.o (putchar)
c:/intelfpga_lite/18.1/nios2eds/bin/gnu/h-x86_64-mingw32/bin/../lib/gcc/nios2-elf/5.3.0/../../../../../H-x86_64-mingw32/nios2-elf/lib\libsmallc.a(lib_a-puts.o)
                              obj/default/I2C_core.o (puts)
c:/intelfpga_lite/18.1/nios2eds/bin/gnu/h-x86_64-mingw32/bin/../lib/gcc/nios2-elf/5.3.0/../../../../../H-x86_64-mingw32/nios2-elf/lib\libsmallc.a(lib_a-strlen.o)
                              c:/intelfpga_lite/18.1/nios2eds/bin/gnu/h-x86_64-mingw32/bin/../lib/gcc/nios2-elf/5.3.0/../../../../../H-x86_64-mingw32/nios2-elf/lib\libsmallc.a(lib_a-puts.o) (strlen)
c:/intelfpga_lite/18.1/nios2eds/bin/gnu/h-x86_64-mingw32/bin/../lib/gcc/nios2-elf/5.3.0/../../../../../H-x86_64-mingw32/nios2-elf/lib\libsmallc.a(lib_a-vfprintf.o)
                              c:/intelfpga_lite/18.1/nios2eds/bin/gnu/h-x86_64-mingw32/bin/../lib/gcc/nios2-elf/5.3.0/../../../../../H-x86_64-mingw32/nios2-elf/lib\libsmallc.a(lib_a-printf.o) (___vfprintf_internal_r)
c:/intelfpga_lite/18.1/nios2eds/bin/gnu/h-x86_64-mingw32/bin/../lib/gcc/nios2-elf/5.3.0/../../../../../H-x86_64-mingw32/nios2-elf/lib\libsmallc.a(lib_a-fvwrite_small_dev.o)
                              c:/intelfpga_lite/18.1/nios2eds/bin/gnu/h-x86_64-mingw32/bin/../lib/gcc/nios2-elf/5.3.0/../../../../../H-x86_64-mingw32/nios2-elf/lib\libsmallc.a(lib_a-printf.o) (__sfvwrite_small_dev)
c:/intelfpga_lite/18.1/nios2eds/bin/gnu/h-x86_64-mingw32/bin/../lib/gcc/nios2-elf/5.3.0/../../../../../H-x86_64-mingw32/nios2-elf/lib\libsmallc.a(lib_a-impure.o)
                              c:/intelfpga_lite/18.1/nios2eds/bin/gnu/h-x86_64-mingw32/bin/../lib/gcc/nios2-elf/5.3.0/../../../../../H-x86_64-mingw32/nios2-elf/lib\libsmallc.a(lib_a-printf.o) (_impure_ptr)
c:/intelfpga_lite/18.1/nios2eds/bin/gnu/h-x86_64-mingw32/bin/../lib/gcc/nios2-elf/5.3.0/../../../../../H-x86_64-mingw32/nios2-elf/lib\libsmallc.a(lib_a-putc.o)
                              c:/intelfpga_lite/18.1/nios2eds/bin/gnu/h-x86_64-mingw32/bin/../lib/gcc/nios2-elf/5.3.0/../../../../../H-x86_64-mingw32/nios2-elf/lib\libsmallc.a(lib_a-putchar.o) (_putc_r)
c:/intelfpga_lite/18.1/nios2eds/bin/gnu/h-x86_64-mingw32/bin/../lib/gcc/nios2-elf/5.3.0/../../../../../H-x86_64-mingw32/nios2-elf/lib\libsmallc.a(lib_a-writer.o)
                              c:/intelfpga_lite/18.1/nios2eds/bin/gnu/h-x86_64-mingw32/bin/../lib/gcc/nios2-elf/5.3.0/../../../../../H-x86_64-mingw32/nios2-elf/lib\libsmallc.a(lib_a-fvwrite_small_dev.o) (_write_r)
c:/intelfpga_lite/18.1/nios2eds/bin/gnu/h-x86_64-mingw32/bin/../lib/gcc/nios2-elf/5.3.0/../../../../../H-x86_64-mingw32/nios2-elf/lib\libsmallc.a(lib_a-int_errno.o)
                              c:/intelfpga_lite/18.1/nios2eds/bin/gnu/h-x86_64-mingw32/bin/../lib/gcc/nios2-elf/5.3.0/../../../../../H-x86_64-mingw32/nios2-elf/lib\libsmallc.a(lib_a-writer.o) (errno)
../cam_small_bsp/\libhal_bsp.a(alt_fcntl.o)
                              obj/default/main.o (fcntl)
../cam_small_bsp/\libhal_bsp.a(alt_getchar.o)
                              obj/default/main.o (alt_getchar)
../cam_small_bsp/\libhal_bsp.a(alt_load.o)
                              ../cam_small_bsp//obj/HAL/src/crt0.o (alt_load)
../cam_small_bsp/\libhal_bsp.a(alt_main.o)
                              ../cam_small_bsp//obj/HAL/src/crt0.o (alt_main)
../cam_small_bsp/\libhal_bsp.a(alt_tick.o)
                              obj/default/auto_focus.o (_alt_nticks)
../cam_small_bsp/\libhal_bsp.a(alt_usleep.o)
                              obj/default/I2C_core.o (usleep)
../cam_small_bsp/\libhal_bsp.a(alt_write.o)
                              c:/intelfpga_lite/18.1/nios2eds/bin/gnu/h-x86_64-mingw32/bin/../lib/gcc/nios2-elf/5.3.0/../../../../../H-x86_64-mingw32/nios2-elf/lib\libsmallc.a(lib_a-writer.o) (write)
../cam_small_bsp/\libhal_bsp.a(alt_sys_init.o)
                              ../cam_small_bsp/\libhal_bsp.a(alt_main.o) (alt_irq_init)
../cam_small_bsp/\libhal_bsp.a(altera_avalon_jtag_uart_read.o)
                              ../cam_small_bsp/\libhal_bsp.a(alt_getchar.o) (altera_avalon_jtag_uart_read)
../cam_small_bsp/\libhal_bsp.a(altera_avalon_jtag_uart_write.o)
                              ../cam_small_bsp/\libhal_bsp.a(alt_write.o) (altera_avalon_jtag_uart_write)
../cam_small_bsp/\libhal_bsp.a(alt_busy_sleep.o)
                              ../cam_small_bsp/\libhal_bsp.a(alt_usleep.o) (alt_busy_sleep)
../cam_small_bsp/\libhal_bsp.a(alt_dcache_flush_all.o)
                              ../cam_small_bsp/\libhal_bsp.a(alt_load.o) (alt_dcache_flush_all)
../cam_small_bsp/\libhal_bsp.a(alt_dev.o)
                              ../cam_small_bsp/\libhal_bsp.a(alt_fcntl.o) (alt_fd_list)
../cam_small_bsp/\libhal_bsp.a(alt_errno.o)
                              ../cam_small_bsp/\libhal_bsp.a(alt_fcntl.o) (alt_errno)
../cam_small_bsp/\libhal_bsp.a(alt_icache_flush_all.o)
                              ../cam_small_bsp/\libhal_bsp.a(alt_load.o) (alt_icache_flush_all)
../cam_small_bsp/\libhal_bsp.a(altera_nios2_gen2_irq.o)
                              ../cam_small_bsp/\libhal_bsp.a(alt_sys_init.o) (altera_nios2_gen2_irq_init)
../cam_small_bsp/\libhal_bsp.a(alt_icache_flush.o)
                              ../cam_small_bsp/\libhal_bsp.a(alt_icache_flush_all.o) (alt_icache_flush)

Allocating common symbols
Common symbol       size              file

errno               0x4               c:/intelfpga_lite/18.1/nios2eds/bin/gnu/h-x86_64-mingw32/bin/../lib/gcc/nios2-elf/5.3.0/../../../../../H-x86_64-mingw32/nios2-elf/lib\libsmallc.a(lib_a-int_errno.o)

Memory Configuration

Name             Origin             Length             Attributes
reset            0x0000000000020000 0x0000000000000020
onchip_memory2_0 0x0000000000020020 0x000000000001ffe0
*default*        0x0000000000000000 0xffffffffffffffff

Linker script and memory map

LOAD ../cam_small_bsp//obj/HAL/src/crt0.o
LOAD obj/default/I2C_core.o
LOAD obj/default/auto_focus.o
LOAD obj/default/main.o
LOAD obj/default/mipi_bridge_config.o
LOAD obj/default/mipi_camera_config.o
LOAD c:/intelfpga_lite/18.1/nios2eds/bin/gnu/h-x86_64-mingw32/bin/../lib/gcc/nios2-elf/5.3.0/../../../../../H-x86_64-mingw32/nios2-elf/lib\libstdc++.a
LOAD c:/intelfpga_lite/18.1/nios2eds/bin/gnu/h-x86_64-mingw32/bin/../lib/gcc/nios2-elf/5.3.0/../../../../../H-x86_64-mingw32/nios2-elf/lib\libm.a
LOAD c:/intelfpga_lite/18.1/nios2eds/bin/gnu/h-x86_64-mingw32/bin/../lib/gcc/nios2-elf/5.3.0\libgcc.a
START GROUP
LOAD c:/intelfpga_lite/18.1/nios2eds/bin/gnu/h-x86_64-mingw32/bin/../lib/gcc/nios2-elf/5.3.0/../../../../../H-x86_64-mingw32/nios2-elf/lib\libsmallc.a
LOAD c:/intelfpga_lite/18.1/nios2eds/bin/gnu/h-x86_64-mingw32/bin/../lib/gcc/nios2-elf/5.3.0\libgcc.a
LOAD ../cam_small_bsp/\libhal_bsp.a
LOAD c:/intelfpga_lite/18.1/nios2eds/bin/gnu/h-x86_64-mingw32/bin/../lib/gcc/nios2-elf/5.3.0/../../../../../H-x86_64-mingw32/nios2-elf/lib\libm.a
END GROUP
LOAD c:/intelfpga_lite/18.1/nios2eds/bin/gnu/h-x86_64-mingw32/bin/../lib/gcc/nios2-elf/5.3.0\libgcc.a
                0x0000000000020000                __alt_mem_onchip_memory2_0 = 0x20000

.entry          0x0000000000020000       0x20
 *(.entry)
 .entry         0x0000000000020000       0x20 ../cam_small_bsp//obj/HAL/src/crt0.o
                0x0000000000020000                __reset
                0x000000000002001c                _exit

.exceptions     0x0000000000020020        0x0
                0x0000000000020020                PROVIDE (__ram_exceptions_start, ABSOLUTE (.))
                0x0000000000020020                . = ALIGN (0x20)
 *(.irq)
 *(.exceptions.entry.label)
 *(.exceptions.entry.user)
 *(.exceptions.entry.ecc_fatal)
 *(.exceptions.entry)
 *(.exceptions.irqtest.user)
 *(.exceptions.irqtest)
 *(.exceptions.irqhandler.user)
 *(.exceptions.irqhandler)
 *(.exceptions.irqreturn.user)
 *(.exceptions.irqreturn)
 *(.exceptions.notirq.label)
 *(.exceptions.notirq.user)
 *(.exceptions.notirq)
 *(.exceptions.soft.user)
 *(.exceptions.soft)
 *(.exceptions.unknown.user)
 *(.exceptions.unknown)
 *(.exceptions.exit.label)
 *(.exceptions.exit.user)
 *(.exceptions.exit)
 *(.exceptions)
                0x0000000000020020                PROVIDE (__ram_exceptions_end, ABSOLUTE (.))
                0x0000000000020020                PROVIDE (__flash_exceptions_start, LOADADDR (.exceptions))

.text           0x0000000000020020     0x2724
                [!provide]                        PROVIDE (stext, ABSOLUTE (.))
 *(.interp)
 *(.hash)
 *(.dynsym)
 *(.dynstr)
 *(.gnu.version)
 *(.gnu.version_d)
 *(.gnu.version_r)
 *(.rel.init)
 *(.rela.init)
 *(.rel.text .rel.text.* .rel.gnu.linkonce.t.*)
 *(.rela.text .rela.text.* .rela.gnu.linkonce.t.*)
 *(.rel.fini)
 *(.rela.fini)
 *(.rel.rodata .rel.rodata.* .rel.gnu.linkonce.r.*)
 *(.rela.rodata .rela.rodata.* .rela.gnu.linkonce.r.*)
 *(.rel.data .rel.data.* .rel.gnu.linkonce.d.*)
 *(.rela.data .rela.data.* .rela.gnu.linkonce.d.*)
 *(.rel.tdata .rel.tdata.* .rel.gnu.linkonce.td.*)
 *(.rela.tdata .rela.tdata.* .rela.gnu.linkonce.td.*)
 *(.rel.tbss .rel.tbss.* .rel.gnu.linkonce.tb.*)
 *(.rela.tbss .rela.tbss.* .rela.gnu.linkonce.tb.*)
 *(.rel.ctors)
 *(.rela.ctors)
 *(.rel.dtors)
 *(.rela.dtors)
 *(.rel.got)
 *(.rela.got)
 *(.rel.sdata .rel.sdata.* .rel.gnu.linkonce.s.*)
 *(.rela.sdata .rela.sdata.* .rela.gnu.linkonce.s.*)
 *(.rel.sbss .rel.sbss.* .rel.gnu.linkonce.sb.*)
 *(.rela.sbss .rela.sbss.* .rela.gnu.linkonce.sb.*)
 *(.rel.sdata2 .rel.sdata2.* .rel.gnu.linkonce.s2.*)
 *(.rela.sdata2 .rela.sdata2.* .rela.gnu.linkonce.s2.*)
 *(.rel.sbss2 .rel.sbss2.* .rel.gnu.linkonce.sb2.*)
 *(.rela.sbss2 .rela.sbss2.* .rela.gnu.linkonce.sb2.*)
 *(.rel.bss .rel.bss.* .rel.gnu.linkonce.b.*)
 *(.rela.bss .rela.bss.* .rela.gnu.linkonce.b.*)
 *(.rel.plt)
 *(.rela.plt)
 *(.rel.dyn)
 *(.init)
 *(.plt)
 *(.text .stub .text.* .gnu.linkonce.t.*)
 .text          0x0000000000020020       0x4c ../cam_small_bsp//obj/HAL/src/crt0.o
                0x0000000000020020                _start
 .text          0x000000000002006c      0x808 obj/default/I2C_core.o
                0x000000000002006c                Write32_Data
                0x0000000000020084                Read32_Data
                0x00000000000200a0                oc_i2c_init_ex
                0x0000000000020130                oc_i2c_init
                0x0000000000020144                oc_i2c_uninit
                0x0000000000020184                ACK_single_check
                0x00000000000201d8                ACK_check
                0x0000000000020220                OC_I2C_Write
                0x0000000000020328                ACK_judge_for_read
                0x000000000002035c                OC_I2C_Read
                0x00000000000204bc                OC_I2C_Read_Continue
                0x00000000000205b0                OC_I2CL_Write
                0x00000000000206e4                OC_I2CL_Read
 .text          0x0000000000020874      0x29c obj/default/auto_focus.o
                0x0000000000020874                Focus_Init
                0x0000000000020958                Focus_Released
                0x00000000000209cc                Focus_Window
 .text          0x0000000000020b10      0x2ec obj/default/main.o
                0x0000000000020b10                mipi_clear_error
                0x0000000000020bbc                mipi_show_error_info
                0x0000000000020c50                mipi_show_error_info_more
                0x0000000000020d80                MIPI_Init
 .text.startup  0x0000000000020dfc      0x288 obj/default/main.o
                0x0000000000020dfc                main
 .text          0x0000000000021084      0x140 obj/default/mipi_bridge_config.o
                0x0000000000021084                nSWAP16
                0x0000000000021098                MipiBridgeRegWrite
                0x00000000000210d0                MipiBridgeRegRead
                0x0000000000021114                MipiBridgeInit
 .text          0x00000000000211c4      0x618 obj/default/mipi_camera_config.o
                0x00000000000211c4                OV8865_read_cmos_sensor_8
                0x00000000000211fc                OV8865_write_cmos_sensor_8
                0x0000000000021234                OV8865_write_AF
                0x000000000002126c                OV8865_read_AF
                0x00000000000212b0                OV8865_FOCUS_Move_to
                0x0000000000021338                OV8865SetExposure
                0x00000000000213d8                OV8865SetGain
                0x0000000000021478                OV8865ReadExposure
                0x0000000000021508                MIPI_BIN_LEVEL
                0x0000000000021694                MipiCameraInit
 .text          0x00000000000217dc      0x1b4 c:/intelfpga_lite/18.1/nios2eds/bin/gnu/h-x86_64-mingw32/bin/../lib/gcc/nios2-elf/5.3.0\libgcc.a(lib2-divmod.o)
                0x00000000000217dc                __divsi3
                0x0000000000021860                __modsi3
                0x00000000000218d4                __udivsi3
                0x0000000000021938                __umodsi3
 .text          0x0000000000021990        0x0 c:/intelfpga_lite/18.1/nios2eds/bin/gnu/h-x86_64-mingw32/bin/../lib/gcc/nios2-elf/5.3.0/../../../../../H-x86_64-mingw32/nios2-elf/lib\libsmallc.a(lib_a-printf.o)
 .text._printf_r
                0x0000000000021990       0x3c c:/intelfpga_lite/18.1/nios2eds/bin/gnu/h-x86_64-mingw32/bin/../lib/gcc/nios2-elf/5.3.0/../../../../../H-x86_64-mingw32/nios2-elf/lib\libsmallc.a(lib_a-printf.o)
                0x0000000000021990                _printf_r
 .text.printf   0x00000000000219cc       0x4c c:/intelfpga_lite/18.1/nios2eds/bin/gnu/h-x86_64-mingw32/bin/../lib/gcc/nios2-elf/5.3.0/../../../../../H-x86_64-mingw32/nios2-elf/lib\libsmallc.a(lib_a-printf.o)
                0x00000000000219cc                printf
 .text          0x0000000000021a18        0x0 c:/intelfpga_lite/18.1/nios2eds/bin/gnu/h-x86_64-mingw32/bin/../lib/gcc/nios2-elf/5.3.0/../../../../../H-x86_64-mingw32/nios2-elf/lib\libsmallc.a(lib_a-putchar.o)
 .text._putchar_r
                0x0000000000021a18        0x8 c:/intelfpga_lite/18.1/nios2eds/bin/gnu/h-x86_64-mingw32/bin/../lib/gcc/nios2-elf/5.3.0/../../../../../H-x86_64-mingw32/nios2-elf/lib\libsmallc.a(lib_a-putchar.o)
                0x0000000000021a18                _putchar_r
 .text.putchar  0x0000000000021a20       0x1c c:/intelfpga_lite/18.1/nios2eds/bin/gnu/h-x86_64-mingw32/bin/../lib/gcc/nios2-elf/5.3.0/../../../../../H-x86_64-mingw32/nios2-elf/lib\libsmallc.a(lib_a-putchar.o)
                0x0000000000021a20                putchar
 .text          0x0000000000021a3c        0x0 c:/intelfpga_lite/18.1/nios2eds/bin/gnu/h-x86_64-mingw32/bin/../lib/gcc/nios2-elf/5.3.0/../../../../../H-x86_64-mingw32/nios2-elf/lib\libsmallc.a(lib_a-puts.o)
 .text._puts_r  0x0000000000021a3c       0x80 c:/intelfpga_lite/18.1/nios2eds/bin/gnu/h-x86_64-mingw32/bin/../lib/gcc/nios2-elf/5.3.0/../../../../../H-x86_64-mingw32/nios2-elf/lib\libsmallc.a(lib_a-puts.o)
                0x0000000000021a3c                _puts_r
 .text.puts     0x0000000000021abc       0x14 c:/intelfpga_lite/18.1/nios2eds/bin/gnu/h-x86_64-mingw32/bin/../lib/gcc/nios2-elf/5.3.0/../../../../../H-x86_64-mingw32/nios2-elf/lib\libsmallc.a(lib_a-puts.o)
                0x0000000000021abc                puts
 .text          0x0000000000021ad0        0x0 c:/intelfpga_lite/18.1/nios2eds/bin/gnu/h-x86_64-mingw32/bin/../lib/gcc/nios2-elf/5.3.0/../../../../../H-x86_64-mingw32/nios2-elf/lib\libsmallc.a(lib_a-strlen.o)
 .text.strlen   0x0000000000021ad0       0x1c c:/intelfpga_lite/18.1/nios2eds/bin/gnu/h-x86_64-mingw32/bin/../lib/gcc/nios2-elf/5.3.0/../../../../../H-x86_64-mingw32/nios2-elf/lib\libsmallc.a(lib_a-strlen.o)
                0x0000000000021ad0                strlen
 .text          0x0000000000021aec        0x0 c:/intelfpga_lite/18.1/nios2eds/bin/gnu/h-x86_64-mingw32/bin/../lib/gcc/nios2-elf/5.3.0/../../../../../H-x86_64-mingw32/nios2-elf/lib\libsmallc.a(lib_a-vfprintf.o)
 .text.print_repeat
                0x0000000000021aec       0x6c c:/intelfpga_lite/18.1/nios2eds/bin/gnu/h-x86_64-mingw32/bin/../lib/gcc/nios2-elf/5.3.0/../../../../../H-x86_64-mingw32/nios2-elf/lib\libsmallc.a(lib_a-vfprintf.o)
 .text.___vfprintf_internal_r
                0x0000000000021b58      0x524 c:/intelfpga_lite/18.1/nios2eds/bin/gnu/h-x86_64-mingw32/bin/../lib/gcc/nios2-elf/5.3.0/../../../../../H-x86_64-mingw32/nios2-elf/lib\libsmallc.a(lib_a-vfprintf.o)
                0x0000000000021b58                ___vfprintf_internal_r
 .text.__vfprintf_internal
                0x000000000002207c       0x1c c:/intelfpga_lite/18.1/nios2eds/bin/gnu/h-x86_64-mingw32/bin/../lib/gcc/nios2-elf/5.3.0/../../../../../H-x86_64-mingw32/nios2-elf/lib\libsmallc.a(lib_a-vfprintf.o)
                0x000000000002207c                __vfprintf_internal
 .text          0x0000000000022098        0x0 c:/intelfpga_lite/18.1/nios2eds/bin/gnu/h-x86_64-mingw32/bin/../lib/gcc/nios2-elf/5.3.0/../../../../../H-x86_64-mingw32/nios2-elf/lib\libsmallc.a(lib_a-fvwrite_small_dev.o)
 .text.__sfvwrite_small_dev
                0x0000000000022098       0xb8 c:/intelfpga_lite/18.1/nios2eds/bin/gnu/h-x86_64-mingw32/bin/../lib/gcc/nios2-elf/5.3.0/../../../../../H-x86_64-mingw32/nios2-elf/lib\libsmallc.a(lib_a-fvwrite_small_dev.o)
                0x0000000000022098                __sfvwrite_small_dev
 .text          0x0000000000022150        0x0 c:/intelfpga_lite/18.1/nios2eds/bin/gnu/h-x86_64-mingw32/bin/../lib/gcc/nios2-elf/5.3.0/../../../../../H-x86_64-mingw32/nios2-elf/lib\libsmallc.a(lib_a-impure.o)
 .text          0x0000000000022150        0x0 c:/intelfpga_lite/18.1/nios2eds/bin/gnu/h-x86_64-mingw32/bin/../lib/gcc/nios2-elf/5.3.0/../../../../../H-x86_64-mingw32/nios2-elf/lib\libsmallc.a(lib_a-putc.o)
 .text.putc     0x0000000000022150       0x54 c:/intelfpga_lite/18.1/nios2eds/bin/gnu/h-x86_64-mingw32/bin/../lib/gcc/nios2-elf/5.3.0/../../../../../H-x86_64-mingw32/nios2-elf/lib\libsmallc.a(lib_a-putc.o)
                0x0000000000022150                putc
 .text._putc_r  0x00000000000221a4       0x58 c:/intelfpga_lite/18.1/nios2eds/bin/gnu/h-x86_64-mingw32/bin/../lib/gcc/nios2-elf/5.3.0/../../../../../H-x86_64-mingw32/nios2-elf/lib\libsmallc.a(lib_a-putc.o)
                0x00000000000221a4                _putc_r
 .text          0x00000000000221fc        0x0 c:/intelfpga_lite/18.1/nios2eds/bin/gnu/h-x86_64-mingw32/bin/../lib/gcc/nios2-elf/5.3.0/../../../../../H-x86_64-mingw32/nios2-elf/lib\libsmallc.a(lib_a-writer.o)
 .text._write_r
                0x00000000000221fc       0x58 c:/intelfpga_lite/18.1/nios2eds/bin/gnu/h-x86_64-mingw32/bin/../lib/gcc/nios2-elf/5.3.0/../../../../../H-x86_64-mingw32/nios2-elf/lib\libsmallc.a(lib_a-writer.o)
                0x00000000000221fc                _write_r
 .text          0x0000000000022254        0x0 c:/intelfpga_lite/18.1/nios2eds/bin/gnu/h-x86_64-mingw32/bin/../lib/gcc/nios2-elf/5.3.0/../../../../../H-x86_64-mingw32/nios2-elf/lib\libsmallc.a(lib_a-int_errno.o)
 .text          0x0000000000022254       0xb8 ../cam_small_bsp/\libhal_bsp.a(alt_fcntl.o)
                0x0000000000022254                fcntl
 .text          0x000000000002230c       0x44 ../cam_small_bsp/\libhal_bsp.a(alt_getchar.o)
                0x000000000002230c                alt_getchar
 .text          0x0000000000022350       0xe0 ../cam_small_bsp/\libhal_bsp.a(alt_load.o)
                0x0000000000022350                alt_load
 .text          0x0000000000022430       0x2c ../cam_small_bsp/\libhal_bsp.a(alt_main.o)
                0x0000000000022430                alt_main
 .text          0x000000000002245c       0xec ../cam_small_bsp/\libhal_bsp.a(alt_tick.o)
                0x000000000002245c                alt_alarm_stop
                0x0000000000022490                alt_tick
 .text          0x0000000000022548        0x4 ../cam_small_bsp/\libhal_bsp.a(alt_usleep.o)
                0x0000000000022548                usleep
 .text          0x000000000002254c       0x60 ../cam_small_bsp/\libhal_bsp.a(alt_write.o)
                0x000000000002254c                write
 .text          0x00000000000225ac       0x24 ../cam_small_bsp/\libhal_bsp.a(alt_sys_init.o)
                0x00000000000225ac                alt_irq_init
                0x00000000000225cc                alt_sys_init
 .text          0x00000000000225d0       0x5c ../cam_small_bsp/\libhal_bsp.a(altera_avalon_jtag_uart_read.o)
                0x00000000000225d0                altera_avalon_jtag_uart_read
 .text          0x000000000002262c       0x34 ../cam_small_bsp/\libhal_bsp.a(altera_avalon_jtag_uart_write.o)
                0x000000000002262c                altera_avalon_jtag_uart_write
 .text          0x0000000000022660       0x78 ../cam_small_bsp/\libhal_bsp.a(alt_busy_sleep.o)
                0x0000000000022660                alt_busy_sleep
 .text          0x00000000000226d8       0x18 ../cam_small_bsp/\libhal_bsp.a(alt_dcache_flush_all.o)
                0x00000000000226d8                alt_dcache_flush_all
 .text          0x00000000000226f0        0x8 ../cam_small_bsp/\libhal_bsp.a(alt_dev.o)
 .text          0x00000000000226f8        0x0 ../cam_small_bsp/\libhal_bsp.a(alt_errno.o)
 .text          0x00000000000226f8        0xc ../cam_small_bsp/\libhal_bsp.a(alt_icache_flush_all.o)
                0x00000000000226f8                alt_icache_flush_all
 .text          0x0000000000022704        0x8 ../cam_small_bsp/\libhal_bsp.a(altera_nios2_gen2_irq.o)
                0x0000000000022704                altera_nios2_gen2_irq_init
 .text          0x000000000002270c       0x38 ../cam_small_bsp/\libhal_bsp.a(alt_icache_flush.o)
                0x000000000002270c                alt_icache_flush
 *(.gnu.warning.*)
 *(.fini)
                [!provide]                        PROVIDE (__etext, ABSOLUTE (.))
                [!provide]                        PROVIDE (_etext, ABSOLUTE (.))
                [!provide]                        PROVIDE (etext, ABSOLUTE (.))
 *(.eh_frame_hdr)
                0x0000000000022744                . = ALIGN (0x4)
                [!provide]                        PROVIDE (__preinit_array_start, ABSOLUTE (.))
 *(.preinit_array)
                [!provide]                        PROVIDE (__preinit_array_end, ABSOLUTE (.))
                [!provide]                        PROVIDE (__init_array_start, ABSOLUTE (.))
 *(.init_array)
                [!provide]                        PROVIDE (__init_array_end, ABSOLUTE (.))
                [!provide]                        PROVIDE (__fini_array_start, ABSOLUTE (.))
 *(.fini_array)
                [!provide]                        PROVIDE (__fini_array_end, ABSOLUTE (.))
 *(.eh_frame)
 *(.gcc_except_table .gcc_except_table.*)
 *(.dynamic)
                [!provide]                        PROVIDE (__CTOR_LIST__, ABSOLUTE (.))
 *(.ctors)
 *(SORT(.ctors.*))
                [!provide]                        PROVIDE (__CTOR_END__, ABSOLUTE (.))
                [!provide]                        PROVIDE (__DTOR_LIST__, ABSOLUTE (.))
 *(.dtors)
 *(SORT(.dtors.*))
                [!provide]                        PROVIDE (__DTOR_END__, ABSOLUTE (.))
 *(.jcr)
                0x0000000000022744                . = ALIGN (0x4)

.rodata         0x0000000000022744      0xcb4
                0x0000000000022744                PROVIDE (__ram_rodata_start, ABSOLUTE (.))
                0x0000000000022744                . = ALIGN (0x4)
 *(.rodata .rodata.* .gnu.linkonce.r.*)
 .rodata.str1.4
                0x0000000000022744      0x1cf obj/default/I2C_core.o
 *fill*         0x0000000000022913        0x1 
 .rodata.str1.4
                0x0000000000022914       0x4d obj/default/auto_focus.o
 *fill*         0x0000000000022961        0x3 
 .rodata.str1.4
                0x0000000000022964      0x1e0 obj/default/main.o
 .rodata.str1.4
                0x0000000000022b44       0x61 obj/default/mipi_bridge_config.o
 *fill*         0x0000000000022ba5        0x1 
 .rodata        0x0000000000022ba6       0x34 obj/default/mipi_bridge_config.o
 *fill*         0x0000000000022bda        0x2 
 .rodata.str1.4
                0x0000000000022bdc       0x9c obj/default/mipi_camera_config.o
 .rodata        0x0000000000022c78      0x774 obj/default/mipi_camera_config.o
 .rodata.str1.4
                0x00000000000233ec       0x9c c:/intelfpga_lite/18.1/nios2eds/bin/gnu/h-x86_64-mingw32/bin/../lib/gcc/nios2-elf/5.3.0/../../../../../H-x86_64-mingw32/nios2-elf/lib\libsmallc.a(lib_a-puts.o)
                                          0x2 (size before relaxing)
 .rodata.str1.4
                0x00000000000233ec        0xc ../cam_small_bsp/\libhal_bsp.a(alt_dev.o)
                                          0xa (size before relaxing)
 *(.rodata1)
                0x0000000000023488                . = ALIGN (0x4)
                0x0000000000023488                PROVIDE (__ram_rodata_end, ABSOLUTE (.))
                0x0000000000022744                PROVIDE (__flash_rodata_start, LOADADDR (.rodata))

.rwdata         0x00000000000233f8      0x174 load address 0x000000000002356c
                0x00000000000233f8                PROVIDE (__ram_rwdata_start, ABSOLUTE (.))
                0x00000000000233f8                . = ALIGN (0x4)
 *(.got.plt)
 *(.got)
 *(.data1)
 *(.data .data.* .gnu.linkonce.d.*)
 .data          0x00000000000233f8        0x0 ../cam_small_bsp//obj/HAL/src/crt0.o
 .data          0x00000000000233f8        0x0 obj/default/I2C_core.o
 .data          0x00000000000233f8        0x0 obj/default/auto_focus.o
 .data          0x00000000000233f8        0x0 obj/default/main.o
 .data          0x00000000000233f8        0x0 obj/default/mipi_bridge_config.o
 .data          0x00000000000233f8        0x0 obj/default/mipi_camera_config.o
 .data          0x00000000000233f8        0x0 c:/intelfpga_lite/18.1/nios2eds/bin/gnu/h-x86_64-mingw32/bin/../lib/gcc/nios2-elf/5.3.0\libgcc.a(lib2-divmod.o)
 .data          0x00000000000233f8        0x0 c:/intelfpga_lite/18.1/nios2eds/bin/gnu/h-x86_64-mingw32/bin/../lib/gcc/nios2-elf/5.3.0/../../../../../H-x86_64-mingw32/nios2-elf/lib\libsmallc.a(lib_a-printf.o)
 .data          0x00000000000233f8        0x0 c:/intelfpga_lite/18.1/nios2eds/bin/gnu/h-x86_64-mingw32/bin/../lib/gcc/nios2-elf/5.3.0/../../../../../H-x86_64-mingw32/nios2-elf/lib\libsmallc.a(lib_a-putchar.o)
 .data          0x00000000000233f8        0x0 c:/intelfpga_lite/18.1/nios2eds/bin/gnu/h-x86_64-mingw32/bin/../lib/gcc/nios2-elf/5.3.0/../../../../../H-x86_64-mingw32/nios2-elf/lib\libsmallc.a(lib_a-puts.o)
 .data          0x00000000000233f8        0x0 c:/intelfpga_lite/18.1/nios2eds/bin/gnu/h-x86_64-mingw32/bin/../lib/gcc/nios2-elf/5.3.0/../../../../../H-x86_64-mingw32/nios2-elf/lib\libsmallc.a(lib_a-strlen.o)
 .data          0x00000000000233f8        0x0 c:/intelfpga_lite/18.1/nios2eds/bin/gnu/h-x86_64-mingw32/bin/../lib/gcc/nios2-elf/5.3.0/../../../../../H-x86_64-mingw32/nios2-elf/lib\libsmallc.a(lib_a-vfprintf.o)
 .data          0x00000000000233f8        0x0 c:/intelfpga_lite/18.1/nios2eds/bin/gnu/h-x86_64-mingw32/bin/../lib/gcc/nios2-elf/5.3.0/../../../../../H-x86_64-mingw32/nios2-elf/lib\libsmallc.a(lib_a-fvwrite_small_dev.o)
 .data          0x00000000000233f8        0x0 c:/intelfpga_lite/18.1/nios2eds/bin/gnu/h-x86_64-mingw32/bin/../lib/gcc/nios2-elf/5.3.0/../../../../../H-x86_64-mingw32/nios2-elf/lib\libsmallc.a(lib_a-impure.o)
 .data.impure_data
                0x00000000000233f8       0xe0 c:/intelfpga_lite/18.1/nios2eds/bin/gnu/h-x86_64-mingw32/bin/../lib/gcc/nios2-elf/5.3.0/../../../../../H-x86_64-mingw32/nios2-elf/lib\libsmallc.a(lib_a-impure.o)
 .data          0x00000000000234d8        0x0 c:/intelfpga_lite/18.1/nios2eds/bin/gnu/h-x86_64-mingw32/bin/../lib/gcc/nios2-elf/5.3.0/../../../../../H-x86_64-mingw32/nios2-elf/lib\libsmallc.a(lib_a-putc.o)
 .data          0x00000000000234d8        0x0 c:/intelfpga_lite/18.1/nios2eds/bin/gnu/h-x86_64-mingw32/bin/../lib/gcc/nios2-elf/5.3.0/../../../../../H-x86_64-mingw32/nios2-elf/lib\libsmallc.a(lib_a-writer.o)
 .data          0x00000000000234d8        0x0 c:/intelfpga_lite/18.1/nios2eds/bin/gnu/h-x86_64-mingw32/bin/../lib/gcc/nios2-elf/5.3.0/../../../../../H-x86_64-mingw32/nios2-elf/lib\libsmallc.a(lib_a-int_errno.o)
 .data          0x00000000000234d8        0x0 ../cam_small_bsp/\libhal_bsp.a(alt_fcntl.o)
 .data          0x00000000000234d8        0x0 ../cam_small_bsp/\libhal_bsp.a(alt_getchar.o)
 .data          0x00000000000234d8        0x0 ../cam_small_bsp/\libhal_bsp.a(alt_load.o)
 .data          0x00000000000234d8        0x0 ../cam_small_bsp/\libhal_bsp.a(alt_main.o)
 .data          0x00000000000234d8        0x0 ../cam_small_bsp/\libhal_bsp.a(alt_tick.o)
 .data          0x00000000000234d8        0x0 ../cam_small_bsp/\libhal_bsp.a(alt_usleep.o)
 .data          0x00000000000234d8        0x0 ../cam_small_bsp/\libhal_bsp.a(alt_write.o)
 .data          0x00000000000234d8        0x0 ../cam_small_bsp/\libhal_bsp.a(alt_sys_init.o)
 .data          0x00000000000234d8        0x0 ../cam_small_bsp/\libhal_bsp.a(altera_avalon_jtag_uart_read.o)
 .data          0x00000000000234d8        0x0 ../cam_small_bsp/\libhal_bsp.a(altera_avalon_jtag_uart_write.o)
 .data          0x00000000000234d8        0x0 ../cam_small_bsp/\libhal_bsp.a(alt_busy_sleep.o)
 .data          0x00000000000234d8        0x0 ../cam_small_bsp/\libhal_bsp.a(alt_dcache_flush_all.o)
 .data          0x00000000000234d8       0x58 ../cam_small_bsp/\libhal_bsp.a(alt_dev.o)
                0x00000000000234d8                alt_fd_list
                0x0000000000023508                alt_dev_null
 .data          0x0000000000023530        0x0 ../cam_small_bsp/\libhal_bsp.a(alt_errno.o)
 .data          0x0000000000023530        0x0 ../cam_small_bsp/\libhal_bsp.a(alt_icache_flush_all.o)
 .data          0x0000000000023530        0x0 ../cam_small_bsp/\libhal_bsp.a(altera_nios2_gen2_irq.o)
 .data          0x0000000000023530        0x0 ../cam_small_bsp/\libhal_bsp.a(alt_icache_flush.o)
                0x000000000002b530                _gp = ABSOLUTE ((. + 0x8000))
                [!provide]                        PROVIDE (gp, _gp)
 *(.rwdata .rwdata.*)
 *(.sdata .sdata.* .gnu.linkonce.s.*)
 .sdata         0x0000000000023530        0xc obj/default/auto_focus.o
                0x0000000000023530                focus_th
                0x0000000000023531                focus_scal_f
                0x0000000000023532                focus_scal
                0x0000000000023534                focus_height
                0x0000000000023536                focus_width
                0x0000000000023538                video_h
                0x000000000002353a                video_w
 .sdata._global_impure_ptr
                0x000000000002353c        0x4 c:/intelfpga_lite/18.1/nios2eds/bin/gnu/h-x86_64-mingw32/bin/../lib/gcc/nios2-elf/5.3.0/../../../../../H-x86_64-mingw32/nios2-elf/lib\libsmallc.a(lib_a-impure.o)
                0x000000000002353c                _global_impure_ptr
 .sdata._impure_ptr
                0x0000000000023540        0x4 c:/intelfpga_lite/18.1/nios2eds/bin/gnu/h-x86_64-mingw32/bin/../lib/gcc/nios2-elf/5.3.0/../../../../../H-x86_64-mingw32/nios2-elf/lib\libsmallc.a(lib_a-impure.o)
                0x0000000000023540                _impure_ptr
 .sdata         0x0000000000023544        0x8 ../cam_small_bsp/\libhal_bsp.a(alt_tick.o)
                0x0000000000023544                alt_alarm_list
 .sdata         0x000000000002354c        0x8 ../cam_small_bsp/\libhal_bsp.a(alt_sys_init.o)
                0x000000000002354c                uart_0
                0x0000000000023550                jtag_uart
 .sdata         0x0000000000023554       0x14 ../cam_small_bsp/\libhal_bsp.a(alt_dev.o)
                0x0000000000023554                alt_max_fd
                0x0000000000023558                alt_dev_list
                0x0000000000023560                alt_fs_list
 .sdata         0x0000000000023568        0x4 ../cam_small_bsp/\libhal_bsp.a(alt_errno.o)
                0x0000000000023568                alt_errno
 *(.sdata2 .sdata2.* .gnu.linkonce.s2.*)
                0x000000000002356c                . = ALIGN (0x4)
                0x000000000002356c                _edata = ABSOLUTE (.)
                [!provide]                        PROVIDE (edata, ABSOLUTE (.))
                0x000000000002356c                PROVIDE (__ram_rwdata_end, ABSOLUTE (.))
                0x000000000002356c                PROVIDE (__flash_rwdata_start, LOADADDR (.rwdata))

.bss            0x00000000000236e0       0x18
                0x00000000000236e0                __bss_start = ABSOLUTE (.)
                [!provide]                        PROVIDE (__sbss_start, ABSOLUTE (.))
                [!provide]                        PROVIDE (___sbss_start, ABSOLUTE (.))
 *(.dynsbss)
 *(.sbss .sbss.* .gnu.linkonce.sb.*)
 .sbss          0x00000000000236e0        0x4 c:/intelfpga_lite/18.1/nios2eds/bin/gnu/h-x86_64-mingw32/bin/../lib/gcc/nios2-elf/5.3.0/../../../../../H-x86_64-mingw32/nios2-elf/lib\libsmallc.a(lib_a-int_errno.o)
                0x00000000000236e0                errno
 .sbss          0x00000000000236e4        0xc ../cam_small_bsp/\libhal_bsp.a(alt_main.o)
                0x00000000000236e4                alt_envp
                0x00000000000236e8                alt_argv
                0x00000000000236ec                alt_argc
 .sbss          0x00000000000236f0        0x8 ../cam_small_bsp/\libhal_bsp.a(alt_tick.o)
                0x00000000000236f0                _alt_nticks
                0x00000000000236f4                _alt_tick_rate
 *(.sbss2 .sbss2.* .gnu.linkonce.sb2.*)
 *(.scommon)
                [!provide]                        PROVIDE (__sbss_end, ABSOLUTE (.))
                [!provide]                        PROVIDE (___sbss_end, ABSOLUTE (.))
 *(.dynbss)
 *(.bss .bss.* .gnu.linkonce.b.*)
 .bss           0x00000000000236f8        0x0 ../cam_small_bsp//obj/HAL/src/crt0.o
 .bss           0x00000000000236f8        0x0 obj/default/I2C_core.o
 .bss           0x00000000000236f8        0x0 obj/default/auto_focus.o
 .bss           0x00000000000236f8        0x0 obj/default/main.o
 .bss           0x00000000000236f8        0x0 obj/default/mipi_bridge_config.o
 .bss           0x00000000000236f8        0x0 obj/default/mipi_camera_config.o
 .bss           0x00000000000236f8        0x0 c:/intelfpga_lite/18.1/nios2eds/bin/gnu/h-x86_64-mingw32/bin/../lib/gcc/nios2-elf/5.3.0\libgcc.a(lib2-divmod.o)
 .bss           0x00000000000236f8        0x0 c:/intelfpga_lite/18.1/nios2eds/bin/gnu/h-x86_64-mingw32/bin/../lib/gcc/nios2-elf/5.3.0/../../../../../H-x86_64-mingw32/nios2-elf/lib\libsmallc.a(lib_a-printf.o)
 .bss           0x00000000000236f8        0x0 c:/intelfpga_lite/18.1/nios2eds/bin/gnu/h-x86_64-mingw32/bin/../lib/gcc/nios2-elf/5.3.0/../../../../../H-x86_64-mingw32/nios2-elf/lib\libsmallc.a(lib_a-putchar.o)
 .bss           0x00000000000236f8        0x0 c:/intelfpga_lite/18.1/nios2eds/bin/gnu/h-x86_64-mingw32/bin/../lib/gcc/nios2-elf/5.3.0/../../../../../H-x86_64-mingw32/nios2-elf/lib\libsmallc.a(lib_a-puts.o)
 .bss           0x00000000000236f8        0x0 c:/intelfpga_lite/18.1/nios2eds/bin/gnu/h-x86_64-mingw32/bin/../lib/gcc/nios2-elf/5.3.0/../../../../../H-x86_64-mingw32/nios2-elf/lib\libsmallc.a(lib_a-strlen.o)
 .bss           0x00000000000236f8        0x0 c:/intelfpga_lite/18.1/nios2eds/bin/gnu/h-x86_64-mingw32/bin/../lib/gcc/nios2-elf/5.3.0/../../../../../H-x86_64-mingw32/nios2-elf/lib\libsmallc.a(lib_a-vfprintf.o)
 .bss           0x00000000000236f8        0x0 c:/intelfpga_lite/18.1/nios2eds/bin/gnu/h-x86_64-mingw32/bin/../lib/gcc/nios2-elf/5.3.0/../../../../../H-x86_64-mingw32/nios2-elf/lib\libsmallc.a(lib_a-fvwrite_small_dev.o)
 .bss           0x00000000000236f8        0x0 c:/intelfpga_lite/18.1/nios2eds/bin/gnu/h-x86_64-mingw32/bin/../lib/gcc/nios2-elf/5.3.0/../../../../../H-x86_64-mingw32/nios2-elf/lib\libsmallc.a(lib_a-impure.o)
 .bss           0x00000000000236f8        0x0 c:/intelfpga_lite/18.1/nios2eds/bin/gnu/h-x86_64-mingw32/bin/../lib/gcc/nios2-elf/5.3.0/../../../../../H-x86_64-mingw32/nios2-elf/lib\libsmallc.a(lib_a-putc.o)
 .bss           0x00000000000236f8        0x0 c:/intelfpga_lite/18.1/nios2eds/bin/gnu/h-x86_64-mingw32/bin/../lib/gcc/nios2-elf/5.3.0/../../../../../H-x86_64-mingw32/nios2-elf/lib\libsmallc.a(lib_a-writer.o)
 .bss           0x00000000000236f8        0x0 c:/intelfpga_lite/18.1/nios2eds/bin/gnu/h-x86_64-mingw32/bin/../lib/gcc/nios2-elf/5.3.0/../../../../../H-x86_64-mingw32/nios2-elf/lib\libsmallc.a(lib_a-int_errno.o)
 .bss           0x00000000000236f8        0x0 ../cam_small_bsp/\libhal_bsp.a(alt_fcntl.o)
 .bss           0x00000000000236f8        0x0 ../cam_small_bsp/\libhal_bsp.a(alt_getchar.o)
 .bss           0x00000000000236f8        0x0 ../cam_small_bsp/\libhal_bsp.a(alt_load.o)
 .bss           0x00000000000236f8        0x0 ../cam_small_bsp/\libhal_bsp.a(alt_main.o)
 .bss           0x00000000000236f8        0x0 ../cam_small_bsp/\libhal_bsp.a(alt_tick.o)
 .bss           0x00000000000236f8        0x0 ../cam_small_bsp/\libhal_bsp.a(alt_usleep.o)
 .bss           0x00000000000236f8        0x0 ../cam_small_bsp/\libhal_bsp.a(alt_write.o)
 .bss           0x00000000000236f8        0x0 ../cam_small_bsp/\libhal_bsp.a(alt_sys_init.o)
 .bss           0x00000000000236f8        0x0 ../cam_small_bsp/\libhal_bsp.a(altera_avalon_jtag_uart_read.o)
 .bss           0x00000000000236f8        0x0 ../cam_small_bsp/\libhal_bsp.a(altera_avalon_jtag_uart_write.o)
 .bss           0x00000000000236f8        0x0 ../cam_small_bsp/\libhal_bsp.a(alt_busy_sleep.o)
 .bss           0x00000000000236f8        0x0 ../cam_small_bsp/\libhal_bsp.a(alt_dcache_flush_all.o)
 .bss           0x00000000000236f8        0x0 ../cam_small_bsp/\libhal_bsp.a(alt_dev.o)
 .bss           0x00000000000236f8        0x0 ../cam_small_bsp/\libhal_bsp.a(alt_errno.o)
 .bss           0x00000000000236f8        0x0 ../cam_small_bsp/\libhal_bsp.a(alt_icache_flush_all.o)
 .bss           0x00000000000236f8        0x0 ../cam_small_bsp/\libhal_bsp.a(altera_nios2_gen2_irq.o)
 .bss           0x00000000000236f8        0x0 ../cam_small_bsp/\libhal_bsp.a(alt_icache_flush.o)
 *(COMMON)
                0x00000000000236f8                . = ALIGN (0x4)
                0x00000000000236f8                __bss_end = ABSOLUTE (.)

.onchip_memory2_0
                0x00000000000236f8        0x0
                [!provide]                        PROVIDE (_alt_partition_onchip_memory2_0_start, ABSOLUTE (.))
 *(.onchip_memory2_0 .onchip_memory2_0. onchip_memory2_0.*)
                0x00000000000236f8                . = ALIGN (0x4)
                [!provide]                        PROVIDE (_alt_partition_onchip_memory2_0_end, ABSOLUTE (.))
                0x00000000000236f8                _end = ABSOLUTE (.)
                0x00000000000236f8                end = ABSOLUTE (.)
                0x00000000000236f8                __alt_stack_base = ABSOLUTE (.)
                [!provide]                        PROVIDE (_alt_partition_onchip_memory2_0_load_addr, LOADADDR (.onchip_memory2_0))

.stab
 *(.stab)

.stabstr
 *(.stabstr)

.stab.excl
 *(.stab.excl)

.stab.exclstr
 *(.stab.exclstr)

.stab.index
 *(.stab.index)

.stab.indexstr
 *(.stab.indexstr)

.comment        0x0000000000000000       0x23
 *(.comment)
 .comment       0x0000000000000000       0x23 obj/default/I2C_core.o
                                         0x24 (size before relaxing)
 .comment       0x0000000000000023       0x24 obj/default/auto_focus.o
 .comment       0x0000000000000023       0x24 obj/default/main.o
 .comment       0x0000000000000023       0x24 obj/default/mipi_bridge_config.o
 .comment       0x0000000000000023       0x24 obj/default/mipi_camera_config.o
 .comment       0x0000000000000023       0x24 c:/intelfpga_lite/18.1/nios2eds/bin/gnu/h-x86_64-mingw32/bin/../lib/gcc/nios2-elf/5.3.0\libgcc.a(lib2-divmod.o)
 .comment       0x0000000000000023       0x24 c:/intelfpga_lite/18.1/nios2eds/bin/gnu/h-x86_64-mingw32/bin/../lib/gcc/nios2-elf/5.3.0/../../../../../H-x86_64-mingw32/nios2-elf/lib\libsmallc.a(lib_a-printf.o)
 .comment       0x0000000000000023       0x24 c:/intelfpga_lite/18.1/nios2eds/bin/gnu/h-x86_64-mingw32/bin/../lib/gcc/nios2-elf/5.3.0/../../../../../H-x86_64-mingw32/nios2-elf/lib\libsmallc.a(lib_a-putchar.o)
 .comment       0x0000000000000023       0x24 c:/intelfpga_lite/18.1/nios2eds/bin/gnu/h-x86_64-mingw32/bin/../lib/gcc/nios2-elf/5.3.0/../../../../../H-x86_64-mingw32/nios2-elf/lib\libsmallc.a(lib_a-puts.o)
 .comment       0x0000000000000023       0x24 c:/intelfpga_lite/18.1/nios2eds/bin/gnu/h-x86_64-mingw32/bin/../lib/gcc/nios2-elf/5.3.0/../../../../../H-x86_64-mingw32/nios2-elf/lib\libsmallc.a(lib_a-strlen.o)
 .comment       0x0000000000000023       0x24 c:/intelfpga_lite/18.1/nios2eds/bin/gnu/h-x86_64-mingw32/bin/../lib/gcc/nios2-elf/5.3.0/../../../../../H-x86_64-mingw32/nios2-elf/lib\libsmallc.a(lib_a-vfprintf.o)
 .comment       0x0000000000000023       0x24 c:/intelfpga_lite/18.1/nios2eds/bin/gnu/h-x86_64-mingw32/bin/../lib/gcc/nios2-elf/5.3.0/../../../../../H-x86_64-mingw32/nios2-elf/lib\libsmallc.a(lib_a-fvwrite_small_dev.o)
 .comment       0x0000000000000023       0x24 c:/intelfpga_lite/18.1/nios2eds/bin/gnu/h-x86_64-mingw32/bin/../lib/gcc/nios2-elf/5.3.0/../../../../../H-x86_64-mingw32/nios2-elf/lib\libsmallc.a(lib_a-impure.o)
 .comment       0x0000000000000023       0x24 c:/intelfpga_lite/18.1/nios2eds/bin/gnu/h-x86_64-mingw32/bin/../lib/gcc/nios2-elf/5.3.0/../../../../../H-x86_64-mingw32/nios2-elf/lib\libsmallc.a(lib_a-putc.o)
 .comment       0x0000000000000023       0x24 c:/intelfpga_lite/18.1/nios2eds/bin/gnu/h-x86_64-mingw32/bin/../lib/gcc/nios2-elf/5.3.0/../../../../../H-x86_64-mingw32/nios2-elf/lib\libsmallc.a(lib_a-writer.o)
 .comment       0x0000000000000023       0x24 c:/intelfpga_lite/18.1/nios2eds/bin/gnu/h-x86_64-mingw32/bin/../lib/gcc/nios2-elf/5.3.0/../../../../../H-x86_64-mingw32/nios2-elf/lib\libsmallc.a(lib_a-int_errno.o)
 .comment       0x0000000000000023       0x24 ../cam_small_bsp/\libhal_bsp.a(alt_fcntl.o)
 .comment       0x0000000000000023       0x24 ../cam_small_bsp/\libhal_bsp.a(alt_getchar.o)
 .comment       0x0000000000000023       0x24 ../cam_small_bsp/\libhal_bsp.a(alt_load.o)
 .comment       0x0000000000000023       0x24 ../cam_small_bsp/\libhal_bsp.a(alt_main.o)
 .comment       0x0000000000000023       0x24 ../cam_small_bsp/\libhal_bsp.a(alt_tick.o)
 .comment       0x0000000000000023       0x24 ../cam_small_bsp/\libhal_bsp.a(alt_usleep.o)
 .comment       0x0000000000000023       0x24 ../cam_small_bsp/\libhal_bsp.a(alt_write.o)
 .comment       0x0000000000000023       0x24 ../cam_small_bsp/\libhal_bsp.a(alt_sys_init.o)
 .comment       0x0000000000000023       0x24 ../cam_small_bsp/\libhal_bsp.a(altera_avalon_jtag_uart_read.o)
 .comment       0x0000000000000023       0x24 ../cam_small_bsp/\libhal_bsp.a(altera_avalon_jtag_uart_write.o)
 .comment       0x0000000000000023       0x24 ../cam_small_bsp/\libhal_bsp.a(alt_busy_sleep.o)
 .comment       0x0000000000000023       0x24 ../cam_small_bsp/\libhal_bsp.a(alt_dcache_flush_all.o)
 .comment       0x0000000000000023       0x24 ../cam_small_bsp/\libhal_bsp.a(alt_dev.o)
 .comment       0x0000000000000023       0x24 ../cam_small_bsp/\libhal_bsp.a(alt_errno.o)
 .comment       0x0000000000000023       0x24 ../cam_small_bsp/\libhal_bsp.a(alt_icache_flush_all.o)
 .comment       0x0000000000000023       0x24 ../cam_small_bsp/\libhal_bsp.a(altera_nios2_gen2_irq.o)
 .comment       0x0000000000000023       0x24 ../cam_small_bsp/\libhal_bsp.a(alt_icache_flush.o)

.debug
 *(.debug)

.line
 *(.line)

.debug_srcinfo
 *(.debug_srcinfo)

.debug_sfnames
 *(.debug_sfnames)

.debug_aranges  0x0000000000000000      0x468
 *(.debug_aranges)
 .debug_aranges
                0x0000000000000000       0x28 ../cam_small_bsp//obj/HAL/src/crt0.o
 .debug_aranges
                0x0000000000000028       0x20 obj/default/I2C_core.o
 .debug_aranges
                0x0000000000000048       0x20 obj/default/auto_focus.o
 .debug_aranges
                0x0000000000000068       0x28 obj/default/main.o
 .debug_aranges
                0x0000000000000090       0x20 obj/default/mipi_bridge_config.o
 .debug_aranges
                0x00000000000000b0       0x20 obj/default/mipi_camera_config.o
 .debug_aranges
                0x00000000000000d0       0x20 c:/intelfpga_lite/18.1/nios2eds/bin/gnu/h-x86_64-mingw32/bin/../lib/gcc/nios2-elf/5.3.0\libgcc.a(lib2-divmod.o)
 .debug_aranges
                0x00000000000000f0       0x28 c:/intelfpga_lite/18.1/nios2eds/bin/gnu/h-x86_64-mingw32/bin/../lib/gcc/nios2-elf/5.3.0/../../../../../H-x86_64-mingw32/nios2-elf/lib\libsmallc.a(lib_a-printf.o)
 .debug_aranges
                0x0000000000000118       0x28 c:/intelfpga_lite/18.1/nios2eds/bin/gnu/h-x86_64-mingw32/bin/../lib/gcc/nios2-elf/5.3.0/../../../../../H-x86_64-mingw32/nios2-elf/lib\libsmallc.a(lib_a-putchar.o)
 .debug_aranges
                0x0000000000000140       0x28 c:/intelfpga_lite/18.1/nios2eds/bin/gnu/h-x86_64-mingw32/bin/../lib/gcc/nios2-elf/5.3.0/../../../../../H-x86_64-mingw32/nios2-elf/lib\libsmallc.a(lib_a-puts.o)
 .debug_aranges
                0x0000000000000168       0x20 c:/intelfpga_lite/18.1/nios2eds/bin/gnu/h-x86_64-mingw32/bin/../lib/gcc/nios2-elf/5.3.0/../../../../../H-x86_64-mingw32/nios2-elf/lib\libsmallc.a(lib_a-strlen.o)
 .debug_aranges
                0x0000000000000188       0x30 c:/intelfpga_lite/18.1/nios2eds/bin/gnu/h-x86_64-mingw32/bin/../lib/gcc/nios2-elf/5.3.0/../../../../../H-x86_64-mingw32/nios2-elf/lib\libsmallc.a(lib_a-vfprintf.o)
 .debug_aranges
                0x00000000000001b8       0x20 c:/intelfpga_lite/18.1/nios2eds/bin/gnu/h-x86_64-mingw32/bin/../lib/gcc/nios2-elf/5.3.0/../../../../../H-x86_64-mingw32/nios2-elf/lib\libsmallc.a(lib_a-fvwrite_small_dev.o)
 .debug_aranges
                0x00000000000001d8       0x18 c:/intelfpga_lite/18.1/nios2eds/bin/gnu/h-x86_64-mingw32/bin/../lib/gcc/nios2-elf/5.3.0/../../../../../H-x86_64-mingw32/nios2-elf/lib\libsmallc.a(lib_a-impure.o)
 .debug_aranges
                0x00000000000001f0       0x28 c:/intelfpga_lite/18.1/nios2eds/bin/gnu/h-x86_64-mingw32/bin/../lib/gcc/nios2-elf/5.3.0/../../../../../H-x86_64-mingw32/nios2-elf/lib\libsmallc.a(lib_a-putc.o)
 .debug_aranges
                0x0000000000000218       0x20 c:/intelfpga_lite/18.1/nios2eds/bin/gnu/h-x86_64-mingw32/bin/../lib/gcc/nios2-elf/5.3.0/../../../../../H-x86_64-mingw32/nios2-elf/lib\libsmallc.a(lib_a-writer.o)
 .debug_aranges
                0x0000000000000238       0x18 c:/intelfpga_lite/18.1/nios2eds/bin/gnu/h-x86_64-mingw32/bin/../lib/gcc/nios2-elf/5.3.0/../../../../../H-x86_64-mingw32/nios2-elf/lib\libsmallc.a(lib_a-int_errno.o)
 .debug_aranges
                0x0000000000000250       0x20 ../cam_small_bsp/\libhal_bsp.a(alt_fcntl.o)
 .debug_aranges
                0x0000000000000270       0x20 ../cam_small_bsp/\libhal_bsp.a(alt_getchar.o)
 .debug_aranges
                0x0000000000000290       0x20 ../cam_small_bsp/\libhal_bsp.a(alt_load.o)
 .debug_aranges
                0x00000000000002b0       0x20 ../cam_small_bsp/\libhal_bsp.a(alt_main.o)
 .debug_aranges
                0x00000000000002d0       0x20 ../cam_small_bsp/\libhal_bsp.a(alt_tick.o)
 .debug_aranges
                0x00000000000002f0       0x20 ../cam_small_bsp/\libhal_bsp.a(alt_usleep.o)
 .debug_aranges
                0x0000000000000310       0x20 ../cam_small_bsp/\libhal_bsp.a(alt_write.o)
 .debug_aranges
                0x0000000000000330       0x20 ../cam_small_bsp/\libhal_bsp.a(alt_sys_init.o)
 .debug_aranges
                0x0000000000000350       0x20 ../cam_small_bsp/\libhal_bsp.a(altera_avalon_jtag_uart_read.o)
 .debug_aranges
                0x0000000000000370       0x20 ../cam_small_bsp/\libhal_bsp.a(altera_avalon_jtag_uart_write.o)
 .debug_aranges
                0x0000000000000390       0x20 ../cam_small_bsp/\libhal_bsp.a(alt_busy_sleep.o)
 .debug_aranges
                0x00000000000003b0       0x20 ../cam_small_bsp/\libhal_bsp.a(alt_dcache_flush_all.o)
 .debug_aranges
                0x00000000000003d0       0x20 ../cam_small_bsp/\libhal_bsp.a(alt_dev.o)
 .debug_aranges
                0x00000000000003f0       0x18 ../cam_small_bsp/\libhal_bsp.a(alt_errno.o)
 .debug_aranges
                0x0000000000000408       0x20 ../cam_small_bsp/\libhal_bsp.a(alt_icache_flush_all.o)
 .debug_aranges
                0x0000000000000428       0x20 ../cam_small_bsp/\libhal_bsp.a(altera_nios2_gen2_irq.o)
 .debug_aranges
                0x0000000000000448       0x20 ../cam_small_bsp/\libhal_bsp.a(alt_icache_flush.o)

.debug_pubnames
 *(.debug_pubnames)

.debug_info     0x0000000000000000     0x856b
 *(.debug_info .gnu.linkonce.wi.*)
 .debug_info    0x0000000000000000       0x79 ../cam_small_bsp//obj/HAL/src/crt0.o
 .debug_info    0x0000000000000079     0x1039 obj/default/I2C_core.o
 .debug_info    0x00000000000010b2      0x358 obj/default/auto_focus.o
 .debug_info    0x000000000000140a      0x934 obj/default/main.o
 .debug_info    0x0000000000001d3e      0x374 obj/default/mipi_bridge_config.o
 .debug_info    0x00000000000020b2      0xb4a obj/default/mipi_camera_config.o
 .debug_info    0x0000000000002bfc      0x2c6 c:/intelfpga_lite/18.1/nios2eds/bin/gnu/h-x86_64-mingw32/bin/../lib/gcc/nios2-elf/5.3.0\libgcc.a(lib2-divmod.o)
 .debug_info    0x0000000000002ec2      0x699 c:/intelfpga_lite/18.1/nios2eds/bin/gnu/h-x86_64-mingw32/bin/../lib/gcc/nios2-elf/5.3.0/../../../../../H-x86_64-mingw32/nios2-elf/lib\libsmallc.a(lib_a-printf.o)
 .debug_info    0x000000000000355b      0x62a c:/intelfpga_lite/18.1/nios2eds/bin/gnu/h-x86_64-mingw32/bin/../lib/gcc/nios2-elf/5.3.0/../../../../../H-x86_64-mingw32/nios2-elf/lib\libsmallc.a(lib_a-putchar.o)
 .debug_info    0x0000000000003b85      0x66d c:/intelfpga_lite/18.1/nios2eds/bin/gnu/h-x86_64-mingw32/bin/../lib/gcc/nios2-elf/5.3.0/../../../../../H-x86_64-mingw32/nios2-elf/lib\libsmallc.a(lib_a-puts.o)
 .debug_info    0x00000000000041f2       0xc9 c:/intelfpga_lite/18.1/nios2eds/bin/gnu/h-x86_64-mingw32/bin/../lib/gcc/nios2-elf/5.3.0/../../../../../H-x86_64-mingw32/nios2-elf/lib\libsmallc.a(lib_a-strlen.o)
 .debug_info    0x00000000000042bb      0xb2b c:/intelfpga_lite/18.1/nios2eds/bin/gnu/h-x86_64-mingw32/bin/../lib/gcc/nios2-elf/5.3.0/../../../../../H-x86_64-mingw32/nios2-elf/lib\libsmallc.a(lib_a-vfprintf.o)
 .debug_info    0x0000000000004de6      0x62b c:/intelfpga_lite/18.1/nios2eds/bin/gnu/h-x86_64-mingw32/bin/../lib/gcc/nios2-elf/5.3.0/../../../../../H-x86_64-mingw32/nios2-elf/lib\libsmallc.a(lib_a-fvwrite_small_dev.o)
 .debug_info    0x0000000000005411      0x5a9 c:/intelfpga_lite/18.1/nios2eds/bin/gnu/h-x86_64-mingw32/bin/../lib/gcc/nios2-elf/5.3.0/../../../../../H-x86_64-mingw32/nios2-elf/lib\libsmallc.a(lib_a-impure.o)
 .debug_info    0x00000000000059ba      0x672 c:/intelfpga_lite/18.1/nios2eds/bin/gnu/h-x86_64-mingw32/bin/../lib/gcc/nios2-elf/5.3.0/../../../../../H-x86_64-mingw32/nios2-elf/lib\libsmallc.a(lib_a-putc.o)
 .debug_info    0x000000000000602c      0x630 c:/intelfpga_lite/18.1/nios2eds/bin/gnu/h-x86_64-mingw32/bin/../lib/gcc/nios2-elf/5.3.0/../../../../../H-x86_64-mingw32/nios2-elf/lib\libsmallc.a(lib_a-writer.o)
 .debug_info    0x000000000000665c       0x8a c:/intelfpga_lite/18.1/nios2eds/bin/gnu/h-x86_64-mingw32/bin/../lib/gcc/nios2-elf/5.3.0/../../../../../H-x86_64-mingw32/nios2-elf/lib\libsmallc.a(lib_a-int_errno.o)
 .debug_info    0x00000000000066e6      0x4e3 ../cam_small_bsp/\libhal_bsp.a(alt_fcntl.o)
 .debug_info    0x0000000000006bc9      0x32d ../cam_small_bsp/\libhal_bsp.a(alt_getchar.o)
 .debug_info    0x0000000000006ef6      0x1c9 ../cam_small_bsp/\libhal_bsp.a(alt_load.o)
 .debug_info    0x00000000000070bf      0x169 ../cam_small_bsp/\libhal_bsp.a(alt_main.o)
 .debug_info    0x0000000000007228      0x2a9 ../cam_small_bsp/\libhal_bsp.a(alt_tick.o)
 .debug_info    0x00000000000074d1       0xd1 ../cam_small_bsp/\libhal_bsp.a(alt_usleep.o)
 .debug_info    0x00000000000075a2      0x1c7 ../cam_small_bsp/\libhal_bsp.a(alt_write.o)
 .debug_info    0x0000000000007769      0x1d2 ../cam_small_bsp/\libhal_bsp.a(alt_sys_init.o)
 .debug_info    0x000000000000793b      0x1b4 ../cam_small_bsp/\libhal_bsp.a(altera_avalon_jtag_uart_read.o)
 .debug_info    0x0000000000007aef      0x197 ../cam_small_bsp/\libhal_bsp.a(altera_avalon_jtag_uart_write.o)
 .debug_info    0x0000000000007c86       0xd8 ../cam_small_bsp/\libhal_bsp.a(alt_busy_sleep.o)
 .debug_info    0x0000000000007d5e       0xa6 ../cam_small_bsp/\libhal_bsp.a(alt_dcache_flush_all.o)
 .debug_info    0x0000000000007e04      0x499 ../cam_small_bsp/\libhal_bsp.a(alt_dev.o)
 .debug_info    0x000000000000829d       0xa6 ../cam_small_bsp/\libhal_bsp.a(alt_errno.o)
 .debug_info    0x0000000000008343       0xb8 ../cam_small_bsp/\libhal_bsp.a(alt_icache_flush_all.o)
 .debug_info    0x00000000000083fb       0x92 ../cam_small_bsp/\libhal_bsp.a(altera_nios2_gen2_irq.o)
 .debug_info    0x000000000000848d       0xde ../cam_small_bsp/\libhal_bsp.a(alt_icache_flush.o)

.debug_abbrev   0x0000000000000000     0x26e3
 *(.debug_abbrev)
 .debug_abbrev  0x0000000000000000       0x12 ../cam_small_bsp//obj/HAL/src/crt0.o
 .debug_abbrev  0x0000000000000012      0x256 obj/default/I2C_core.o
 .debug_abbrev  0x0000000000000268      0x14e obj/default/auto_focus.o
 .debug_abbrev  0x00000000000003b6      0x160 obj/default/main.o
 .debug_abbrev  0x0000000000000516      0x1ed obj/default/mipi_bridge_config.o
 .debug_abbrev  0x0000000000000703      0x1dc obj/default/mipi_camera_config.o
 .debug_abbrev  0x00000000000008df      0x10e c:/intelfpga_lite/18.1/nios2eds/bin/gnu/h-x86_64-mingw32/bin/../lib/gcc/nios2-elf/5.3.0\libgcc.a(lib2-divmod.o)
 .debug_abbrev  0x00000000000009ed      0x1ee c:/intelfpga_lite/18.1/nios2eds/bin/gnu/h-x86_64-mingw32/bin/../lib/gcc/nios2-elf/5.3.0/../../../../../H-x86_64-mingw32/nios2-elf/lib\libsmallc.a(lib_a-printf.o)
 .debug_abbrev  0x0000000000000bdb      0x1c0 c:/intelfpga_lite/18.1/nios2eds/bin/gnu/h-x86_64-mingw32/bin/../lib/gcc/nios2-elf/5.3.0/../../../../../H-x86_64-mingw32/nios2-elf/lib\libsmallc.a(lib_a-putchar.o)
 .debug_abbrev  0x0000000000000d9b      0x1d6 c:/intelfpga_lite/18.1/nios2eds/bin/gnu/h-x86_64-mingw32/bin/../lib/gcc/nios2-elf/5.3.0/../../../../../H-x86_64-mingw32/nios2-elf/lib\libsmallc.a(lib_a-puts.o)
 .debug_abbrev  0x0000000000000f71       0x7f c:/intelfpga_lite/18.1/nios2eds/bin/gnu/h-x86_64-mingw32/bin/../lib/gcc/nios2-elf/5.3.0/../../../../../H-x86_64-mingw32/nios2-elf/lib\libsmallc.a(lib_a-strlen.o)
 .debug_abbrev  0x0000000000000ff0      0x2a1 c:/intelfpga_lite/18.1/nios2eds/bin/gnu/h-x86_64-mingw32/bin/../lib/gcc/nios2-elf/5.3.0/../../../../../H-x86_64-mingw32/nios2-elf/lib\libsmallc.a(lib_a-vfprintf.o)
 .debug_abbrev  0x0000000000001291      0x1bc c:/intelfpga_lite/18.1/nios2eds/bin/gnu/h-x86_64-mingw32/bin/../lib/gcc/nios2-elf/5.3.0/../../../../../H-x86_64-mingw32/nios2-elf/lib\libsmallc.a(lib_a-fvwrite_small_dev.o)
 .debug_abbrev  0x000000000000144d      0x14a c:/intelfpga_lite/18.1/nios2eds/bin/gnu/h-x86_64-mingw32/bin/../lib/gcc/nios2-elf/5.3.0/../../../../../H-x86_64-mingw32/nios2-elf/lib\libsmallc.a(lib_a-impure.o)
 .debug_abbrev  0x0000000000001597      0x1bd c:/intelfpga_lite/18.1/nios2eds/bin/gnu/h-x86_64-mingw32/bin/../lib/gcc/nios2-elf/5.3.0/../../../../../H-x86_64-mingw32/nios2-elf/lib\libsmallc.a(lib_a-putc.o)
 .debug_abbrev  0x0000000000001754      0x1a6 c:/intelfpga_lite/18.1/nios2eds/bin/gnu/h-x86_64-mingw32/bin/../lib/gcc/nios2-elf/5.3.0/../../../../../H-x86_64-mingw32/nios2-elf/lib\libsmallc.a(lib_a-writer.o)
 .debug_abbrev  0x00000000000018fa       0x37 c:/intelfpga_lite/18.1/nios2eds/bin/gnu/h-x86_64-mingw32/bin/../lib/gcc/nios2-elf/5.3.0/../../../../../H-x86_64-mingw32/nios2-elf/lib\libsmallc.a(lib_a-int_errno.o)
 .debug_abbrev  0x0000000000001931      0x142 ../cam_small_bsp/\libhal_bsp.a(alt_fcntl.o)
 .debug_abbrev  0x0000000000001a73      0x11d ../cam_small_bsp/\libhal_bsp.a(alt_getchar.o)
 .debug_abbrev  0x0000000000001b90       0xd8 ../cam_small_bsp/\libhal_bsp.a(alt_load.o)
 .debug_abbrev  0x0000000000001c68       0xee ../cam_small_bsp/\libhal_bsp.a(alt_main.o)
 .debug_abbrev  0x0000000000001d56      0x187 ../cam_small_bsp/\libhal_bsp.a(alt_tick.o)
 .debug_abbrev  0x0000000000001edd       0x8d ../cam_small_bsp/\libhal_bsp.a(alt_usleep.o)
 .debug_abbrev  0x0000000000001f6a      0x12e ../cam_small_bsp/\libhal_bsp.a(alt_write.o)
 .debug_abbrev  0x0000000000002098      0x10e ../cam_small_bsp/\libhal_bsp.a(alt_sys_init.o)
 .debug_abbrev  0x00000000000021a6      0x102 ../cam_small_bsp/\libhal_bsp.a(altera_avalon_jtag_uart_read.o)
 .debug_abbrev  0x00000000000022a8       0xd5 ../cam_small_bsp/\libhal_bsp.a(altera_avalon_jtag_uart_write.o)
 .debug_abbrev  0x000000000000237d       0x8d ../cam_small_bsp/\libhal_bsp.a(alt_busy_sleep.o)
 .debug_abbrev  0x000000000000240a       0x5a ../cam_small_bsp/\libhal_bsp.a(alt_dcache_flush_all.o)
 .debug_abbrev  0x0000000000002464       0xd9 ../cam_small_bsp/\libhal_bsp.a(alt_dev.o)
 .debug_abbrev  0x000000000000253d       0x5a ../cam_small_bsp/\libhal_bsp.a(alt_errno.o)
 .debug_abbrev  0x0000000000002597       0x6f ../cam_small_bsp/\libhal_bsp.a(alt_icache_flush_all.o)
 .debug_abbrev  0x0000000000002606       0x42 ../cam_small_bsp/\libhal_bsp.a(altera_nios2_gen2_irq.o)
 .debug_abbrev  0x0000000000002648       0x9b ../cam_small_bsp/\libhal_bsp.a(alt_icache_flush.o)

.debug_line     0x0000000000000000     0x2e02
 *(.debug_line)
 .debug_line    0x0000000000000000       0x72 ../cam_small_bsp//obj/HAL/src/crt0.o
 .debug_line    0x0000000000000072      0x30b obj/default/I2C_core.o
 .debug_line    0x000000000000037d      0x226 obj/default/auto_focus.o
 .debug_line    0x00000000000005a3      0x2e1 obj/default/main.o
 .debug_line    0x0000000000000884      0x1e6 obj/default/mipi_bridge_config.o
 .debug_line    0x0000000000000a6a      0x2b5 obj/default/mipi_camera_config.o
 .debug_line    0x0000000000000d1f      0x102 c:/intelfpga_lite/18.1/nios2eds/bin/gnu/h-x86_64-mingw32/bin/../lib/gcc/nios2-elf/5.3.0\libgcc.a(lib2-divmod.o)
 .debug_line    0x0000000000000e21      0x200 c:/intelfpga_lite/18.1/nios2eds/bin/gnu/h-x86_64-mingw32/bin/../lib/gcc/nios2-elf/5.3.0/../../../../../H-x86_64-mingw32/nios2-elf/lib\libsmallc.a(lib_a-printf.o)
 .debug_line    0x0000000000001021      0x1e6 c:/intelfpga_lite/18.1/nios2eds/bin/gnu/h-x86_64-mingw32/bin/../lib/gcc/nios2-elf/5.3.0/../../../../../H-x86_64-mingw32/nios2-elf/lib\libsmallc.a(lib_a-putchar.o)
 .debug_line    0x0000000000001207      0x203 c:/intelfpga_lite/18.1/nios2eds/bin/gnu/h-x86_64-mingw32/bin/../lib/gcc/nios2-elf/5.3.0/../../../../../H-x86_64-mingw32/nios2-elf/lib\libsmallc.a(lib_a-puts.o)
 .debug_line    0x000000000000140a      0x159 c:/intelfpga_lite/18.1/nios2eds/bin/gnu/h-x86_64-mingw32/bin/../lib/gcc/nios2-elf/5.3.0/../../../../../H-x86_64-mingw32/nios2-elf/lib\libsmallc.a(lib_a-strlen.o)
 .debug_line    0x0000000000001563      0x34f c:/intelfpga_lite/18.1/nios2eds/bin/gnu/h-x86_64-mingw32/bin/../lib/gcc/nios2-elf/5.3.0/../../../../../H-x86_64-mingw32/nios2-elf/lib\libsmallc.a(lib_a-vfprintf.o)
 .debug_line    0x00000000000018b2      0x1ed c:/intelfpga_lite/18.1/nios2eds/bin/gnu/h-x86_64-mingw32/bin/../lib/gcc/nios2-elf/5.3.0/../../../../../H-x86_64-mingw32/nios2-elf/lib\libsmallc.a(lib_a-fvwrite_small_dev.o)
 .debug_line    0x0000000000001a9f      0x153 c:/intelfpga_lite/18.1/nios2eds/bin/gnu/h-x86_64-mingw32/bin/../lib/gcc/nios2-elf/5.3.0/../../../../../H-x86_64-mingw32/nios2-elf/lib\libsmallc.a(lib_a-impure.o)
 .debug_line    0x0000000000001bf2      0x1ff c:/intelfpga_lite/18.1/nios2eds/bin/gnu/h-x86_64-mingw32/bin/../lib/gcc/nios2-elf/5.3.0/../../../../../H-x86_64-mingw32/nios2-elf/lib\libsmallc.a(lib_a-putc.o)
 .debug_line    0x0000000000001df1      0x1ea c:/intelfpga_lite/18.1/nios2eds/bin/gnu/h-x86_64-mingw32/bin/../lib/gcc/nios2-elf/5.3.0/../../../../../H-x86_64-mingw32/nios2-elf/lib\libsmallc.a(lib_a-writer.o)
 .debug_line    0x0000000000001fdb       0x5c c:/intelfpga_lite/18.1/nios2eds/bin/gnu/h-x86_64-mingw32/bin/../lib/gcc/nios2-elf/5.3.0/../../../../../H-x86_64-mingw32/nios2-elf/lib\libsmallc.a(lib_a-int_errno.o)
 .debug_line    0x0000000000002037      0x1ca ../cam_small_bsp/\libhal_bsp.a(alt_fcntl.o)
 .debug_line    0x0000000000002201       0xb7 ../cam_small_bsp/\libhal_bsp.a(alt_getchar.o)
 .debug_line    0x00000000000022b8       0xa4 ../cam_small_bsp/\libhal_bsp.a(alt_load.o)
 .debug_line    0x000000000000235c       0xbd ../cam_small_bsp/\libhal_bsp.a(alt_main.o)
 .debug_line    0x0000000000002419      0x104 ../cam_small_bsp/\libhal_bsp.a(alt_tick.o)
 .debug_line    0x000000000000251d       0xcf ../cam_small_bsp/\libhal_bsp.a(alt_usleep.o)
 .debug_line    0x00000000000025ec      0x16a ../cam_small_bsp/\libhal_bsp.a(alt_write.o)
 .debug_line    0x0000000000002756      0x132 ../cam_small_bsp/\libhal_bsp.a(alt_sys_init.o)
 .debug_line    0x0000000000002888       0xfb ../cam_small_bsp/\libhal_bsp.a(altera_avalon_jtag_uart_read.o)
 .debug_line    0x0000000000002983       0xf0 ../cam_small_bsp/\libhal_bsp.a(altera_avalon_jtag_uart_write.o)
 .debug_line    0x0000000000002a73       0xb3 ../cam_small_bsp/\libhal_bsp.a(alt_busy_sleep.o)
 .debug_line    0x0000000000002b26       0x5a ../cam_small_bsp/\libhal_bsp.a(alt_dcache_flush_all.o)
 .debug_line    0x0000000000002b80       0xf6 ../cam_small_bsp/\libhal_bsp.a(alt_dev.o)
 .debug_line    0x0000000000002c76       0x51 ../cam_small_bsp/\libhal_bsp.a(alt_errno.o)
 .debug_line    0x0000000000002cc7       0x6e ../cam_small_bsp/\libhal_bsp.a(alt_icache_flush_all.o)
 .debug_line    0x0000000000002d35       0x50 ../cam_small_bsp/\libhal_bsp.a(altera_nios2_gen2_irq.o)
 .debug_line    0x0000000000002d85       0x7d ../cam_small_bsp/\libhal_bsp.a(alt_icache_flush.o)

.debug_frame    0x0000000000000000      0xa78
 *(.debug_frame)
 .debug_frame   0x0000000000000000      0x214 obj/default/I2C_core.o
 .debug_frame   0x0000000000000214       0x7c obj/default/auto_focus.o
 .debug_frame   0x0000000000000290       0xc0 obj/default/main.o
 .debug_frame   0x0000000000000350       0x88 obj/default/mipi_bridge_config.o
 .debug_frame   0x00000000000003d8      0x168 obj/default/mipi_camera_config.o
 .debug_frame   0x0000000000000540       0x50 c:/intelfpga_lite/18.1/nios2eds/bin/gnu/h-x86_64-mingw32/bin/../lib/gcc/nios2-elf/5.3.0\libgcc.a(lib2-divmod.o)
 .debug_frame   0x0000000000000590       0x48 c:/intelfpga_lite/18.1/nios2eds/bin/gnu/h-x86_64-mingw32/bin/../lib/gcc/nios2-elf/5.3.0/../../../../../H-x86_64-mingw32/nios2-elf/lib\libsmallc.a(lib_a-printf.o)
 .debug_frame   0x00000000000005d8       0x30 c:/intelfpga_lite/18.1/nios2eds/bin/gnu/h-x86_64-mingw32/bin/../lib/gcc/nios2-elf/5.3.0/../../../../../H-x86_64-mingw32/nios2-elf/lib\libsmallc.a(lib_a-putchar.o)
 .debug_frame   0x0000000000000608       0x48 c:/intelfpga_lite/18.1/nios2eds/bin/gnu/h-x86_64-mingw32/bin/../lib/gcc/nios2-elf/5.3.0/../../../../../H-x86_64-mingw32/nios2-elf/lib\libsmallc.a(lib_a-puts.o)
 .debug_frame   0x0000000000000650       0x20 c:/intelfpga_lite/18.1/nios2eds/bin/gnu/h-x86_64-mingw32/bin/../lib/gcc/nios2-elf/5.3.0/../../../../../H-x86_64-mingw32/nios2-elf/lib\libsmallc.a(lib_a-strlen.o)
 .debug_frame   0x0000000000000670       0x8c c:/intelfpga_lite/18.1/nios2eds/bin/gnu/h-x86_64-mingw32/bin/../lib/gcc/nios2-elf/5.3.0/../../../../../H-x86_64-mingw32/nios2-elf/lib\libsmallc.a(lib_a-vfprintf.o)
 .debug_frame   0x00000000000006fc       0x58 c:/intelfpga_lite/18.1/nios2eds/bin/gnu/h-x86_64-mingw32/bin/../lib/gcc/nios2-elf/5.3.0/../../../../../H-x86_64-mingw32/nios2-elf/lib\libsmallc.a(lib_a-fvwrite_small_dev.o)
 .debug_frame   0x0000000000000754       0x50 c:/intelfpga_lite/18.1/nios2eds/bin/gnu/h-x86_64-mingw32/bin/../lib/gcc/nios2-elf/5.3.0/../../../../../H-x86_64-mingw32/nios2-elf/lib\libsmallc.a(lib_a-putc.o)
 .debug_frame   0x00000000000007a4       0x38 c:/intelfpga_lite/18.1/nios2eds/bin/gnu/h-x86_64-mingw32/bin/../lib/gcc/nios2-elf/5.3.0/../../../../../H-x86_64-mingw32/nios2-elf/lib\libsmallc.a(lib_a-writer.o)
 .debug_frame   0x00000000000007dc       0x2c ../cam_small_bsp/\libhal_bsp.a(alt_fcntl.o)
 .debug_frame   0x0000000000000808       0x2c ../cam_small_bsp/\libhal_bsp.a(alt_getchar.o)
 .debug_frame   0x0000000000000834       0x30 ../cam_small_bsp/\libhal_bsp.a(alt_load.o)
 .debug_frame   0x0000000000000864       0x2c ../cam_small_bsp/\libhal_bsp.a(alt_main.o)
 .debug_frame   0x0000000000000890       0x50 ../cam_small_bsp/\libhal_bsp.a(alt_tick.o)
 .debug_frame   0x00000000000008e0       0x20 ../cam_small_bsp/\libhal_bsp.a(alt_usleep.o)
 .debug_frame   0x0000000000000900       0x2c ../cam_small_bsp/\libhal_bsp.a(alt_write.o)
 .debug_frame   0x000000000000092c       0x3c ../cam_small_bsp/\libhal_bsp.a(alt_sys_init.o)
 .debug_frame   0x0000000000000968       0x20 ../cam_small_bsp/\libhal_bsp.a(altera_avalon_jtag_uart_read.o)
 .debug_frame   0x0000000000000988       0x20 ../cam_small_bsp/\libhal_bsp.a(altera_avalon_jtag_uart_write.o)
 .debug_frame   0x00000000000009a8       0x30 ../cam_small_bsp/\libhal_bsp.a(alt_busy_sleep.o)
 .debug_frame   0x00000000000009d8       0x20 ../cam_small_bsp/\libhal_bsp.a(alt_dcache_flush_all.o)
 .debug_frame   0x00000000000009f8       0x20 ../cam_small_bsp/\libhal_bsp.a(alt_dev.o)
 .debug_frame   0x0000000000000a18       0x20 ../cam_small_bsp/\libhal_bsp.a(alt_icache_flush_all.o)
 .debug_frame   0x0000000000000a38       0x20 ../cam_small_bsp/\libhal_bsp.a(altera_nios2_gen2_irq.o)
 .debug_frame   0x0000000000000a58       0x20 ../cam_small_bsp/\libhal_bsp.a(alt_icache_flush.o)

.debug_str      0x0000000000000000     0x1869
 *(.debug_str)
 .debug_str     0x0000000000000000      0x337 obj/default/I2C_core.o
                                        0x386 (size before relaxing)
 .debug_str     0x0000000000000337       0xbc obj/default/auto_focus.o
                                        0x286 (size before relaxing)
 .debug_str     0x00000000000003f3      0x182 obj/default/main.o
                                        0x37b (size before relaxing)
 .debug_str     0x0000000000000575       0x45 obj/default/mipi_bridge_config.o
                                        0x270 (size before relaxing)
 .debug_str     0x00000000000005ba       0xbd obj/default/mipi_camera_config.o
                                        0x36e (size before relaxing)
 .debug_str     0x0000000000000677      0x16d c:/intelfpga_lite/18.1/nios2eds/bin/gnu/h-x86_64-mingw32/bin/../lib/gcc/nios2-elf/5.3.0\libgcc.a(lib2-divmod.o)
                                        0x1b8 (size before relaxing)
 .debug_str     0x00000000000007e4      0x410 c:/intelfpga_lite/18.1/nios2eds/bin/gnu/h-x86_64-mingw32/bin/../lib/gcc/nios2-elf/5.3.0/../../../../../H-x86_64-mingw32/nios2-elf/lib\libsmallc.a(lib_a-printf.o)
                                        0x4ea (size before relaxing)
 .debug_str     0x0000000000000bf4       0x4d c:/intelfpga_lite/18.1/nios2eds/bin/gnu/h-x86_64-mingw32/bin/../lib/gcc/nios2-elf/5.3.0/../../../../../H-x86_64-mingw32/nios2-elf/lib\libsmallc.a(lib_a-putchar.o)
                                        0x4a7 (size before relaxing)
 .debug_str     0x0000000000000c41       0x5b c:/intelfpga_lite/18.1/nios2eds/bin/gnu/h-x86_64-mingw32/bin/../lib/gcc/nios2-elf/5.3.0/../../../../../H-x86_64-mingw32/nios2-elf/lib\libsmallc.a(lib_a-puts.o)
                                        0x4b3 (size before relaxing)
 .debug_str     0x0000000000000c9c       0xc4 c:/intelfpga_lite/18.1/nios2eds/bin/gnu/h-x86_64-mingw32/bin/../lib/gcc/nios2-elf/5.3.0/../../../../../H-x86_64-mingw32/nios2-elf/lib\libsmallc.a(lib_a-strlen.o)
                                        0x1cb (size before relaxing)
 .debug_str     0x0000000000000d60      0x1e9 c:/intelfpga_lite/18.1/nios2eds/bin/gnu/h-x86_64-mingw32/bin/../lib/gcc/nios2-elf/5.3.0/../../../../../H-x86_64-mingw32/nios2-elf/lib\libsmallc.a(lib_a-vfprintf.o)
                                        0x665 (size before relaxing)
 .debug_str     0x0000000000000f49       0x60 c:/intelfpga_lite/18.1/nios2eds/bin/gnu/h-x86_64-mingw32/bin/../lib/gcc/nios2-elf/5.3.0/../../../../../H-x86_64-mingw32/nios2-elf/lib\libsmallc.a(lib_a-fvwrite_small_dev.o)
                                        0x4ba (size before relaxing)
 .debug_str     0x0000000000000fa9       0xe1 c:/intelfpga_lite/18.1/nios2eds/bin/gnu/h-x86_64-mingw32/bin/../lib/gcc/nios2-elf/5.3.0/../../../../../H-x86_64-mingw32/nios2-elf/lib\libsmallc.a(lib_a-impure.o)
                                        0x4a4 (size before relaxing)
 .debug_str     0x000000000000108a       0x43 c:/intelfpga_lite/18.1/nios2eds/bin/gnu/h-x86_64-mingw32/bin/../lib/gcc/nios2-elf/5.3.0/../../../../../H-x86_64-mingw32/nios2-elf/lib\libsmallc.a(lib_a-putc.o)
                                        0x4b1 (size before relaxing)
 .debug_str     0x00000000000010cd       0x42 c:/intelfpga_lite/18.1/nios2eds/bin/gnu/h-x86_64-mingw32/bin/../lib/gcc/nios2-elf/5.3.0/../../../../../H-x86_64-mingw32/nios2-elf/lib\libsmallc.a(lib_a-writer.o)
                                        0x49e (size before relaxing)
 .debug_str     0x000000000000110f       0x3c c:/intelfpga_lite/18.1/nios2eds/bin/gnu/h-x86_64-mingw32/bin/../lib/gcc/nios2-elf/5.3.0/../../../../../H-x86_64-mingw32/nios2-elf/lib\libsmallc.a(lib_a-int_errno.o)
                                        0x1be (size before relaxing)
 .debug_str     0x000000000000114b      0x1a4 ../cam_small_bsp/\libhal_bsp.a(alt_fcntl.o)
                                        0x336 (size before relaxing)
 .debug_str     0x00000000000012ef       0x5d ../cam_small_bsp/\libhal_bsp.a(alt_getchar.o)
                                        0x23e (size before relaxing)
 .debug_str     0x000000000000134c      0x152 ../cam_small_bsp/\libhal_bsp.a(alt_load.o)
                                        0x23e (size before relaxing)
 .debug_str     0x000000000000149e       0x5e ../cam_small_bsp/\libhal_bsp.a(alt_main.o)
                                        0x1bd (size before relaxing)
 .debug_str     0x00000000000014fc       0xb5 ../cam_small_bsp/\libhal_bsp.a(alt_tick.o)
                                        0x25a (size before relaxing)
 .debug_str     0x00000000000015b1       0x2f ../cam_small_bsp/\libhal_bsp.a(alt_usleep.o)
                                        0x159 (size before relaxing)
 .debug_str     0x00000000000015e0       0x32 ../cam_small_bsp/\libhal_bsp.a(alt_write.o)
                                        0x1e6 (size before relaxing)
 .debug_str     0x0000000000001612       0xd9 ../cam_small_bsp/\libhal_bsp.a(alt_sys_init.o)
                                        0x29f (size before relaxing)
 .debug_str     0x00000000000016eb       0x38 ../cam_small_bsp/\libhal_bsp.a(altera_avalon_jtag_uart_read.o)
                                        0x227 (size before relaxing)
 .debug_str     0x0000000000001723       0x2c ../cam_small_bsp/\libhal_bsp.a(altera_avalon_jtag_uart_write.o)
                                        0x21d (size before relaxing)
 .debug_str     0x000000000000174f       0x33 ../cam_small_bsp/\libhal_bsp.a(alt_busy_sleep.o)
                                        0x173 (size before relaxing)
 .debug_str     0x0000000000001782       0x1f ../cam_small_bsp/\libhal_bsp.a(alt_dcache_flush_all.o)
                                        0x15d (size before relaxing)
 .debug_str     0x00000000000017a1       0x49 ../cam_small_bsp/\libhal_bsp.a(alt_dev.o)
                                        0x30d (size before relaxing)
 .debug_str     0x00000000000017ea       0x14 ../cam_small_bsp/\libhal_bsp.a(alt_errno.o)
                                        0x147 (size before relaxing)
 .debug_str     0x00000000000017fe       0x30 ../cam_small_bsp/\libhal_bsp.a(alt_icache_flush_all.o)
                                        0x16e (size before relaxing)
 .debug_str     0x000000000000182e       0x20 ../cam_small_bsp/\libhal_bsp.a(altera_nios2_gen2_irq.o)
                                        0x164 (size before relaxing)
 .debug_str     0x000000000000184e       0x1b ../cam_small_bsp/\libhal_bsp.a(alt_icache_flush.o)
                                        0x163 (size before relaxing)

.debug_loc      0x0000000000000000     0x2f72
 *(.debug_loc)
 .debug_loc     0x0000000000000000     0x1189 obj/default/I2C_core.o
 .debug_loc     0x0000000000001189      0x1a5 obj/default/auto_focus.o
 .debug_loc     0x000000000000132e      0x199 obj/default/main.o
 .debug_loc     0x00000000000014c7      0x100 obj/default/mipi_bridge_config.o
 .debug_loc     0x00000000000015c7      0x2e0 obj/default/mipi_camera_config.o
 .debug_loc     0x00000000000018a7      0x4ce c:/intelfpga_lite/18.1/nios2eds/bin/gnu/h-x86_64-mingw32/bin/../lib/gcc/nios2-elf/5.3.0\libgcc.a(lib2-divmod.o)
 .debug_loc     0x0000000000001d75       0xc6 c:/intelfpga_lite/18.1/nios2eds/bin/gnu/h-x86_64-mingw32/bin/../lib/gcc/nios2-elf/5.3.0/../../../../../H-x86_64-mingw32/nios2-elf/lib\libsmallc.a(lib_a-printf.o)
 .debug_loc     0x0000000000001e3b       0x81 c:/intelfpga_lite/18.1/nios2eds/bin/gnu/h-x86_64-mingw32/bin/../lib/gcc/nios2-elf/5.3.0/../../../../../H-x86_64-mingw32/nios2-elf/lib\libsmallc.a(lib_a-putchar.o)
 .debug_loc     0x0000000000001ebc       0x97 c:/intelfpga_lite/18.1/nios2eds/bin/gnu/h-x86_64-mingw32/bin/../lib/gcc/nios2-elf/5.3.0/../../../../../H-x86_64-mingw32/nios2-elf/lib\libsmallc.a(lib_a-puts.o)
 .debug_loc     0x0000000000001f53       0x1e c:/intelfpga_lite/18.1/nios2eds/bin/gnu/h-x86_64-mingw32/bin/../lib/gcc/nios2-elf/5.3.0/../../../../../H-x86_64-mingw32/nios2-elf/lib\libsmallc.a(lib_a-strlen.o)
 .debug_loc     0x0000000000001f71      0x901 c:/intelfpga_lite/18.1/nios2eds/bin/gnu/h-x86_64-mingw32/bin/../lib/gcc/nios2-elf/5.3.0/../../../../../H-x86_64-mingw32/nios2-elf/lib\libsmallc.a(lib_a-vfprintf.o)
 .debug_loc     0x0000000000002872      0x110 c:/intelfpga_lite/18.1/nios2eds/bin/gnu/h-x86_64-mingw32/bin/../lib/gcc/nios2-elf/5.3.0/../../../../../H-x86_64-mingw32/nios2-elf/lib\libsmallc.a(lib_a-fvwrite_small_dev.o)
 .debug_loc     0x0000000000002982       0xc6 c:/intelfpga_lite/18.1/nios2eds/bin/gnu/h-x86_64-mingw32/bin/../lib/gcc/nios2-elf/5.3.0/../../../../../H-x86_64-mingw32/nios2-elf/lib\libsmallc.a(lib_a-putc.o)
 .debug_loc     0x0000000000002a48       0xa5 c:/intelfpga_lite/18.1/nios2eds/bin/gnu/h-x86_64-mingw32/bin/../lib/gcc/nios2-elf/5.3.0/../../../../../H-x86_64-mingw32/nios2-elf/lib\libsmallc.a(lib_a-writer.o)
 .debug_loc     0x0000000000002aed       0xc1 ../cam_small_bsp/\libhal_bsp.a(alt_fcntl.o)
 .debug_loc     0x0000000000002bae       0x75 ../cam_small_bsp/\libhal_bsp.a(alt_tick.o)
 .debug_loc     0x0000000000002c23       0x21 ../cam_small_bsp/\libhal_bsp.a(alt_usleep.o)
 .debug_loc     0x0000000000002c44       0xcf ../cam_small_bsp/\libhal_bsp.a(alt_write.o)
 .debug_loc     0x0000000000002d13       0x21 ../cam_small_bsp/\libhal_bsp.a(alt_sys_init.o)
 .debug_loc     0x0000000000002d34       0xcd ../cam_small_bsp/\libhal_bsp.a(altera_avalon_jtag_uart_read.o)
 .debug_loc     0x0000000000002e01       0x8b ../cam_small_bsp/\libhal_bsp.a(altera_avalon_jtag_uart_write.o)
 .debug_loc     0x0000000000002e8c       0x75 ../cam_small_bsp/\libhal_bsp.a(alt_busy_sleep.o)
 .debug_loc     0x0000000000002f01       0x1f ../cam_small_bsp/\libhal_bsp.a(alt_dcache_flush_all.o)
 .debug_loc     0x0000000000002f20       0x52 ../cam_small_bsp/\libhal_bsp.a(alt_icache_flush.o)

.debug_macinfo
 *(.debug_macinfo)

.debug_weaknames
 *(.debug_weaknames)

.debug_funcnames
 *(.debug_funcnames)

.debug_typenames
 *(.debug_typenames)

.debug_varnames
 *(.debug_varnames)

.debug_alt_sim_info
                0x0000000000000000       0x60
 *(.debug_alt_sim_info)
 .debug_alt_sim_info
                0x0000000000000000       0x30 ../cam_small_bsp//obj/HAL/src/crt0.o
 .debug_alt_sim_info
                0x0000000000000030       0x30 ../cam_small_bsp/\libhal_bsp.a(alt_busy_sleep.o)
                0x0000000000040000                __alt_data_end = 0x40000
                0x0000000000040000                PROVIDE (__alt_stack_pointer, __alt_data_end)
                [!provide]                        PROVIDE (__alt_stack_limit, __alt_stack_base)
                [!provide]                        PROVIDE (__alt_heap_start, end)
                [!provide]                        PROVIDE (__alt_heap_limit, 0x40000)
OUTPUT(cam_small.elf elf32-littlenios2)

.debug_ranges   0x0000000000000000      0x2b8
 .debug_ranges  0x0000000000000000       0x20 ../cam_small_bsp//obj/HAL/src/crt0.o
 .debug_ranges  0x0000000000000020       0x30 obj/default/main.o
 .debug_ranges  0x0000000000000050       0x60 c:/intelfpga_lite/18.1/nios2eds/bin/gnu/h-x86_64-mingw32/bin/../lib/gcc/nios2-elf/5.3.0\libgcc.a(lib2-divmod.o)
 .debug_ranges  0x00000000000000b0       0x18 c:/intelfpga_lite/18.1/nios2eds/bin/gnu/h-x86_64-mingw32/bin/../lib/gcc/nios2-elf/5.3.0/../../../../../H-x86_64-mingw32/nios2-elf/lib\libsmallc.a(lib_a-printf.o)
 .debug_ranges  0x00000000000000c8       0x18 c:/intelfpga_lite/18.1/nios2eds/bin/gnu/h-x86_64-mingw32/bin/../lib/gcc/nios2-elf/5.3.0/../../../../../H-x86_64-mingw32/nios2-elf/lib\libsmallc.a(lib_a-putchar.o)
 .debug_ranges  0x00000000000000e0       0x18 c:/intelfpga_lite/18.1/nios2eds/bin/gnu/h-x86_64-mingw32/bin/../lib/gcc/nios2-elf/5.3.0/../../../../../H-x86_64-mingw32/nios2-elf/lib\libsmallc.a(lib_a-puts.o)
 .debug_ranges  0x00000000000000f8       0x10 c:/intelfpga_lite/18.1/nios2eds/bin/gnu/h-x86_64-mingw32/bin/../lib/gcc/nios2-elf/5.3.0/../../../../../H-x86_64-mingw32/nios2-elf/lib\libsmallc.a(lib_a-strlen.o)
 .debug_ranges  0x0000000000000108       0xc8 c:/intelfpga_lite/18.1/nios2eds/bin/gnu/h-x86_64-mingw32/bin/../lib/gcc/nios2-elf/5.3.0/../../../../../H-x86_64-mingw32/nios2-elf/lib\libsmallc.a(lib_a-vfprintf.o)
 .debug_ranges  0x00000000000001d0       0x28 c:/intelfpga_lite/18.1/nios2eds/bin/gnu/h-x86_64-mingw32/bin/../lib/gcc/nios2-elf/5.3.0/../../../../../H-x86_64-mingw32/nios2-elf/lib\libsmallc.a(lib_a-fvwrite_small_dev.o)
 .debug_ranges  0x00000000000001f8       0x18 c:/intelfpga_lite/18.1/nios2eds/bin/gnu/h-x86_64-mingw32/bin/../lib/gcc/nios2-elf/5.3.0/../../../../../H-x86_64-mingw32/nios2-elf/lib\libsmallc.a(lib_a-putc.o)
 .debug_ranges  0x0000000000000210       0x10 c:/intelfpga_lite/18.1/nios2eds/bin/gnu/h-x86_64-mingw32/bin/../lib/gcc/nios2-elf/5.3.0/../../../../../H-x86_64-mingw32/nios2-elf/lib\libsmallc.a(lib_a-writer.o)
 .debug_ranges  0x0000000000000220       0x48 ../cam_small_bsp/\libhal_bsp.a(alt_load.o)
 .debug_ranges  0x0000000000000268       0x20 ../cam_small_bsp/\libhal_bsp.a(alt_write.o)
 .debug_ranges  0x0000000000000288       0x20 ../cam_small_bsp/\libhal_bsp.a(altera_avalon_jtag_uart_read.o)
 .debug_ranges  0x00000000000002a8       0x10 ../cam_small_bsp/\libhal_bsp.a(alt_icache_flush.o)
