Archive member included to satisfy reference by file (symbol)

c:/intelfpga_lite/18.1/nios2eds/bin/gnu/h-x86_64-mingw32/bin/../lib/gcc/nios2-elf/5.3.0\libgcc.a(lib2-divmod.o)
                              obj/default/I2C_core.o (__divsi3)
c:/intelfpga_lite/18.1/nios2eds/bin/gnu/h-x86_64-mingw32/bin/../lib/gcc/nios2-elf/5.3.0/../../../../../H-x86_64-mingw32/nios2-elf/lib\libsmallc.a(lib_a-malloc.o)
                              obj/default/queue.o (malloc)
c:/intelfpga_lite/18.1/nios2eds/bin/gnu/h-x86_64-mingw32/bin/../lib/gcc/nios2-elf/5.3.0/../../../../../H-x86_64-mingw32/nios2-elf/lib\libsmallc.a(lib_a-memset.o)
                              obj/default/queue.o (memset)
c:/intelfpga_lite/18.1/nios2eds/bin/gnu/h-x86_64-mingw32/bin/../lib/gcc/nios2-elf/5.3.0/../../../../../H-x86_64-mingw32/nios2-elf/lib\libsmallc.a(lib_a-nano-freer.o)
                              c:/intelfpga_lite/18.1/nios2eds/bin/gnu/h-x86_64-mingw32/bin/../lib/gcc/nios2-elf/5.3.0/../../../../../H-x86_64-mingw32/nios2-elf/lib\libsmallc.a(lib_a-malloc.o) (_free_r)
c:/intelfpga_lite/18.1/nios2eds/bin/gnu/h-x86_64-mingw32/bin/../lib/gcc/nios2-elf/5.3.0/../../../../../H-x86_64-mingw32/nios2-elf/lib\libsmallc.a(lib_a-nano-mallocr.o)
                              c:/intelfpga_lite/18.1/nios2eds/bin/gnu/h-x86_64-mingw32/bin/../lib/gcc/nios2-elf/5.3.0/../../../../../H-x86_64-mingw32/nios2-elf/lib\libsmallc.a(lib_a-malloc.o) (_malloc_r)
c:/intelfpga_lite/18.1/nios2eds/bin/gnu/h-x86_64-mingw32/bin/../lib/gcc/nios2-elf/5.3.0/../../../../../H-x86_64-mingw32/nios2-elf/lib\libsmallc.a(lib_a-printf.o)
                              obj/default/auto_focus.o (printf)
c:/intelfpga_lite/18.1/nios2eds/bin/gnu/h-x86_64-mingw32/bin/../lib/gcc/nios2-elf/5.3.0/../../../../../H-x86_64-mingw32/nios2-elf/lib\libsmallc.a(lib_a-putchar.o)
                              obj/default/main.o (putchar)
c:/intelfpga_lite/18.1/nios2eds/bin/gnu/h-x86_64-mingw32/bin/../lib/gcc/nios2-elf/5.3.0/../../../../../H-x86_64-mingw32/nios2-elf/lib\libsmallc.a(lib_a-puts.o)
                              obj/default/I2C_core.o (puts)
c:/intelfpga_lite/18.1/nios2eds/bin/gnu/h-x86_64-mingw32/bin/../lib/gcc/nios2-elf/5.3.0/../../../../../H-x86_64-mingw32/nios2-elf/lib\libsmallc.a(lib_a-sbrkr.o)
                              c:/intelfpga_lite/18.1/nios2eds/bin/gnu/h-x86_64-mingw32/bin/../lib/gcc/nios2-elf/5.3.0/../../../../../H-x86_64-mingw32/nios2-elf/lib\libsmallc.a(lib_a-nano-mallocr.o) (_sbrk_r)
c:/intelfpga_lite/18.1/nios2eds/bin/gnu/h-x86_64-mingw32/bin/../lib/gcc/nios2-elf/5.3.0/../../../../../H-x86_64-mingw32/nios2-elf/lib\libsmallc.a(lib_a-strlen.o)
                              c:/intelfpga_lite/18.1/nios2eds/bin/gnu/h-x86_64-mingw32/bin/../lib/gcc/nios2-elf/5.3.0/../../../../../H-x86_64-mingw32/nios2-elf/lib\libsmallc.a(lib_a-puts.o) (strlen)
c:/intelfpga_lite/18.1/nios2eds/bin/gnu/h-x86_64-mingw32/bin/../lib/gcc/nios2-elf/5.3.0/../../../../../H-x86_64-mingw32/nios2-elf/lib\libsmallc.a(lib_a-vfprintf.o)
                              c:/intelfpga_lite/18.1/nios2eds/bin/gnu/h-x86_64-mingw32/bin/../lib/gcc/nios2-elf/5.3.0/../../../../../H-x86_64-mingw32/nios2-elf/lib\libsmallc.a(lib_a-printf.o) (___vfprintf_internal_r)
c:/intelfpga_lite/18.1/nios2eds/bin/gnu/h-x86_64-mingw32/bin/../lib/gcc/nios2-elf/5.3.0/../../../../../H-x86_64-mingw32/nios2-elf/lib\libsmallc.a(lib_a-fvwrite_small_dev.o)
                              c:/intelfpga_lite/18.1/nios2eds/bin/gnu/h-x86_64-mingw32/bin/../lib/gcc/nios2-elf/5.3.0/../../../../../H-x86_64-mingw32/nios2-elf/lib\libsmallc.a(lib_a-printf.o) (__sfvwrite_small_dev)
c:/intelfpga_lite/18.1/nios2eds/bin/gnu/h-x86_64-mingw32/bin/../lib/gcc/nios2-elf/5.3.0/../../../../../H-x86_64-mingw32/nios2-elf/lib\libsmallc.a(lib_a-impure.o)
                              c:/intelfpga_lite/18.1/nios2eds/bin/gnu/h-x86_64-mingw32/bin/../lib/gcc/nios2-elf/5.3.0/../../../../../H-x86_64-mingw32/nios2-elf/lib\libsmallc.a(lib_a-malloc.o) (_impure_ptr)
c:/intelfpga_lite/18.1/nios2eds/bin/gnu/h-x86_64-mingw32/bin/../lib/gcc/nios2-elf/5.3.0/../../../../../H-x86_64-mingw32/nios2-elf/lib\libsmallc.a(lib_a-int_errno.o)
                              c:/intelfpga_lite/18.1/nios2eds/bin/gnu/h-x86_64-mingw32/bin/../lib/gcc/nios2-elf/5.3.0/../../../../../H-x86_64-mingw32/nios2-elf/lib\libsmallc.a(lib_a-sbrkr.o) (errno)
c:/intelfpga_lite/18.1/nios2eds/bin/gnu/h-x86_64-mingw32/bin/../lib/gcc/nios2-elf/5.3.0/../../../../../H-x86_64-mingw32/nios2-elf/lib\libsmallc.a(lib_a-putc.o)
                              c:/intelfpga_lite/18.1/nios2eds/bin/gnu/h-x86_64-mingw32/bin/../lib/gcc/nios2-elf/5.3.0/../../../../../H-x86_64-mingw32/nios2-elf/lib\libsmallc.a(lib_a-putchar.o) (_putc_r)
c:/intelfpga_lite/18.1/nios2eds/bin/gnu/h-x86_64-mingw32/bin/../lib/gcc/nios2-elf/5.3.0/../../../../../H-x86_64-mingw32/nios2-elf/lib\libsmallc.a(lib_a-writer.o)
                              c:/intelfpga_lite/18.1/nios2eds/bin/gnu/h-x86_64-mingw32/bin/../lib/gcc/nios2-elf/5.3.0/../../../../../H-x86_64-mingw32/nios2-elf/lib\libsmallc.a(lib_a-fvwrite_small_dev.o) (_write_r)
../cam_small_bsp/\libhal_bsp.a(alt_fcntl.o)
                              obj/default/main.o (fcntl)
../cam_small_bsp/\libhal_bsp.a(alt_getchar.o)
                              obj/default/main.o (alt_getchar)
../cam_small_bsp/\libhal_bsp.a(alt_load.o)
                              ../cam_small_bsp//obj/HAL/src/crt0.o (alt_load)
../cam_small_bsp/\libhal_bsp.a(alt_main.o)
                              ../cam_small_bsp//obj/HAL/src/crt0.o (alt_main)
../cam_small_bsp/\libhal_bsp.a(alt_sbrk.o)
                              c:/intelfpga_lite/18.1/nios2eds/bin/gnu/h-x86_64-mingw32/bin/../lib/gcc/nios2-elf/5.3.0/../../../../../H-x86_64-mingw32/nios2-elf/lib\libsmallc.a(lib_a-sbrkr.o) (sbrk)
../cam_small_bsp/\libhal_bsp.a(alt_tick.o)
                              obj/default/auto_focus.o (_alt_nticks)
../cam_small_bsp/\libhal_bsp.a(alt_usleep.o)
                              obj/default/I2C_core.o (usleep)
../cam_small_bsp/\libhal_bsp.a(alt_write.o)
                              c:/intelfpga_lite/18.1/nios2eds/bin/gnu/h-x86_64-mingw32/bin/../lib/gcc/nios2-elf/5.3.0/../../../../../H-x86_64-mingw32/nios2-elf/lib\libsmallc.a(lib_a-writer.o) (write)
../cam_small_bsp/\libhal_bsp.a(alt_sys_init.o)
                              ../cam_small_bsp/\libhal_bsp.a(alt_main.o) (alt_irq_init)
../cam_small_bsp/\libhal_bsp.a(altera_avalon_jtag_uart_read.o)
                              ../cam_small_bsp/\libhal_bsp.a(alt_getchar.o) (altera_avalon_jtag_uart_read)
../cam_small_bsp/\libhal_bsp.a(altera_avalon_jtag_uart_write.o)
                              ../cam_small_bsp/\libhal_bsp.a(alt_write.o) (altera_avalon_jtag_uart_write)
../cam_small_bsp/\libhal_bsp.a(alt_busy_sleep.o)
                              ../cam_small_bsp/\libhal_bsp.a(alt_usleep.o) (alt_busy_sleep)
../cam_small_bsp/\libhal_bsp.a(alt_dcache_flush_all.o)
                              ../cam_small_bsp/\libhal_bsp.a(alt_load.o) (alt_dcache_flush_all)
../cam_small_bsp/\libhal_bsp.a(alt_dev.o)
                              ../cam_small_bsp/\libhal_bsp.a(alt_fcntl.o) (alt_fd_list)
../cam_small_bsp/\libhal_bsp.a(alt_errno.o)
                              ../cam_small_bsp/\libhal_bsp.a(alt_fcntl.o) (alt_errno)
../cam_small_bsp/\libhal_bsp.a(alt_icache_flush_all.o)
                              ../cam_small_bsp/\libhal_bsp.a(alt_load.o) (alt_icache_flush_all)
../cam_small_bsp/\libhal_bsp.a(altera_nios2_gen2_irq.o)
                              ../cam_small_bsp/\libhal_bsp.a(alt_sys_init.o) (altera_nios2_gen2_irq_init)
../cam_small_bsp/\libhal_bsp.a(alt_icache_flush.o)
                              ../cam_small_bsp/\libhal_bsp.a(alt_icache_flush_all.o) (alt_icache_flush)

Allocating common symbols
Common symbol       size              file

errno               0x4               c:/intelfpga_lite/18.1/nios2eds/bin/gnu/h-x86_64-mingw32/bin/../lib/gcc/nios2-elf/5.3.0/../../../../../H-x86_64-mingw32/nios2-elf/lib\libsmallc.a(lib_a-int_errno.o)

Memory Configuration

Name             Origin             Length             Attributes
reset            0x0000000000020000 0x0000000000000020
onchip_memory2_0 0x0000000000020020 0x000000000001ffe0
*default*        0x0000000000000000 0xffffffffffffffff

Linker script and memory map

LOAD ../cam_small_bsp//obj/HAL/src/crt0.o
LOAD obj/default/I2C_core.o
LOAD obj/default/auto_focus.o
LOAD obj/default/main.o
LOAD obj/default/mipi_bridge_config.o
LOAD obj/default/mipi_camera_config.o
LOAD obj/default/queue.o
LOAD c:/intelfpga_lite/18.1/nios2eds/bin/gnu/h-x86_64-mingw32/bin/../lib/gcc/nios2-elf/5.3.0/../../../../../H-x86_64-mingw32/nios2-elf/lib\libstdc++.a
LOAD c:/intelfpga_lite/18.1/nios2eds/bin/gnu/h-x86_64-mingw32/bin/../lib/gcc/nios2-elf/5.3.0/../../../../../H-x86_64-mingw32/nios2-elf/lib\libm.a
LOAD c:/intelfpga_lite/18.1/nios2eds/bin/gnu/h-x86_64-mingw32/bin/../lib/gcc/nios2-elf/5.3.0\libgcc.a
START GROUP
LOAD c:/intelfpga_lite/18.1/nios2eds/bin/gnu/h-x86_64-mingw32/bin/../lib/gcc/nios2-elf/5.3.0/../../../../../H-x86_64-mingw32/nios2-elf/lib\libsmallc.a
LOAD c:/intelfpga_lite/18.1/nios2eds/bin/gnu/h-x86_64-mingw32/bin/../lib/gcc/nios2-elf/5.3.0\libgcc.a
LOAD ../cam_small_bsp/\libhal_bsp.a
LOAD c:/intelfpga_lite/18.1/nios2eds/bin/gnu/h-x86_64-mingw32/bin/../lib/gcc/nios2-elf/5.3.0/../../../../../H-x86_64-mingw32/nios2-elf/lib\libm.a
END GROUP
LOAD c:/intelfpga_lite/18.1/nios2eds/bin/gnu/h-x86_64-mingw32/bin/../lib/gcc/nios2-elf/5.3.0\libgcc.a
                0x0000000000020000                __alt_mem_onchip_memory2_0 = 0x20000

.entry          0x0000000000020000       0x20
 *(.entry)
 .entry         0x0000000000020000       0x20 ../cam_small_bsp//obj/HAL/src/crt0.o
                0x0000000000020000                __reset
                0x000000000002001c                _exit

.exceptions     0x0000000000020020        0x0
                0x0000000000020020                PROVIDE (__ram_exceptions_start, ABSOLUTE (.))
                0x0000000000020020                . = ALIGN (0x20)
 *(.irq)
 *(.exceptions.entry.label)
 *(.exceptions.entry.user)
 *(.exceptions.entry.ecc_fatal)
 *(.exceptions.entry)
 *(.exceptions.irqtest.user)
 *(.exceptions.irqtest)
 *(.exceptions.irqhandler.user)
 *(.exceptions.irqhandler)
 *(.exceptions.irqreturn.user)
 *(.exceptions.irqreturn)
 *(.exceptions.notirq.label)
 *(.exceptions.notirq.user)
 *(.exceptions.notirq)
 *(.exceptions.soft.user)
 *(.exceptions.soft)
 *(.exceptions.unknown.user)
 *(.exceptions.unknown)
 *(.exceptions.exit.label)
 *(.exceptions.exit.user)
 *(.exceptions.exit)
 *(.exceptions)
                0x0000000000020020                PROVIDE (__ram_exceptions_end, ABSOLUTE (.))
                0x0000000000020020                PROVIDE (__flash_exceptions_start, LOADADDR (.exceptions))

.text           0x0000000000020020     0x2c44
                [!provide]                        PROVIDE (stext, ABSOLUTE (.))
 *(.interp)
 *(.hash)
 *(.dynsym)
 *(.dynstr)
 *(.gnu.version)
 *(.gnu.version_d)
 *(.gnu.version_r)
 *(.rel.init)
 *(.rela.init)
 *(.rel.text .rel.text.* .rel.gnu.linkonce.t.*)
 *(.rela.text .rela.text.* .rela.gnu.linkonce.t.*)
 *(.rel.fini)
 *(.rela.fini)
 *(.rel.rodata .rel.rodata.* .rel.gnu.linkonce.r.*)
 *(.rela.rodata .rela.rodata.* .rela.gnu.linkonce.r.*)
 *(.rel.data .rel.data.* .rel.gnu.linkonce.d.*)
 *(.rela.data .rela.data.* .rela.gnu.linkonce.d.*)
 *(.rel.tdata .rel.tdata.* .rel.gnu.linkonce.td.*)
 *(.rela.tdata .rela.tdata.* .rela.gnu.linkonce.td.*)
 *(.rel.tbss .rel.tbss.* .rel.gnu.linkonce.tb.*)
 *(.rela.tbss .rela.tbss.* .rela.gnu.linkonce.tb.*)
 *(.rel.ctors)
 *(.rela.ctors)
 *(.rel.dtors)
 *(.rela.dtors)
 *(.rel.got)
 *(.rela.got)
 *(.rel.sdata .rel.sdata.* .rel.gnu.linkonce.s.*)
 *(.rela.sdata .rela.sdata.* .rela.gnu.linkonce.s.*)
 *(.rel.sbss .rel.sbss.* .rel.gnu.linkonce.sb.*)
 *(.rela.sbss .rela.sbss.* .rela.gnu.linkonce.sb.*)
 *(.rel.sdata2 .rel.sdata2.* .rel.gnu.linkonce.s2.*)
 *(.rela.sdata2 .rela.sdata2.* .rela.gnu.linkonce.s2.*)
 *(.rel.sbss2 .rel.sbss2.* .rel.gnu.linkonce.sb2.*)
 *(.rela.sbss2 .rela.sbss2.* .rela.gnu.linkonce.sb2.*)
 *(.rel.bss .rel.bss.* .rel.gnu.linkonce.b.*)
 *(.rela.bss .rela.bss.* .rela.gnu.linkonce.b.*)
 *(.rel.plt)
 *(.rela.plt)
 *(.rel.dyn)
 *(.init)
 *(.plt)
 *(.text .stub .text.* .gnu.linkonce.t.*)
 .text          0x0000000000020020       0x4c ../cam_small_bsp//obj/HAL/src/crt0.o
                0x0000000000020020                _start
 .text          0x000000000002006c      0x808 obj/default/I2C_core.o
                0x000000000002006c                Write32_Data
                0x0000000000020084                Read32_Data
                0x00000000000200a0                oc_i2c_init_ex
                0x0000000000020130                oc_i2c_init
                0x0000000000020144                oc_i2c_uninit
                0x0000000000020184                ACK_single_check
                0x00000000000201d8                ACK_check
                0x0000000000020220                OC_I2C_Write
                0x0000000000020328                ACK_judge_for_read
                0x000000000002035c                OC_I2C_Read
                0x00000000000204bc                OC_I2C_Read_Continue
                0x00000000000205b0                OC_I2CL_Write
                0x00000000000206e4                OC_I2CL_Read
 .text          0x0000000000020874      0x29c obj/default/auto_focus.o
                0x0000000000020874                Focus_Init
                0x0000000000020958                Focus_Released
                0x00000000000209cc                Focus_Window
 .text          0x0000000000020b10      0x2ec obj/default/main.o
                0x0000000000020b10                mipi_clear_error
                0x0000000000020bbc                mipi_show_error_info
                0x0000000000020c50                mipi_show_error_info_more
                0x0000000000020d80                MIPI_Init
 .text.startup  0x0000000000020dfc      0x304 obj/default/main.o
                0x0000000000020dfc                main
 .text          0x0000000000021100      0x140 obj/default/mipi_bridge_config.o
                0x0000000000021100                nSWAP16
                0x0000000000021114                MipiBridgeRegWrite
                0x000000000002114c                MipiBridgeRegRead
                0x0000000000021190                MipiBridgeInit
 .text          0x0000000000021240      0x618 obj/default/mipi_camera_config.o
                0x0000000000021240                OV8865_read_cmos_sensor_8
                0x0000000000021278                OV8865_write_cmos_sensor_8
                0x00000000000212b0                OV8865_write_AF
                0x00000000000212e8                OV8865_read_AF
                0x000000000002132c                OV8865_FOCUS_Move_to
                0x00000000000213b4                OV8865SetExposure
                0x0000000000021454                OV8865SetGain
                0x00000000000214f4                OV8865ReadExposure
                0x0000000000021584                MIPI_BIN_LEVEL
                0x0000000000021710                MipiCameraInit
 .text          0x0000000000021858      0x184 obj/default/queue.o
                0x0000000000021858                QUEUE_New
                0x00000000000218b8                QUEUE_Delete
                0x00000000000218bc                QUEUE_IsEmpty
                0x00000000000218cc                QUEUE_IsFull
                0x0000000000021904                QUEUE_Push
                0x000000000002196c                QUEUE_Pop
                0x00000000000219d0                QUEUE_Empty
 .text          0x00000000000219dc      0x1b4 c:/intelfpga_lite/18.1/nios2eds/bin/gnu/h-x86_64-mingw32/bin/../lib/gcc/nios2-elf/5.3.0\libgcc.a(lib2-divmod.o)
                0x00000000000219dc                __divsi3
                0x0000000000021a60                __modsi3
                0x0000000000021ad4                __udivsi3
                0x0000000000021b38                __umodsi3
 .text          0x0000000000021b90        0x0 c:/intelfpga_lite/18.1/nios2eds/bin/gnu/h-x86_64-mingw32/bin/../lib/gcc/nios2-elf/5.3.0/../../../../../H-x86_64-mingw32/nios2-elf/lib\libsmallc.a(lib_a-malloc.o)
 .text.malloc   0x0000000000021b90       0x14 c:/intelfpga_lite/18.1/nios2eds/bin/gnu/h-x86_64-mingw32/bin/../lib/gcc/nios2-elf/5.3.0/../../../../../H-x86_64-mingw32/nios2-elf/lib\libsmallc.a(lib_a-malloc.o)
                0x0000000000021b90                malloc
 .text.free     0x0000000000021ba4       0x14 c:/intelfpga_lite/18.1/nios2eds/bin/gnu/h-x86_64-mingw32/bin/../lib/gcc/nios2-elf/5.3.0/../../../../../H-x86_64-mingw32/nios2-elf/lib\libsmallc.a(lib_a-malloc.o)
                0x0000000000021ba4                free
 .text          0x0000000000021bb8        0x0 c:/intelfpga_lite/18.1/nios2eds/bin/gnu/h-x86_64-mingw32/bin/../lib/gcc/nios2-elf/5.3.0/../../../../../H-x86_64-mingw32/nios2-elf/lib\libsmallc.a(lib_a-memset.o)
 .text.memset   0x0000000000021bb8       0x20 c:/intelfpga_lite/18.1/nios2eds/bin/gnu/h-x86_64-mingw32/bin/../lib/gcc/nios2-elf/5.3.0/../../../../../H-x86_64-mingw32/nios2-elf/lib\libsmallc.a(lib_a-memset.o)
                0x0000000000021bb8                memset
 .text          0x0000000000021bd8        0x0 c:/intelfpga_lite/18.1/nios2eds/bin/gnu/h-x86_64-mingw32/bin/../lib/gcc/nios2-elf/5.3.0/../../../../../H-x86_64-mingw32/nios2-elf/lib\libsmallc.a(lib_a-nano-freer.o)
 .text._free_r  0x0000000000021bd8       0xe4 c:/intelfpga_lite/18.1/nios2eds/bin/gnu/h-x86_64-mingw32/bin/../lib/gcc/nios2-elf/5.3.0/../../../../../H-x86_64-mingw32/nios2-elf/lib\libsmallc.a(lib_a-nano-freer.o)
                0x0000000000021bd8                _free_r
 .text          0x0000000000021cbc        0x0 c:/intelfpga_lite/18.1/nios2eds/bin/gnu/h-x86_64-mingw32/bin/../lib/gcc/nios2-elf/5.3.0/../../../../../H-x86_64-mingw32/nios2-elf/lib\libsmallc.a(lib_a-nano-mallocr.o)
 .text._malloc_r
                0x0000000000021cbc      0x158 c:/intelfpga_lite/18.1/nios2eds/bin/gnu/h-x86_64-mingw32/bin/../lib/gcc/nios2-elf/5.3.0/../../../../../H-x86_64-mingw32/nios2-elf/lib\libsmallc.a(lib_a-nano-mallocr.o)
                0x0000000000021cbc                _malloc_r
 .text          0x0000000000021e14        0x0 c:/intelfpga_lite/18.1/nios2eds/bin/gnu/h-x86_64-mingw32/bin/../lib/gcc/nios2-elf/5.3.0/../../../../../H-x86_64-mingw32/nios2-elf/lib\libsmallc.a(lib_a-printf.o)
 .text._printf_r
                0x0000000000021e14       0x3c c:/intelfpga_lite/18.1/nios2eds/bin/gnu/h-x86_64-mingw32/bin/../lib/gcc/nios2-elf/5.3.0/../../../../../H-x86_64-mingw32/nios2-elf/lib\libsmallc.a(lib_a-printf.o)
                0x0000000000021e14                _printf_r
 .text.printf   0x0000000000021e50       0x4c c:/intelfpga_lite/18.1/nios2eds/bin/gnu/h-x86_64-mingw32/bin/../lib/gcc/nios2-elf/5.3.0/../../../../../H-x86_64-mingw32/nios2-elf/lib\libsmallc.a(lib_a-printf.o)
                0x0000000000021e50                printf
 .text          0x0000000000021e9c        0x0 c:/intelfpga_lite/18.1/nios2eds/bin/gnu/h-x86_64-mingw32/bin/../lib/gcc/nios2-elf/5.3.0/../../../../../H-x86_64-mingw32/nios2-elf/lib\libsmallc.a(lib_a-putchar.o)
 .text._putchar_r
                0x0000000000021e9c        0x8 c:/intelfpga_lite/18.1/nios2eds/bin/gnu/h-x86_64-mingw32/bin/../lib/gcc/nios2-elf/5.3.0/../../../../../H-x86_64-mingw32/nios2-elf/lib\libsmallc.a(lib_a-putchar.o)
                0x0000000000021e9c                _putchar_r
 .text.putchar  0x0000000000021ea4       0x1c c:/intelfpga_lite/18.1/nios2eds/bin/gnu/h-x86_64-mingw32/bin/../lib/gcc/nios2-elf/5.3.0/../../../../../H-x86_64-mingw32/nios2-elf/lib\libsmallc.a(lib_a-putchar.o)
                0x0000000000021ea4                putchar
 .text          0x0000000000021ec0        0x0 c:/intelfpga_lite/18.1/nios2eds/bin/gnu/h-x86_64-mingw32/bin/../lib/gcc/nios2-elf/5.3.0/../../../../../H-x86_64-mingw32/nios2-elf/lib\libsmallc.a(lib_a-puts.o)
 .text._puts_r  0x0000000000021ec0       0x80 c:/intelfpga_lite/18.1/nios2eds/bin/gnu/h-x86_64-mingw32/bin/../lib/gcc/nios2-elf/5.3.0/../../../../../H-x86_64-mingw32/nios2-elf/lib\libsmallc.a(lib_a-puts.o)
                0x0000000000021ec0                _puts_r
 .text.puts     0x0000000000021f40       0x14 c:/intelfpga_lite/18.1/nios2eds/bin/gnu/h-x86_64-mingw32/bin/../lib/gcc/nios2-elf/5.3.0/../../../../../H-x86_64-mingw32/nios2-elf/lib\libsmallc.a(lib_a-puts.o)
                0x0000000000021f40                puts
 .text          0x0000000000021f54        0x0 c:/intelfpga_lite/18.1/nios2eds/bin/gnu/h-x86_64-mingw32/bin/../lib/gcc/nios2-elf/5.3.0/../../../../../H-x86_64-mingw32/nios2-elf/lib\libsmallc.a(lib_a-sbrkr.o)
 .text._sbrk_r  0x0000000000021f54       0x50 c:/intelfpga_lite/18.1/nios2eds/bin/gnu/h-x86_64-mingw32/bin/../lib/gcc/nios2-elf/5.3.0/../../../../../H-x86_64-mingw32/nios2-elf/lib\libsmallc.a(lib_a-sbrkr.o)
                0x0000000000021f54                _sbrk_r
 .text          0x0000000000021fa4        0x0 c:/intelfpga_lite/18.1/nios2eds/bin/gnu/h-x86_64-mingw32/bin/../lib/gcc/nios2-elf/5.3.0/../../../../../H-x86_64-mingw32/nios2-elf/lib\libsmallc.a(lib_a-strlen.o)
 .text.strlen   0x0000000000021fa4       0x1c c:/intelfpga_lite/18.1/nios2eds/bin/gnu/h-x86_64-mingw32/bin/../lib/gcc/nios2-elf/5.3.0/../../../../../H-x86_64-mingw32/nios2-elf/lib\libsmallc.a(lib_a-strlen.o)
                0x0000000000021fa4                strlen
 .text          0x0000000000021fc0        0x0 c:/intelfpga_lite/18.1/nios2eds/bin/gnu/h-x86_64-mingw32/bin/../lib/gcc/nios2-elf/5.3.0/../../../../../H-x86_64-mingw32/nios2-elf/lib\libsmallc.a(lib_a-vfprintf.o)
 .text.print_repeat
                0x0000000000021fc0       0x6c c:/intelfpga_lite/18.1/nios2eds/bin/gnu/h-x86_64-mingw32/bin/../lib/gcc/nios2-elf/5.3.0/../../../../../H-x86_64-mingw32/nios2-elf/lib\libsmallc.a(lib_a-vfprintf.o)
 .text.___vfprintf_internal_r
                0x000000000002202c      0x524 c:/intelfpga_lite/18.1/nios2eds/bin/gnu/h-x86_64-mingw32/bin/../lib/gcc/nios2-elf/5.3.0/../../../../../H-x86_64-mingw32/nios2-elf/lib\libsmallc.a(lib_a-vfprintf.o)
                0x000000000002202c                ___vfprintf_internal_r
 .text.__vfprintf_internal
                0x0000000000022550       0x1c c:/intelfpga_lite/18.1/nios2eds/bin/gnu/h-x86_64-mingw32/bin/../lib/gcc/nios2-elf/5.3.0/../../../../../H-x86_64-mingw32/nios2-elf/lib\libsmallc.a(lib_a-vfprintf.o)
                0x0000000000022550                __vfprintf_internal
 .text          0x000000000002256c        0x0 c:/intelfpga_lite/18.1/nios2eds/bin/gnu/h-x86_64-mingw32/bin/../lib/gcc/nios2-elf/5.3.0/../../../../../H-x86_64-mingw32/nios2-elf/lib\libsmallc.a(lib_a-fvwrite_small_dev.o)
 .text.__sfvwrite_small_dev
                0x000000000002256c       0xb8 c:/intelfpga_lite/18.1/nios2eds/bin/gnu/h-x86_64-mingw32/bin/../lib/gcc/nios2-elf/5.3.0/../../../../../H-x86_64-mingw32/nios2-elf/lib\libsmallc.a(lib_a-fvwrite_small_dev.o)
                0x000000000002256c                __sfvwrite_small_dev
 .text          0x0000000000022624        0x0 c:/intelfpga_lite/18.1/nios2eds/bin/gnu/h-x86_64-mingw32/bin/../lib/gcc/nios2-elf/5.3.0/../../../../../H-x86_64-mingw32/nios2-elf/lib\libsmallc.a(lib_a-impure.o)
 .text          0x0000000000022624        0x0 c:/intelfpga_lite/18.1/nios2eds/bin/gnu/h-x86_64-mingw32/bin/../lib/gcc/nios2-elf/5.3.0/../../../../../H-x86_64-mingw32/nios2-elf/lib\libsmallc.a(lib_a-int_errno.o)
 .text          0x0000000000022624        0x0 c:/intelfpga_lite/18.1/nios2eds/bin/gnu/h-x86_64-mingw32/bin/../lib/gcc/nios2-elf/5.3.0/../../../../../H-x86_64-mingw32/nios2-elf/lib\libsmallc.a(lib_a-putc.o)
 .text.putc     0x0000000000022624       0x54 c:/intelfpga_lite/18.1/nios2eds/bin/gnu/h-x86_64-mingw32/bin/../lib/gcc/nios2-elf/5.3.0/../../../../../H-x86_64-mingw32/nios2-elf/lib\libsmallc.a(lib_a-putc.o)
                0x0000000000022624                putc
 .text._putc_r  0x0000000000022678       0x58 c:/intelfpga_lite/18.1/nios2eds/bin/gnu/h-x86_64-mingw32/bin/../lib/gcc/nios2-elf/5.3.0/../../../../../H-x86_64-mingw32/nios2-elf/lib\libsmallc.a(lib_a-putc.o)
                0x0000000000022678                _putc_r
 .text          0x00000000000226d0        0x0 c:/intelfpga_lite/18.1/nios2eds/bin/gnu/h-x86_64-mingw32/bin/../lib/gcc/nios2-elf/5.3.0/../../../../../H-x86_64-mingw32/nios2-elf/lib\libsmallc.a(lib_a-writer.o)
 .text._write_r
                0x00000000000226d0       0x58 c:/intelfpga_lite/18.1/nios2eds/bin/gnu/h-x86_64-mingw32/bin/../lib/gcc/nios2-elf/5.3.0/../../../../../H-x86_64-mingw32/nios2-elf/lib\libsmallc.a(lib_a-writer.o)
                0x00000000000226d0                _write_r
 .text          0x0000000000022728       0xb8 ../cam_small_bsp/\libhal_bsp.a(alt_fcntl.o)
                0x0000000000022728                fcntl
 .text          0x00000000000227e0       0x44 ../cam_small_bsp/\libhal_bsp.a(alt_getchar.o)
                0x00000000000227e0                alt_getchar
 .text          0x0000000000022824       0xe0 ../cam_small_bsp/\libhal_bsp.a(alt_load.o)
                0x0000000000022824                alt_load
 .text          0x0000000000022904       0x2c ../cam_small_bsp/\libhal_bsp.a(alt_main.o)
                0x0000000000022904                alt_main
 .text          0x0000000000022930       0x4c ../cam_small_bsp/\libhal_bsp.a(alt_sbrk.o)
                0x0000000000022930                sbrk
 .text          0x000000000002297c       0xec ../cam_small_bsp/\libhal_bsp.a(alt_tick.o)
                0x000000000002297c                alt_alarm_stop
                0x00000000000229b0                alt_tick
 .text          0x0000000000022a68        0x4 ../cam_small_bsp/\libhal_bsp.a(alt_usleep.o)
                0x0000000000022a68                usleep
 .text          0x0000000000022a6c       0x60 ../cam_small_bsp/\libhal_bsp.a(alt_write.o)
                0x0000000000022a6c                write
 .text          0x0000000000022acc       0x24 ../cam_small_bsp/\libhal_bsp.a(alt_sys_init.o)
                0x0000000000022acc                alt_irq_init
                0x0000000000022aec                alt_sys_init
 .text          0x0000000000022af0       0x5c ../cam_small_bsp/\libhal_bsp.a(altera_avalon_jtag_uart_read.o)
                0x0000000000022af0                altera_avalon_jtag_uart_read
 .text          0x0000000000022b4c       0x34 ../cam_small_bsp/\libhal_bsp.a(altera_avalon_jtag_uart_write.o)
                0x0000000000022b4c                altera_avalon_jtag_uart_write
 .text          0x0000000000022b80       0x78 ../cam_small_bsp/\libhal_bsp.a(alt_busy_sleep.o)
                0x0000000000022b80                alt_busy_sleep
 .text          0x0000000000022bf8       0x18 ../cam_small_bsp/\libhal_bsp.a(alt_dcache_flush_all.o)
                0x0000000000022bf8                alt_dcache_flush_all
 .text          0x0000000000022c10        0x8 ../cam_small_bsp/\libhal_bsp.a(alt_dev.o)
 .text          0x0000000000022c18        0x0 ../cam_small_bsp/\libhal_bsp.a(alt_errno.o)
 .text          0x0000000000022c18        0xc ../cam_small_bsp/\libhal_bsp.a(alt_icache_flush_all.o)
                0x0000000000022c18                alt_icache_flush_all
 .text          0x0000000000022c24        0x8 ../cam_small_bsp/\libhal_bsp.a(altera_nios2_gen2_irq.o)
                0x0000000000022c24                altera_nios2_gen2_irq_init
 .text          0x0000000000022c2c       0x38 ../cam_small_bsp/\libhal_bsp.a(alt_icache_flush.o)
                0x0000000000022c2c                alt_icache_flush
 *(.gnu.warning.*)
 *(.fini)
                [!provide]                        PROVIDE (__etext, ABSOLUTE (.))
                [!provide]                        PROVIDE (_etext, ABSOLUTE (.))
                [!provide]                        PROVIDE (etext, ABSOLUTE (.))
 *(.eh_frame_hdr)
                0x0000000000022c64                . = ALIGN (0x4)
                [!provide]                        PROVIDE (__preinit_array_start, ABSOLUTE (.))
 *(.preinit_array)
                [!provide]                        PROVIDE (__preinit_array_end, ABSOLUTE (.))
                [!provide]                        PROVIDE (__init_array_start, ABSOLUTE (.))
 *(.init_array)
                [!provide]                        PROVIDE (__init_array_end, ABSOLUTE (.))
                [!provide]                        PROVIDE (__fini_array_start, ABSOLUTE (.))
 *(.fini_array)
                [!provide]                        PROVIDE (__fini_array_end, ABSOLUTE (.))
 *(.eh_frame)
 *(.gcc_except_table .gcc_except_table.*)
 *(.dynamic)
                [!provide]                        PROVIDE (__CTOR_LIST__, ABSOLUTE (.))
 *(.ctors)
 *(SORT(.ctors.*))
                [!provide]                        PROVIDE (__CTOR_END__, ABSOLUTE (.))
                [!provide]                        PROVIDE (__DTOR_LIST__, ABSOLUTE (.))
 *(.dtors)
 *(SORT(.dtors.*))
                [!provide]                        PROVIDE (__DTOR_END__, ABSOLUTE (.))
 *(.jcr)
                0x0000000000022c64                . = ALIGN (0x4)

.rodata         0x0000000000022c64      0xce4
                0x0000000000022c64                PROVIDE (__ram_rodata_start, ABSOLUTE (.))
                0x0000000000022c64                . = ALIGN (0x4)
 *(.rodata .rodata.* .gnu.linkonce.r.*)
 .rodata.str1.4
                0x0000000000022c64      0x1cf obj/default/I2C_core.o
 *fill*         0x0000000000022e33        0x1 
 .rodata.str1.4
                0x0000000000022e34       0x4d obj/default/auto_focus.o
 *fill*         0x0000000000022e81        0x3 
 .rodata.str1.4
                0x0000000000022e84      0x20d obj/default/main.o
 *fill*         0x0000000000023091        0x3 
 .rodata.str1.4
                0x0000000000023094       0x61 obj/default/mipi_bridge_config.o
 *fill*         0x00000000000230f5        0x1 
 .rodata        0x00000000000230f6       0x34 obj/default/mipi_bridge_config.o
 *fill*         0x000000000002312a        0x2 
 .rodata.str1.4
                0x000000000002312c       0x9c obj/default/mipi_camera_config.o
 .rodata        0x00000000000231c8      0x774 obj/default/mipi_camera_config.o
 .rodata.str1.4
                0x000000000002393c       0x9c c:/intelfpga_lite/18.1/nios2eds/bin/gnu/h-x86_64-mingw32/bin/../lib/gcc/nios2-elf/5.3.0/../../../../../H-x86_64-mingw32/nios2-elf/lib\libsmallc.a(lib_a-puts.o)
                                          0x2 (size before relaxing)
 .rodata.str1.4
                0x000000000002393c        0xc ../cam_small_bsp/\libhal_bsp.a(alt_dev.o)
                                          0xa (size before relaxing)
 *(.rodata1)
                0x00000000000239d8                . = ALIGN (0x4)
                0x00000000000239d8                PROVIDE (__ram_rodata_end, ABSOLUTE (.))
                0x0000000000022c64                PROVIDE (__flash_rodata_start, LOADADDR (.rodata))

.rwdata         0x0000000000023948      0x178 load address 0x0000000000023ac0
                0x0000000000023948                PROVIDE (__ram_rwdata_start, ABSOLUTE (.))
                0x0000000000023948                . = ALIGN (0x4)
 *(.got.plt)
 *(.got)
 *(.data1)
 *(.data .data.* .gnu.linkonce.d.*)
 .data          0x0000000000023948        0x0 ../cam_small_bsp//obj/HAL/src/crt0.o
 .data          0x0000000000023948        0x0 obj/default/I2C_core.o
 .data          0x0000000000023948        0x0 obj/default/auto_focus.o
 .data          0x0000000000023948        0x0 obj/default/main.o
 .data          0x0000000000023948        0x0 obj/default/mipi_bridge_config.o
 .data          0x0000000000023948        0x0 obj/default/mipi_camera_config.o
 .data          0x0000000000023948        0x0 obj/default/queue.o
 .data          0x0000000000023948        0x0 c:/intelfpga_lite/18.1/nios2eds/bin/gnu/h-x86_64-mingw32/bin/../lib/gcc/nios2-elf/5.3.0\libgcc.a(lib2-divmod.o)
 .data          0x0000000000023948        0x0 c:/intelfpga_lite/18.1/nios2eds/bin/gnu/h-x86_64-mingw32/bin/../lib/gcc/nios2-elf/5.3.0/../../../../../H-x86_64-mingw32/nios2-elf/lib\libsmallc.a(lib_a-malloc.o)
 .data          0x0000000000023948        0x0 c:/intelfpga_lite/18.1/nios2eds/bin/gnu/h-x86_64-mingw32/bin/../lib/gcc/nios2-elf/5.3.0/../../../../../H-x86_64-mingw32/nios2-elf/lib\libsmallc.a(lib_a-memset.o)
 .data          0x0000000000023948        0x0 c:/intelfpga_lite/18.1/nios2eds/bin/gnu/h-x86_64-mingw32/bin/../lib/gcc/nios2-elf/5.3.0/../../../../../H-x86_64-mingw32/nios2-elf/lib\libsmallc.a(lib_a-nano-freer.o)
 .data          0x0000000000023948        0x0 c:/intelfpga_lite/18.1/nios2eds/bin/gnu/h-x86_64-mingw32/bin/../lib/gcc/nios2-elf/5.3.0/../../../../../H-x86_64-mingw32/nios2-elf/lib\libsmallc.a(lib_a-nano-mallocr.o)
 .data          0x0000000000023948        0x0 c:/intelfpga_lite/18.1/nios2eds/bin/gnu/h-x86_64-mingw32/bin/../lib/gcc/nios2-elf/5.3.0/../../../../../H-x86_64-mingw32/nios2-elf/lib\libsmallc.a(lib_a-printf.o)
 .data          0x0000000000023948        0x0 c:/intelfpga_lite/18.1/nios2eds/bin/gnu/h-x86_64-mingw32/bin/../lib/gcc/nios2-elf/5.3.0/../../../../../H-x86_64-mingw32/nios2-elf/lib\libsmallc.a(lib_a-putchar.o)
 .data          0x0000000000023948        0x0 c:/intelfpga_lite/18.1/nios2eds/bin/gnu/h-x86_64-mingw32/bin/../lib/gcc/nios2-elf/5.3.0/../../../../../H-x86_64-mingw32/nios2-elf/lib\libsmallc.a(lib_a-puts.o)
 .data          0x0000000000023948        0x0 c:/intelfpga_lite/18.1/nios2eds/bin/gnu/h-x86_64-mingw32/bin/../lib/gcc/nios2-elf/5.3.0/../../../../../H-x86_64-mingw32/nios2-elf/lib\libsmallc.a(lib_a-sbrkr.o)
 .data          0x0000000000023948        0x0 c:/intelfpga_lite/18.1/nios2eds/bin/gnu/h-x86_64-mingw32/bin/../lib/gcc/nios2-elf/5.3.0/../../../../../H-x86_64-mingw32/nios2-elf/lib\libsmallc.a(lib_a-strlen.o)
 .data          0x0000000000023948        0x0 c:/intelfpga_lite/18.1/nios2eds/bin/gnu/h-x86_64-mingw32/bin/../lib/gcc/nios2-elf/5.3.0/../../../../../H-x86_64-mingw32/nios2-elf/lib\libsmallc.a(lib_a-vfprintf.o)
 .data          0x0000000000023948        0x0 c:/intelfpga_lite/18.1/nios2eds/bin/gnu/h-x86_64-mingw32/bin/../lib/gcc/nios2-elf/5.3.0/../../../../../H-x86_64-mingw32/nios2-elf/lib\libsmallc.a(lib_a-fvwrite_small_dev.o)
 .data          0x0000000000023948        0x0 c:/intelfpga_lite/18.1/nios2eds/bin/gnu/h-x86_64-mingw32/bin/../lib/gcc/nios2-elf/5.3.0/../../../../../H-x86_64-mingw32/nios2-elf/lib\libsmallc.a(lib_a-impure.o)
 .data.impure_data
                0x0000000000023948       0xe0 c:/intelfpga_lite/18.1/nios2eds/bin/gnu/h-x86_64-mingw32/bin/../lib/gcc/nios2-elf/5.3.0/../../../../../H-x86_64-mingw32/nios2-elf/lib\libsmallc.a(lib_a-impure.o)
 .data          0x0000000000023a28        0x0 c:/intelfpga_lite/18.1/nios2eds/bin/gnu/h-x86_64-mingw32/bin/../lib/gcc/nios2-elf/5.3.0/../../../../../H-x86_64-mingw32/nios2-elf/lib\libsmallc.a(lib_a-int_errno.o)
 .data          0x0000000000023a28        0x0 c:/intelfpga_lite/18.1/nios2eds/bin/gnu/h-x86_64-mingw32/bin/../lib/gcc/nios2-elf/5.3.0/../../../../../H-x86_64-mingw32/nios2-elf/lib\libsmallc.a(lib_a-putc.o)
 .data          0x0000000000023a28        0x0 c:/intelfpga_lite/18.1/nios2eds/bin/gnu/h-x86_64-mingw32/bin/../lib/gcc/nios2-elf/5.3.0/../../../../../H-x86_64-mingw32/nios2-elf/lib\libsmallc.a(lib_a-writer.o)
 .data          0x0000000000023a28        0x0 ../cam_small_bsp/\libhal_bsp.a(alt_fcntl.o)
 .data          0x0000000000023a28        0x0 ../cam_small_bsp/\libhal_bsp.a(alt_getchar.o)
 .data          0x0000000000023a28        0x0 ../cam_small_bsp/\libhal_bsp.a(alt_load.o)
 .data          0x0000000000023a28        0x0 ../cam_small_bsp/\libhal_bsp.a(alt_main.o)
 .data          0x0000000000023a28        0x0 ../cam_small_bsp/\libhal_bsp.a(alt_sbrk.o)
 .data          0x0000000000023a28        0x0 ../cam_small_bsp/\libhal_bsp.a(alt_tick.o)
 .data          0x0000000000023a28        0x0 ../cam_small_bsp/\libhal_bsp.a(alt_usleep.o)
 .data          0x0000000000023a28        0x0 ../cam_small_bsp/\libhal_bsp.a(alt_write.o)
 .data          0x0000000000023a28        0x0 ../cam_small_bsp/\libhal_bsp.a(alt_sys_init.o)
 .data          0x0000000000023a28        0x0 ../cam_small_bsp/\libhal_bsp.a(altera_avalon_jtag_uart_read.o)
 .data          0x0000000000023a28        0x0 ../cam_small_bsp/\libhal_bsp.a(altera_avalon_jtag_uart_write.o)
 .data          0x0000000000023a28        0x0 ../cam_small_bsp/\libhal_bsp.a(alt_busy_sleep.o)
 .data          0x0000000000023a28        0x0 ../cam_small_bsp/\libhal_bsp.a(alt_dcache_flush_all.o)
 .data          0x0000000000023a28       0x58 ../cam_small_bsp/\libhal_bsp.a(alt_dev.o)
                0x0000000000023a28                alt_fd_list
                0x0000000000023a58                alt_dev_null
 .data          0x0000000000023a80        0x0 ../cam_small_bsp/\libhal_bsp.a(alt_errno.o)
 .data          0x0000000000023a80        0x0 ../cam_small_bsp/\libhal_bsp.a(alt_icache_flush_all.o)
 .data          0x0000000000023a80        0x0 ../cam_small_bsp/\libhal_bsp.a(altera_nios2_gen2_irq.o)
 .data          0x0000000000023a80        0x0 ../cam_small_bsp/\libhal_bsp.a(alt_icache_flush.o)
                0x000000000002ba80                _gp = ABSOLUTE ((. + 0x8000))
                [!provide]                        PROVIDE (gp, _gp)
 *(.rwdata .rwdata.*)
 *(.sdata .sdata.* .gnu.linkonce.s.*)
 .sdata         0x0000000000023a80        0xc obj/default/auto_focus.o
                0x0000000000023a80                focus_th
                0x0000000000023a81                focus_scal_f
                0x0000000000023a82                focus_scal
                0x0000000000023a84                focus_height
                0x0000000000023a86                focus_width
                0x0000000000023a88                video_h
                0x0000000000023a8a                video_w
 .sdata._global_impure_ptr
                0x0000000000023a8c        0x4 c:/intelfpga_lite/18.1/nios2eds/bin/gnu/h-x86_64-mingw32/bin/../lib/gcc/nios2-elf/5.3.0/../../../../../H-x86_64-mingw32/nios2-elf/lib\libsmallc.a(lib_a-impure.o)
                0x0000000000023a8c                _global_impure_ptr
 .sdata._impure_ptr
                0x0000000000023a90        0x4 c:/intelfpga_lite/18.1/nios2eds/bin/gnu/h-x86_64-mingw32/bin/../lib/gcc/nios2-elf/5.3.0/../../../../../H-x86_64-mingw32/nios2-elf/lib\libsmallc.a(lib_a-impure.o)
                0x0000000000023a90                _impure_ptr
 .sdata         0x0000000000023a94        0x4 ../cam_small_bsp/\libhal_bsp.a(alt_sbrk.o)
 .sdata         0x0000000000023a98        0x8 ../cam_small_bsp/\libhal_bsp.a(alt_tick.o)
                0x0000000000023a98                alt_alarm_list
 .sdata         0x0000000000023aa0        0x8 ../cam_small_bsp/\libhal_bsp.a(alt_sys_init.o)
                0x0000000000023aa0                uart_0
                0x0000000000023aa4                jtag_uart
 .sdata         0x0000000000023aa8       0x14 ../cam_small_bsp/\libhal_bsp.a(alt_dev.o)
                0x0000000000023aa8                alt_max_fd
                0x0000000000023aac                alt_dev_list
                0x0000000000023ab4                alt_fs_list
 .sdata         0x0000000000023abc        0x4 ../cam_small_bsp/\libhal_bsp.a(alt_errno.o)
                0x0000000000023abc                alt_errno
 *(.sdata2 .sdata2.* .gnu.linkonce.s2.*)
                0x0000000000023ac0                . = ALIGN (0x4)
                0x0000000000023ac0                _edata = ABSOLUTE (.)
                [!provide]                        PROVIDE (edata, ABSOLUTE (.))
                0x0000000000023ac0                PROVIDE (__ram_rwdata_end, ABSOLUTE (.))
                0x0000000000023ac0                PROVIDE (__flash_rwdata_start, LOADADDR (.rwdata))

.bss            0x0000000000023c38       0x20
                0x0000000000023c38                __bss_start = ABSOLUTE (.)
                [!provide]                        PROVIDE (__sbss_start, ABSOLUTE (.))
                [!provide]                        PROVIDE (___sbss_start, ABSOLUTE (.))
 *(.dynsbss)
 *(.sbss .sbss.* .gnu.linkonce.sb.*)
 .sbss.__malloc_sbrk_start
                0x0000000000023c38        0x4 c:/intelfpga_lite/18.1/nios2eds/bin/gnu/h-x86_64-mingw32/bin/../lib/gcc/nios2-elf/5.3.0/../../../../../H-x86_64-mingw32/nios2-elf/lib\libsmallc.a(lib_a-nano-mallocr.o)
                0x0000000000023c38                __malloc_sbrk_start
 .sbss.__malloc_free_list
                0x0000000000023c3c        0x4 c:/intelfpga_lite/18.1/nios2eds/bin/gnu/h-x86_64-mingw32/bin/../lib/gcc/nios2-elf/5.3.0/../../../../../H-x86_64-mingw32/nios2-elf/lib\libsmallc.a(lib_a-nano-mallocr.o)
                0x0000000000023c3c                __malloc_free_list
 .sbss          0x0000000000023c40        0x4 c:/intelfpga_lite/18.1/nios2eds/bin/gnu/h-x86_64-mingw32/bin/../lib/gcc/nios2-elf/5.3.0/../../../../../H-x86_64-mingw32/nios2-elf/lib\libsmallc.a(lib_a-int_errno.o)
                0x0000000000023c40                errno
 .sbss          0x0000000000023c44        0xc ../cam_small_bsp/\libhal_bsp.a(alt_main.o)
                0x0000000000023c44                alt_envp
                0x0000000000023c48                alt_argv
                0x0000000000023c4c                alt_argc
 .sbss          0x0000000000023c50        0x8 ../cam_small_bsp/\libhal_bsp.a(alt_tick.o)
                0x0000000000023c50                _alt_nticks
                0x0000000000023c54                _alt_tick_rate
 *(.sbss2 .sbss2.* .gnu.linkonce.sb2.*)
 *(.scommon)
                [!provide]                        PROVIDE (__sbss_end, ABSOLUTE (.))
                [!provide]                        PROVIDE (___sbss_end, ABSOLUTE (.))
 *(.dynbss)
 *(.bss .bss.* .gnu.linkonce.b.*)
 .bss           0x0000000000023c58        0x0 ../cam_small_bsp//obj/HAL/src/crt0.o
 .bss           0x0000000000023c58        0x0 obj/default/I2C_core.o
 .bss           0x0000000000023c58        0x0 obj/default/auto_focus.o
 .bss           0x0000000000023c58        0x0 obj/default/main.o
 .bss           0x0000000000023c58        0x0 obj/default/mipi_bridge_config.o
 .bss           0x0000000000023c58        0x0 obj/default/mipi_camera_config.o
 .bss           0x0000000000023c58        0x0 obj/default/queue.o
 .bss           0x0000000000023c58        0x0 c:/intelfpga_lite/18.1/nios2eds/bin/gnu/h-x86_64-mingw32/bin/../lib/gcc/nios2-elf/5.3.0\libgcc.a(lib2-divmod.o)
 .bss           0x0000000000023c58        0x0 c:/intelfpga_lite/18.1/nios2eds/bin/gnu/h-x86_64-mingw32/bin/../lib/gcc/nios2-elf/5.3.0/../../../../../H-x86_64-mingw32/nios2-elf/lib\libsmallc.a(lib_a-malloc.o)
 .bss           0x0000000000023c58        0x0 c:/intelfpga_lite/18.1/nios2eds/bin/gnu/h-x86_64-mingw32/bin/../lib/gcc/nios2-elf/5.3.0/../../../../../H-x86_64-mingw32/nios2-elf/lib\libsmallc.a(lib_a-memset.o)
 .bss           0x0000000000023c58        0x0 c:/intelfpga_lite/18.1/nios2eds/bin/gnu/h-x86_64-mingw32/bin/../lib/gcc/nios2-elf/5.3.0/../../../../../H-x86_64-mingw32/nios2-elf/lib\libsmallc.a(lib_a-nano-freer.o)
 .bss           0x0000000000023c58        0x0 c:/intelfpga_lite/18.1/nios2eds/bin/gnu/h-x86_64-mingw32/bin/../lib/gcc/nios2-elf/5.3.0/../../../../../H-x86_64-mingw32/nios2-elf/lib\libsmallc.a(lib_a-nano-mallocr.o)
 .bss           0x0000000000023c58        0x0 c:/intelfpga_lite/18.1/nios2eds/bin/gnu/h-x86_64-mingw32/bin/../lib/gcc/nios2-elf/5.3.0/../../../../../H-x86_64-mingw32/nios2-elf/lib\libsmallc.a(lib_a-printf.o)
 .bss           0x0000000000023c58        0x0 c:/intelfpga_lite/18.1/nios2eds/bin/gnu/h-x86_64-mingw32/bin/../lib/gcc/nios2-elf/5.3.0/../../../../../H-x86_64-mingw32/nios2-elf/lib\libsmallc.a(lib_a-putchar.o)
 .bss           0x0000000000023c58        0x0 c:/intelfpga_lite/18.1/nios2eds/bin/gnu/h-x86_64-mingw32/bin/../lib/gcc/nios2-elf/5.3.0/../../../../../H-x86_64-mingw32/nios2-elf/lib\libsmallc.a(lib_a-puts.o)
 .bss           0x0000000000023c58        0x0 c:/intelfpga_lite/18.1/nios2eds/bin/gnu/h-x86_64-mingw32/bin/../lib/gcc/nios2-elf/5.3.0/../../../../../H-x86_64-mingw32/nios2-elf/lib\libsmallc.a(lib_a-sbrkr.o)
 .bss           0x0000000000023c58        0x0 c:/intelfpga_lite/18.1/nios2eds/bin/gnu/h-x86_64-mingw32/bin/../lib/gcc/nios2-elf/5.3.0/../../../../../H-x86_64-mingw32/nios2-elf/lib\libsmallc.a(lib_a-strlen.o)
 .bss           0x0000000000023c58        0x0 c:/intelfpga_lite/18.1/nios2eds/bin/gnu/h-x86_64-mingw32/bin/../lib/gcc/nios2-elf/5.3.0/../../../../../H-x86_64-mingw32/nios2-elf/lib\libsmallc.a(lib_a-vfprintf.o)
 .bss           0x0000000000023c58        0x0 c:/intelfpga_lite/18.1/nios2eds/bin/gnu/h-x86_64-mingw32/bin/../lib/gcc/nios2-elf/5.3.0/../../../../../H-x86_64-mingw32/nios2-elf/lib\libsmallc.a(lib_a-fvwrite_small_dev.o)
 .bss           0x0000000000023c58        0x0 c:/intelfpga_lite/18.1/nios2eds/bin/gnu/h-x86_64-mingw32/bin/../lib/gcc/nios2-elf/5.3.0/../../../../../H-x86_64-mingw32/nios2-elf/lib\libsmallc.a(lib_a-impure.o)
 .bss           0x0000000000023c58        0x0 c:/intelfpga_lite/18.1/nios2eds/bin/gnu/h-x86_64-mingw32/bin/../lib/gcc/nios2-elf/5.3.0/../../../../../H-x86_64-mingw32/nios2-elf/lib\libsmallc.a(lib_a-int_errno.o)
 .bss           0x0000000000023c58        0x0 c:/intelfpga_lite/18.1/nios2eds/bin/gnu/h-x86_64-mingw32/bin/../lib/gcc/nios2-elf/5.3.0/../../../../../H-x86_64-mingw32/nios2-elf/lib\libsmallc.a(lib_a-putc.o)
 .bss           0x0000000000023c58        0x0 c:/intelfpga_lite/18.1/nios2eds/bin/gnu/h-x86_64-mingw32/bin/../lib/gcc/nios2-elf/5.3.0/../../../../../H-x86_64-mingw32/nios2-elf/lib\libsmallc.a(lib_a-writer.o)
 .bss           0x0000000000023c58        0x0 ../cam_small_bsp/\libhal_bsp.a(alt_fcntl.o)
 .bss           0x0000000000023c58        0x0 ../cam_small_bsp/\libhal_bsp.a(alt_getchar.o)
 .bss           0x0000000000023c58        0x0 ../cam_small_bsp/\libhal_bsp.a(alt_load.o)
 .bss           0x0000000000023c58        0x0 ../cam_small_bsp/\libhal_bsp.a(alt_main.o)
 .bss           0x0000000000023c58        0x0 ../cam_small_bsp/\libhal_bsp.a(alt_sbrk.o)
 .bss           0x0000000000023c58        0x0 ../cam_small_bsp/\libhal_bsp.a(alt_tick.o)
 .bss           0x0000000000023c58        0x0 ../cam_small_bsp/\libhal_bsp.a(alt_usleep.o)
 .bss           0x0000000000023c58        0x0 ../cam_small_bsp/\libhal_bsp.a(alt_write.o)
 .bss           0x0000000000023c58        0x0 ../cam_small_bsp/\libhal_bsp.a(alt_sys_init.o)
 .bss           0x0000000000023c58        0x0 ../cam_small_bsp/\libhal_bsp.a(altera_avalon_jtag_uart_read.o)
 .bss           0x0000000000023c58        0x0 ../cam_small_bsp/\libhal_bsp.a(altera_avalon_jtag_uart_write.o)
 .bss           0x0000000000023c58        0x0 ../cam_small_bsp/\libhal_bsp.a(alt_busy_sleep.o)
 .bss           0x0000000000023c58        0x0 ../cam_small_bsp/\libhal_bsp.a(alt_dcache_flush_all.o)
 .bss           0x0000000000023c58        0x0 ../cam_small_bsp/\libhal_bsp.a(alt_dev.o)
 .bss           0x0000000000023c58        0x0 ../cam_small_bsp/\libhal_bsp.a(alt_errno.o)
 .bss           0x0000000000023c58        0x0 ../cam_small_bsp/\libhal_bsp.a(alt_icache_flush_all.o)
 .bss           0x0000000000023c58        0x0 ../cam_small_bsp/\libhal_bsp.a(altera_nios2_gen2_irq.o)
 .bss           0x0000000000023c58        0x0 ../cam_small_bsp/\libhal_bsp.a(alt_icache_flush.o)
 *(COMMON)
                0x0000000000023c58                . = ALIGN (0x4)
                0x0000000000023c58                __bss_end = ABSOLUTE (.)

.onchip_memory2_0
                0x0000000000023c58        0x0
                [!provide]                        PROVIDE (_alt_partition_onchip_memory2_0_start, ABSOLUTE (.))
 *(.onchip_memory2_0 .onchip_memory2_0. onchip_memory2_0.*)
                0x0000000000023c58                . = ALIGN (0x4)
                [!provide]                        PROVIDE (_alt_partition_onchip_memory2_0_end, ABSOLUTE (.))
                0x0000000000023c58                _end = ABSOLUTE (.)
                0x0000000000023c58                end = ABSOLUTE (.)
                0x0000000000023c58                __alt_stack_base = ABSOLUTE (.)
                [!provide]                        PROVIDE (_alt_partition_onchip_memory2_0_load_addr, LOADADDR (.onchip_memory2_0))

.stab
 *(.stab)

.stabstr
 *(.stabstr)

.stab.excl
 *(.stab.excl)

.stab.exclstr
 *(.stab.exclstr)

.stab.index
 *(.stab.index)

.stab.indexstr
 *(.stab.indexstr)

.comment        0x0000000000000000       0x23
 *(.comment)
 .comment       0x0000000000000000       0x23 obj/default/I2C_core.o
                                         0x24 (size before relaxing)
 .comment       0x0000000000000023       0x24 obj/default/auto_focus.o
 .comment       0x0000000000000023       0x24 obj/default/main.o
 .comment       0x0000000000000023       0x24 obj/default/mipi_bridge_config.o
 .comment       0x0000000000000023       0x24 obj/default/mipi_camera_config.o
 .comment       0x0000000000000023       0x24 obj/default/queue.o
 .comment       0x0000000000000023       0x24 c:/intelfpga_lite/18.1/nios2eds/bin/gnu/h-x86_64-mingw32/bin/../lib/gcc/nios2-elf/5.3.0\libgcc.a(lib2-divmod.o)
 .comment       0x0000000000000023       0x24 c:/intelfpga_lite/18.1/nios2eds/bin/gnu/h-x86_64-mingw32/bin/../lib/gcc/nios2-elf/5.3.0/../../../../../H-x86_64-mingw32/nios2-elf/lib\libsmallc.a(lib_a-malloc.o)
 .comment       0x0000000000000023       0x24 c:/intelfpga_lite/18.1/nios2eds/bin/gnu/h-x86_64-mingw32/bin/../lib/gcc/nios2-elf/5.3.0/../../../../../H-x86_64-mingw32/nios2-elf/lib\libsmallc.a(lib_a-memset.o)
 .comment       0x0000000000000023       0x24 c:/intelfpga_lite/18.1/nios2eds/bin/gnu/h-x86_64-mingw32/bin/../lib/gcc/nios2-elf/5.3.0/../../../../../H-x86_64-mingw32/nios2-elf/lib\libsmallc.a(lib_a-nano-freer.o)
 .comment       0x0000000000000023       0x24 c:/intelfpga_lite/18.1/nios2eds/bin/gnu/h-x86_64-mingw32/bin/../lib/gcc/nios2-elf/5.3.0/../../../../../H-x86_64-mingw32/nios2-elf/lib\libsmallc.a(lib_a-nano-mallocr.o)
 .comment       0x0000000000000023       0x24 c:/intelfpga_lite/18.1/nios2eds/bin/gnu/h-x86_64-mingw32/bin/../lib/gcc/nios2-elf/5.3.0/../../../../../H-x86_64-mingw32/nios2-elf/lib\libsmallc.a(lib_a-printf.o)
 .comment       0x0000000000000023       0x24 c:/intelfpga_lite/18.1/nios2eds/bin/gnu/h-x86_64-mingw32/bin/../lib/gcc/nios2-elf/5.3.0/../../../../../H-x86_64-mingw32/nios2-elf/lib\libsmallc.a(lib_a-putchar.o)
 .comment       0x0000000000000023       0x24 c:/intelfpga_lite/18.1/nios2eds/bin/gnu/h-x86_64-mingw32/bin/../lib/gcc/nios2-elf/5.3.0/../../../../../H-x86_64-mingw32/nios2-elf/lib\libsmallc.a(lib_a-puts.o)
 .comment       0x0000000000000023       0x24 c:/intelfpga_lite/18.1/nios2eds/bin/gnu/h-x86_64-mingw32/bin/../lib/gcc/nios2-elf/5.3.0/../../../../../H-x86_64-mingw32/nios2-elf/lib\libsmallc.a(lib_a-sbrkr.o)
 .comment       0x0000000000000023       0x24 c:/intelfpga_lite/18.1/nios2eds/bin/gnu/h-x86_64-mingw32/bin/../lib/gcc/nios2-elf/5.3.0/../../../../../H-x86_64-mingw32/nios2-elf/lib\libsmallc.a(lib_a-strlen.o)
 .comment       0x0000000000000023       0x24 c:/intelfpga_lite/18.1/nios2eds/bin/gnu/h-x86_64-mingw32/bin/../lib/gcc/nios2-elf/5.3.0/../../../../../H-x86_64-mingw32/nios2-elf/lib\libsmallc.a(lib_a-vfprintf.o)
 .comment       0x0000000000000023       0x24 c:/intelfpga_lite/18.1/nios2eds/bin/gnu/h-x86_64-mingw32/bin/../lib/gcc/nios2-elf/5.3.0/../../../../../H-x86_64-mingw32/nios2-elf/lib\libsmallc.a(lib_a-fvwrite_small_dev.o)
 .comment       0x0000000000000023       0x24 c:/intelfpga_lite/18.1/nios2eds/bin/gnu/h-x86_64-mingw32/bin/../lib/gcc/nios2-elf/5.3.0/../../../../../H-x86_64-mingw32/nios2-elf/lib\libsmallc.a(lib_a-impure.o)
 .comment       0x0000000000000023       0x24 c:/intelfpga_lite/18.1/nios2eds/bin/gnu/h-x86_64-mingw32/bin/../lib/gcc/nios2-elf/5.3.0/../../../../../H-x86_64-mingw32/nios2-elf/lib\libsmallc.a(lib_a-int_errno.o)
 .comment       0x0000000000000023       0x24 c:/intelfpga_lite/18.1/nios2eds/bin/gnu/h-x86_64-mingw32/bin/../lib/gcc/nios2-elf/5.3.0/../../../../../H-x86_64-mingw32/nios2-elf/lib\libsmallc.a(lib_a-putc.o)
 .comment       0x0000000000000023       0x24 c:/intelfpga_lite/18.1/nios2eds/bin/gnu/h-x86_64-mingw32/bin/../lib/gcc/nios2-elf/5.3.0/../../../../../H-x86_64-mingw32/nios2-elf/lib\libsmallc.a(lib_a-writer.o)
 .comment       0x0000000000000023       0x24 ../cam_small_bsp/\libhal_bsp.a(alt_fcntl.o)
 .comment       0x0000000000000023       0x24 ../cam_small_bsp/\libhal_bsp.a(alt_getchar.o)
 .comment       0x0000000000000023       0x24 ../cam_small_bsp/\libhal_bsp.a(alt_load.o)
 .comment       0x0000000000000023       0x24 ../cam_small_bsp/\libhal_bsp.a(alt_main.o)
 .comment       0x0000000000000023       0x24 ../cam_small_bsp/\libhal_bsp.a(alt_sbrk.o)
 .comment       0x0000000000000023       0x24 ../cam_small_bsp/\libhal_bsp.a(alt_tick.o)
 .comment       0x0000000000000023       0x24 ../cam_small_bsp/\libhal_bsp.a(alt_usleep.o)
 .comment       0x0000000000000023       0x24 ../cam_small_bsp/\libhal_bsp.a(alt_write.o)
 .comment       0x0000000000000023       0x24 ../cam_small_bsp/\libhal_bsp.a(alt_sys_init.o)
 .comment       0x0000000000000023       0x24 ../cam_small_bsp/\libhal_bsp.a(altera_avalon_jtag_uart_read.o)
 .comment       0x0000000000000023       0x24 ../cam_small_bsp/\libhal_bsp.a(altera_avalon_jtag_uart_write.o)
 .comment       0x0000000000000023       0x24 ../cam_small_bsp/\libhal_bsp.a(alt_busy_sleep.o)
 .comment       0x0000000000000023       0x24 ../cam_small_bsp/\libhal_bsp.a(alt_dcache_flush_all.o)
 .comment       0x0000000000000023       0x24 ../cam_small_bsp/\libhal_bsp.a(alt_dev.o)
 .comment       0x0000000000000023       0x24 ../cam_small_bsp/\libhal_bsp.a(alt_errno.o)
 .comment       0x0000000000000023       0x24 ../cam_small_bsp/\libhal_bsp.a(alt_icache_flush_all.o)
 .comment       0x0000000000000023       0x24 ../cam_small_bsp/\libhal_bsp.a(altera_nios2_gen2_irq.o)
 .comment       0x0000000000000023       0x24 ../cam_small_bsp/\libhal_bsp.a(alt_icache_flush.o)

.debug
 *(.debug)

.line
 *(.line)

.debug_srcinfo
 *(.debug_srcinfo)

.debug_sfnames
 *(.debug_sfnames)

.debug_aranges  0x0000000000000000      0x550
 *(.debug_aranges)
 .debug_aranges
                0x0000000000000000       0x28 ../cam_small_bsp//obj/HAL/src/crt0.o
 .debug_aranges
                0x0000000000000028       0x20 obj/default/I2C_core.o
 .debug_aranges
                0x0000000000000048       0x20 obj/default/auto_focus.o
 .debug_aranges
                0x0000000000000068       0x28 obj/default/main.o
 .debug_aranges
                0x0000000000000090       0x20 obj/default/mipi_bridge_config.o
 .debug_aranges
                0x00000000000000b0       0x20 obj/default/mipi_camera_config.o
 .debug_aranges
                0x00000000000000d0       0x20 obj/default/queue.o
 .debug_aranges
                0x00000000000000f0       0x20 c:/intelfpga_lite/18.1/nios2eds/bin/gnu/h-x86_64-mingw32/bin/../lib/gcc/nios2-elf/5.3.0\libgcc.a(lib2-divmod.o)
 .debug_aranges
                0x0000000000000110       0x28 c:/intelfpga_lite/18.1/nios2eds/bin/gnu/h-x86_64-mingw32/bin/../lib/gcc/nios2-elf/5.3.0/../../../../../H-x86_64-mingw32/nios2-elf/lib\libsmallc.a(lib_a-malloc.o)
 .debug_aranges
                0x0000000000000138       0x20 c:/intelfpga_lite/18.1/nios2eds/bin/gnu/h-x86_64-mingw32/bin/../lib/gcc/nios2-elf/5.3.0/../../../../../H-x86_64-mingw32/nios2-elf/lib\libsmallc.a(lib_a-memset.o)
 .debug_aranges
                0x0000000000000158       0x20 c:/intelfpga_lite/18.1/nios2eds/bin/gnu/h-x86_64-mingw32/bin/../lib/gcc/nios2-elf/5.3.0/../../../../../H-x86_64-mingw32/nios2-elf/lib\libsmallc.a(lib_a-nano-freer.o)
 .debug_aranges
                0x0000000000000178       0x20 c:/intelfpga_lite/18.1/nios2eds/bin/gnu/h-x86_64-mingw32/bin/../lib/gcc/nios2-elf/5.3.0/../../../../../H-x86_64-mingw32/nios2-elf/lib\libsmallc.a(lib_a-nano-mallocr.o)
 .debug_aranges
                0x0000000000000198       0x28 c:/intelfpga_lite/18.1/nios2eds/bin/gnu/h-x86_64-mingw32/bin/../lib/gcc/nios2-elf/5.3.0/../../../../../H-x86_64-mingw32/nios2-elf/lib\libsmallc.a(lib_a-printf.o)
 .debug_aranges
                0x00000000000001c0       0x28 c:/intelfpga_lite/18.1/nios2eds/bin/gnu/h-x86_64-mingw32/bin/../lib/gcc/nios2-elf/5.3.0/../../../../../H-x86_64-mingw32/nios2-elf/lib\libsmallc.a(lib_a-putchar.o)
 .debug_aranges
                0x00000000000001e8       0x28 c:/intelfpga_lite/18.1/nios2eds/bin/gnu/h-x86_64-mingw32/bin/../lib/gcc/nios2-elf/5.3.0/../../../../../H-x86_64-mingw32/nios2-elf/lib\libsmallc.a(lib_a-puts.o)
 .debug_aranges
                0x0000000000000210       0x20 c:/intelfpga_lite/18.1/nios2eds/bin/gnu/h-x86_64-mingw32/bin/../lib/gcc/nios2-elf/5.3.0/../../../../../H-x86_64-mingw32/nios2-elf/lib\libsmallc.a(lib_a-sbrkr.o)
 .debug_aranges
                0x0000000000000230       0x20 c:/intelfpga_lite/18.1/nios2eds/bin/gnu/h-x86_64-mingw32/bin/../lib/gcc/nios2-elf/5.3.0/../../../../../H-x86_64-mingw32/nios2-elf/lib\libsmallc.a(lib_a-strlen.o)
 .debug_aranges
                0x0000000000000250       0x30 c:/intelfpga_lite/18.1/nios2eds/bin/gnu/h-x86_64-mingw32/bin/../lib/gcc/nios2-elf/5.3.0/../../../../../H-x86_64-mingw32/nios2-elf/lib\libsmallc.a(lib_a-vfprintf.o)
 .debug_aranges
                0x0000000000000280       0x20 c:/intelfpga_lite/18.1/nios2eds/bin/gnu/h-x86_64-mingw32/bin/../lib/gcc/nios2-elf/5.3.0/../../../../../H-x86_64-mingw32/nios2-elf/lib\libsmallc.a(lib_a-fvwrite_small_dev.o)
 .debug_aranges
                0x00000000000002a0       0x18 c:/intelfpga_lite/18.1/nios2eds/bin/gnu/h-x86_64-mingw32/bin/../lib/gcc/nios2-elf/5.3.0/../../../../../H-x86_64-mingw32/nios2-elf/lib\libsmallc.a(lib_a-impure.o)
 .debug_aranges
                0x00000000000002b8       0x18 c:/intelfpga_lite/18.1/nios2eds/bin/gnu/h-x86_64-mingw32/bin/../lib/gcc/nios2-elf/5.3.0/../../../../../H-x86_64-mingw32/nios2-elf/lib\libsmallc.a(lib_a-int_errno.o)
 .debug_aranges
                0x00000000000002d0       0x28 c:/intelfpga_lite/18.1/nios2eds/bin/gnu/h-x86_64-mingw32/bin/../lib/gcc/nios2-elf/5.3.0/../../../../../H-x86_64-mingw32/nios2-elf/lib\libsmallc.a(lib_a-putc.o)
 .debug_aranges
                0x00000000000002f8       0x20 c:/intelfpga_lite/18.1/nios2eds/bin/gnu/h-x86_64-mingw32/bin/../lib/gcc/nios2-elf/5.3.0/../../../../../H-x86_64-mingw32/nios2-elf/lib\libsmallc.a(lib_a-writer.o)
 .debug_aranges
                0x0000000000000318       0x20 ../cam_small_bsp/\libhal_bsp.a(alt_fcntl.o)
 .debug_aranges
                0x0000000000000338       0x20 ../cam_small_bsp/\libhal_bsp.a(alt_getchar.o)
 .debug_aranges
                0x0000000000000358       0x20 ../cam_small_bsp/\libhal_bsp.a(alt_load.o)
 .debug_aranges
                0x0000000000000378       0x20 ../cam_small_bsp/\libhal_bsp.a(alt_main.o)
 .debug_aranges
                0x0000000000000398       0x20 ../cam_small_bsp/\libhal_bsp.a(alt_sbrk.o)
 .debug_aranges
                0x00000000000003b8       0x20 ../cam_small_bsp/\libhal_bsp.a(alt_tick.o)
 .debug_aranges
                0x00000000000003d8       0x20 ../cam_small_bsp/\libhal_bsp.a(alt_usleep.o)
 .debug_aranges
                0x00000000000003f8       0x20 ../cam_small_bsp/\libhal_bsp.a(alt_write.o)
 .debug_aranges
                0x0000000000000418       0x20 ../cam_small_bsp/\libhal_bsp.a(alt_sys_init.o)
 .debug_aranges
                0x0000000000000438       0x20 ../cam_small_bsp/\libhal_bsp.a(altera_avalon_jtag_uart_read.o)
 .debug_aranges
                0x0000000000000458       0x20 ../cam_small_bsp/\libhal_bsp.a(altera_avalon_jtag_uart_write.o)
 .debug_aranges
                0x0000000000000478       0x20 ../cam_small_bsp/\libhal_bsp.a(alt_busy_sleep.o)
 .debug_aranges
                0x0000000000000498       0x20 ../cam_small_bsp/\libhal_bsp.a(alt_dcache_flush_all.o)
 .debug_aranges
                0x00000000000004b8       0x20 ../cam_small_bsp/\libhal_bsp.a(alt_dev.o)
 .debug_aranges
                0x00000000000004d8       0x18 ../cam_small_bsp/\libhal_bsp.a(alt_errno.o)
 .debug_aranges
                0x00000000000004f0       0x20 ../cam_small_bsp/\libhal_bsp.a(alt_icache_flush_all.o)
 .debug_aranges
                0x0000000000000510       0x20 ../cam_small_bsp/\libhal_bsp.a(altera_nios2_gen2_irq.o)
 .debug_aranges
                0x0000000000000530       0x20 ../cam_small_bsp/\libhal_bsp.a(alt_icache_flush.o)

.debug_pubnames
 *(.debug_pubnames)

.debug_info     0x0000000000000000     0xa5ac
 *(.debug_info .gnu.linkonce.wi.*)
 .debug_info    0x0000000000000000       0x72 ../cam_small_bsp//obj/HAL/src/crt0.o
 .debug_info    0x0000000000000072     0x1039 obj/default/I2C_core.o
 .debug_info    0x00000000000010ab      0x358 obj/default/auto_focus.o
 .debug_info    0x0000000000001403      0x999 obj/default/main.o
 .debug_info    0x0000000000001d9c      0x374 obj/default/mipi_bridge_config.o
 .debug_info    0x0000000000002110      0xb4a obj/default/mipi_camera_config.o
 .debug_info    0x0000000000002c5a      0x35a obj/default/queue.o
 .debug_info    0x0000000000002fb4      0x2c6 c:/intelfpga_lite/18.1/nios2eds/bin/gnu/h-x86_64-mingw32/bin/../lib/gcc/nios2-elf/5.3.0\libgcc.a(lib2-divmod.o)
 .debug_info    0x000000000000327a      0x619 c:/intelfpga_lite/18.1/nios2eds/bin/gnu/h-x86_64-mingw32/bin/../lib/gcc/nios2-elf/5.3.0/../../../../../H-x86_64-mingw32/nios2-elf/lib\libsmallc.a(lib_a-malloc.o)
 .debug_info    0x0000000000003893       0xdc c:/intelfpga_lite/18.1/nios2eds/bin/gnu/h-x86_64-mingw32/bin/../lib/gcc/nios2-elf/5.3.0/../../../../../H-x86_64-mingw32/nios2-elf/lib\libsmallc.a(lib_a-memset.o)
 .debug_info    0x000000000000396f      0x68c c:/intelfpga_lite/18.1/nios2eds/bin/gnu/h-x86_64-mingw32/bin/../lib/gcc/nios2-elf/5.3.0/../../../../../H-x86_64-mingw32/nios2-elf/lib\libsmallc.a(lib_a-nano-freer.o)
 .debug_info    0x0000000000003ffb      0x752 c:/intelfpga_lite/18.1/nios2eds/bin/gnu/h-x86_64-mingw32/bin/../lib/gcc/nios2-elf/5.3.0/../../../../../H-x86_64-mingw32/nios2-elf/lib\libsmallc.a(lib_a-nano-mallocr.o)
 .debug_info    0x000000000000474d      0x699 c:/intelfpga_lite/18.1/nios2eds/bin/gnu/h-x86_64-mingw32/bin/../lib/gcc/nios2-elf/5.3.0/../../../../../H-x86_64-mingw32/nios2-elf/lib\libsmallc.a(lib_a-printf.o)
 .debug_info    0x0000000000004de6      0x62a c:/intelfpga_lite/18.1/nios2eds/bin/gnu/h-x86_64-mingw32/bin/../lib/gcc/nios2-elf/5.3.0/../../../../../H-x86_64-mingw32/nios2-elf/lib\libsmallc.a(lib_a-putchar.o)
 .debug_info    0x0000000000005410      0x66d c:/intelfpga_lite/18.1/nios2eds/bin/gnu/h-x86_64-mingw32/bin/../lib/gcc/nios2-elf/5.3.0/../../../../../H-x86_64-mingw32/nios2-elf/lib\libsmallc.a(lib_a-puts.o)
 .debug_info    0x0000000000005a7d      0x608 c:/intelfpga_lite/18.1/nios2eds/bin/gnu/h-x86_64-mingw32/bin/../lib/gcc/nios2-elf/5.3.0/../../../../../H-x86_64-mingw32/nios2-elf/lib\libsmallc.a(lib_a-sbrkr.o)
 .debug_info    0x0000000000006085       0xc9 c:/intelfpga_lite/18.1/nios2eds/bin/gnu/h-x86_64-mingw32/bin/../lib/gcc/nios2-elf/5.3.0/../../../../../H-x86_64-mingw32/nios2-elf/lib\libsmallc.a(lib_a-strlen.o)
 .debug_info    0x000000000000614e      0xb2b c:/intelfpga_lite/18.1/nios2eds/bin/gnu/h-x86_64-mingw32/bin/../lib/gcc/nios2-elf/5.3.0/../../../../../H-x86_64-mingw32/nios2-elf/lib\libsmallc.a(lib_a-vfprintf.o)
 .debug_info    0x0000000000006c79      0x62b c:/intelfpga_lite/18.1/nios2eds/bin/gnu/h-x86_64-mingw32/bin/../lib/gcc/nios2-elf/5.3.0/../../../../../H-x86_64-mingw32/nios2-elf/lib\libsmallc.a(lib_a-fvwrite_small_dev.o)
 .debug_info    0x00000000000072a4      0x5a9 c:/intelfpga_lite/18.1/nios2eds/bin/gnu/h-x86_64-mingw32/bin/../lib/gcc/nios2-elf/5.3.0/../../../../../H-x86_64-mingw32/nios2-elf/lib\libsmallc.a(lib_a-impure.o)
 .debug_info    0x000000000000784d       0x8a c:/intelfpga_lite/18.1/nios2eds/bin/gnu/h-x86_64-mingw32/bin/../lib/gcc/nios2-elf/5.3.0/../../../../../H-x86_64-mingw32/nios2-elf/lib\libsmallc.a(lib_a-int_errno.o)
 .debug_info    0x00000000000078d7      0x672 c:/intelfpga_lite/18.1/nios2eds/bin/gnu/h-x86_64-mingw32/bin/../lib/gcc/nios2-elf/5.3.0/../../../../../H-x86_64-mingw32/nios2-elf/lib\libsmallc.a(lib_a-putc.o)
 .debug_info    0x0000000000007f49      0x630 c:/intelfpga_lite/18.1/nios2eds/bin/gnu/h-x86_64-mingw32/bin/../lib/gcc/nios2-elf/5.3.0/../../../../../H-x86_64-mingw32/nios2-elf/lib\libsmallc.a(lib_a-writer.o)
 .debug_info    0x0000000000008579      0x4e3 ../cam_small_bsp/\libhal_bsp.a(alt_fcntl.o)
 .debug_info    0x0000000000008a5c      0x32d ../cam_small_bsp/\libhal_bsp.a(alt_getchar.o)
 .debug_info    0x0000000000008d89      0x1c9 ../cam_small_bsp/\libhal_bsp.a(alt_load.o)
 .debug_info    0x0000000000008f52      0x169 ../cam_small_bsp/\libhal_bsp.a(alt_main.o)
 .debug_info    0x00000000000090bb      0x1ae ../cam_small_bsp/\libhal_bsp.a(alt_sbrk.o)
 .debug_info    0x0000000000009269      0x2a9 ../cam_small_bsp/\libhal_bsp.a(alt_tick.o)
 .debug_info    0x0000000000009512       0xd1 ../cam_small_bsp/\libhal_bsp.a(alt_usleep.o)
 .debug_info    0x00000000000095e3      0x1c7 ../cam_small_bsp/\libhal_bsp.a(alt_write.o)
 .debug_info    0x00000000000097aa      0x1d2 ../cam_small_bsp/\libhal_bsp.a(alt_sys_init.o)
 .debug_info    0x000000000000997c      0x1b4 ../cam_small_bsp/\libhal_bsp.a(altera_avalon_jtag_uart_read.o)
 .debug_info    0x0000000000009b30      0x197 ../cam_small_bsp/\libhal_bsp.a(altera_avalon_jtag_uart_write.o)
 .debug_info    0x0000000000009cc7       0xd8 ../cam_small_bsp/\libhal_bsp.a(alt_busy_sleep.o)
 .debug_info    0x0000000000009d9f       0xa6 ../cam_small_bsp/\libhal_bsp.a(alt_dcache_flush_all.o)
 .debug_info    0x0000000000009e45      0x499 ../cam_small_bsp/\libhal_bsp.a(alt_dev.o)
 .debug_info    0x000000000000a2de       0xa6 ../cam_small_bsp/\libhal_bsp.a(alt_errno.o)
 .debug_info    0x000000000000a384       0xb8 ../cam_small_bsp/\libhal_bsp.a(alt_icache_flush_all.o)
 .debug_info    0x000000000000a43c       0x92 ../cam_small_bsp/\libhal_bsp.a(altera_nios2_gen2_irq.o)
 .debug_info    0x000000000000a4ce       0xde ../cam_small_bsp/\libhal_bsp.a(alt_icache_flush.o)

.debug_abbrev   0x0000000000000000     0x3219
 *(.debug_abbrev)
 .debug_abbrev  0x0000000000000000       0x12 ../cam_small_bsp//obj/HAL/src/crt0.o
 .debug_abbrev  0x0000000000000012      0x256 obj/default/I2C_core.o
 .debug_abbrev  0x0000000000000268      0x14e obj/default/auto_focus.o
 .debug_abbrev  0x00000000000003b6      0x16d obj/default/main.o
 .debug_abbrev  0x0000000000000523      0x1ed obj/default/mipi_bridge_config.o
 .debug_abbrev  0x0000000000000710      0x1dc obj/default/mipi_camera_config.o
 .debug_abbrev  0x00000000000008ec      0x1cf obj/default/queue.o
 .debug_abbrev  0x0000000000000abb      0x10e c:/intelfpga_lite/18.1/nios2eds/bin/gnu/h-x86_64-mingw32/bin/../lib/gcc/nios2-elf/5.3.0\libgcc.a(lib2-divmod.o)
 .debug_abbrev  0x0000000000000bc9      0x1af c:/intelfpga_lite/18.1/nios2eds/bin/gnu/h-x86_64-mingw32/bin/../lib/gcc/nios2-elf/5.3.0/../../../../../H-x86_64-mingw32/nios2-elf/lib\libsmallc.a(lib_a-malloc.o)
 .debug_abbrev  0x0000000000000d78       0x8e c:/intelfpga_lite/18.1/nios2eds/bin/gnu/h-x86_64-mingw32/bin/../lib/gcc/nios2-elf/5.3.0/../../../../../H-x86_64-mingw32/nios2-elf/lib\libsmallc.a(lib_a-memset.o)
 .debug_abbrev  0x0000000000000e06      0x1dd c:/intelfpga_lite/18.1/nios2eds/bin/gnu/h-x86_64-mingw32/bin/../lib/gcc/nios2-elf/5.3.0/../../../../../H-x86_64-mingw32/nios2-elf/lib\libsmallc.a(lib_a-nano-freer.o)
 .debug_abbrev  0x0000000000000fe3      0x269 c:/intelfpga_lite/18.1/nios2eds/bin/gnu/h-x86_64-mingw32/bin/../lib/gcc/nios2-elf/5.3.0/../../../../../H-x86_64-mingw32/nios2-elf/lib\libsmallc.a(lib_a-nano-mallocr.o)
 .debug_abbrev  0x000000000000124c      0x1ee c:/intelfpga_lite/18.1/nios2eds/bin/gnu/h-x86_64-mingw32/bin/../lib/gcc/nios2-elf/5.3.0/../../../../../H-x86_64-mingw32/nios2-elf/lib\libsmallc.a(lib_a-printf.o)
 .debug_abbrev  0x000000000000143a      0x1c0 c:/intelfpga_lite/18.1/nios2eds/bin/gnu/h-x86_64-mingw32/bin/../lib/gcc/nios2-elf/5.3.0/../../../../../H-x86_64-mingw32/nios2-elf/lib\libsmallc.a(lib_a-putchar.o)
 .debug_abbrev  0x00000000000015fa      0x1d6 c:/intelfpga_lite/18.1/nios2eds/bin/gnu/h-x86_64-mingw32/bin/../lib/gcc/nios2-elf/5.3.0/../../../../../H-x86_64-mingw32/nios2-elf/lib\libsmallc.a(lib_a-puts.o)
 .debug_abbrev  0x00000000000017d0      0x1c5 c:/intelfpga_lite/18.1/nios2eds/bin/gnu/h-x86_64-mingw32/bin/../lib/gcc/nios2-elf/5.3.0/../../../../../H-x86_64-mingw32/nios2-elf/lib\libsmallc.a(lib_a-sbrkr.o)
 .debug_abbrev  0x0000000000001995       0x7f c:/intelfpga_lite/18.1/nios2eds/bin/gnu/h-x86_64-mingw32/bin/../lib/gcc/nios2-elf/5.3.0/../../../../../H-x86_64-mingw32/nios2-elf/lib\libsmallc.a(lib_a-strlen.o)
 .debug_abbrev  0x0000000000001a14      0x2a1 c:/intelfpga_lite/18.1/nios2eds/bin/gnu/h-x86_64-mingw32/bin/../lib/gcc/nios2-elf/5.3.0/../../../../../H-x86_64-mingw32/nios2-elf/lib\libsmallc.a(lib_a-vfprintf.o)
 .debug_abbrev  0x0000000000001cb5      0x1bc c:/intelfpga_lite/18.1/nios2eds/bin/gnu/h-x86_64-mingw32/bin/../lib/gcc/nios2-elf/5.3.0/../../../../../H-x86_64-mingw32/nios2-elf/lib\libsmallc.a(lib_a-fvwrite_small_dev.o)
 .debug_abbrev  0x0000000000001e71      0x14a c:/intelfpga_lite/18.1/nios2eds/bin/gnu/h-x86_64-mingw32/bin/../lib/gcc/nios2-elf/5.3.0/../../../../../H-x86_64-mingw32/nios2-elf/lib\libsmallc.a(lib_a-impure.o)
 .debug_abbrev  0x0000000000001fbb       0x37 c:/intelfpga_lite/18.1/nios2eds/bin/gnu/h-x86_64-mingw32/bin/../lib/gcc/nios2-elf/5.3.0/../../../../../H-x86_64-mingw32/nios2-elf/lib\libsmallc.a(lib_a-int_errno.o)
 .debug_abbrev  0x0000000000001ff2      0x1bd c:/intelfpga_lite/18.1/nios2eds/bin/gnu/h-x86_64-mingw32/bin/../lib/gcc/nios2-elf/5.3.0/../../../../../H-x86_64-mingw32/nios2-elf/lib\libsmallc.a(lib_a-putc.o)
 .debug_abbrev  0x00000000000021af      0x1a6 c:/intelfpga_lite/18.1/nios2eds/bin/gnu/h-x86_64-mingw32/bin/../lib/gcc/nios2-elf/5.3.0/../../../../../H-x86_64-mingw32/nios2-elf/lib\libsmallc.a(lib_a-writer.o)
 .debug_abbrev  0x0000000000002355      0x142 ../cam_small_bsp/\libhal_bsp.a(alt_fcntl.o)
 .debug_abbrev  0x0000000000002497      0x11d ../cam_small_bsp/\libhal_bsp.a(alt_getchar.o)
 .debug_abbrev  0x00000000000025b4       0xd8 ../cam_small_bsp/\libhal_bsp.a(alt_load.o)
 .debug_abbrev  0x000000000000268c       0xee ../cam_small_bsp/\libhal_bsp.a(alt_main.o)
 .debug_abbrev  0x000000000000277a      0x112 ../cam_small_bsp/\libhal_bsp.a(alt_sbrk.o)
 .debug_abbrev  0x000000000000288c      0x187 ../cam_small_bsp/\libhal_bsp.a(alt_tick.o)
 .debug_abbrev  0x0000000000002a13       0x8d ../cam_small_bsp/\libhal_bsp.a(alt_usleep.o)
 .debug_abbrev  0x0000000000002aa0      0x12e ../cam_small_bsp/\libhal_bsp.a(alt_write.o)
 .debug_abbrev  0x0000000000002bce      0x10e ../cam_small_bsp/\libhal_bsp.a(alt_sys_init.o)
 .debug_abbrev  0x0000000000002cdc      0x102 ../cam_small_bsp/\libhal_bsp.a(altera_avalon_jtag_uart_read.o)
 .debug_abbrev  0x0000000000002dde       0xd5 ../cam_small_bsp/\libhal_bsp.a(altera_avalon_jtag_uart_write.o)
 .debug_abbrev  0x0000000000002eb3       0x8d ../cam_small_bsp/\libhal_bsp.a(alt_busy_sleep.o)
 .debug_abbrev  0x0000000000002f40       0x5a ../cam_small_bsp/\libhal_bsp.a(alt_dcache_flush_all.o)
 .debug_abbrev  0x0000000000002f9a       0xd9 ../cam_small_bsp/\libhal_bsp.a(alt_dev.o)
 .debug_abbrev  0x0000000000003073       0x5a ../cam_small_bsp/\libhal_bsp.a(alt_errno.o)
 .debug_abbrev  0x00000000000030cd       0x6f ../cam_small_bsp/\libhal_bsp.a(alt_icache_flush_all.o)
 .debug_abbrev  0x000000000000313c       0x42 ../cam_small_bsp/\libhal_bsp.a(altera_nios2_gen2_irq.o)
 .debug_abbrev  0x000000000000317e       0x9b ../cam_small_bsp/\libhal_bsp.a(alt_icache_flush.o)

.debug_line     0x0000000000000000     0x396d
 *(.debug_line)
 .debug_line    0x0000000000000000       0x72 ../cam_small_bsp//obj/HAL/src/crt0.o
 .debug_line    0x0000000000000072      0x30b obj/default/I2C_core.o
 .debug_line    0x000000000000037d      0x226 obj/default/auto_focus.o
 .debug_line    0x00000000000005a3      0x2f1 obj/default/main.o
 .debug_line    0x0000000000000894      0x1e6 obj/default/mipi_bridge_config.o
 .debug_line    0x0000000000000a7a      0x2b5 obj/default/mipi_camera_config.o
 .debug_line    0x0000000000000d2f      0x18b obj/default/queue.o
 .debug_line    0x0000000000000eba      0x102 c:/intelfpga_lite/18.1/nios2eds/bin/gnu/h-x86_64-mingw32/bin/../lib/gcc/nios2-elf/5.3.0\libgcc.a(lib2-divmod.o)
 .debug_line    0x0000000000000fbc      0x1e6 c:/intelfpga_lite/18.1/nios2eds/bin/gnu/h-x86_64-mingw32/bin/../lib/gcc/nios2-elf/5.3.0/../../../../../H-x86_64-mingw32/nios2-elf/lib\libsmallc.a(lib_a-malloc.o)
 .debug_line    0x00000000000011a2      0x15a c:/intelfpga_lite/18.1/nios2eds/bin/gnu/h-x86_64-mingw32/bin/../lib/gcc/nios2-elf/5.3.0/../../../../../H-x86_64-mingw32/nios2-elf/lib\libsmallc.a(lib_a-memset.o)
 .debug_line    0x00000000000012fc      0x19f c:/intelfpga_lite/18.1/nios2eds/bin/gnu/h-x86_64-mingw32/bin/../lib/gcc/nios2-elf/5.3.0/../../../../../H-x86_64-mingw32/nios2-elf/lib\libsmallc.a(lib_a-nano-freer.o)
 .debug_line    0x000000000000149b      0x222 c:/intelfpga_lite/18.1/nios2eds/bin/gnu/h-x86_64-mingw32/bin/../lib/gcc/nios2-elf/5.3.0/../../../../../H-x86_64-mingw32/nios2-elf/lib\libsmallc.a(lib_a-nano-mallocr.o)
 .debug_line    0x00000000000016bd      0x200 c:/intelfpga_lite/18.1/nios2eds/bin/gnu/h-x86_64-mingw32/bin/../lib/gcc/nios2-elf/5.3.0/../../../../../H-x86_64-mingw32/nios2-elf/lib\libsmallc.a(lib_a-printf.o)
 .debug_line    0x00000000000018bd      0x1e6 c:/intelfpga_lite/18.1/nios2eds/bin/gnu/h-x86_64-mingw32/bin/../lib/gcc/nios2-elf/5.3.0/../../../../../H-x86_64-mingw32/nios2-elf/lib\libsmallc.a(lib_a-putchar.o)
 .debug_line    0x0000000000001aa3      0x203 c:/intelfpga_lite/18.1/nios2eds/bin/gnu/h-x86_64-mingw32/bin/../lib/gcc/nios2-elf/5.3.0/../../../../../H-x86_64-mingw32/nios2-elf/lib\libsmallc.a(lib_a-puts.o)
 .debug_line    0x0000000000001ca6      0x1dd c:/intelfpga_lite/18.1/nios2eds/bin/gnu/h-x86_64-mingw32/bin/../lib/gcc/nios2-elf/5.3.0/../../../../../H-x86_64-mingw32/nios2-elf/lib\libsmallc.a(lib_a-sbrkr.o)
 .debug_line    0x0000000000001e83      0x159 c:/intelfpga_lite/18.1/nios2eds/bin/gnu/h-x86_64-mingw32/bin/../lib/gcc/nios2-elf/5.3.0/../../../../../H-x86_64-mingw32/nios2-elf/lib\libsmallc.a(lib_a-strlen.o)
 .debug_line    0x0000000000001fdc      0x34f c:/intelfpga_lite/18.1/nios2eds/bin/gnu/h-x86_64-mingw32/bin/../lib/gcc/nios2-elf/5.3.0/../../../../../H-x86_64-mingw32/nios2-elf/lib\libsmallc.a(lib_a-vfprintf.o)
 .debug_line    0x000000000000232b      0x1ed c:/intelfpga_lite/18.1/nios2eds/bin/gnu/h-x86_64-mingw32/bin/../lib/gcc/nios2-elf/5.3.0/../../../../../H-x86_64-mingw32/nios2-elf/lib\libsmallc.a(lib_a-fvwrite_small_dev.o)
 .debug_line    0x0000000000002518      0x153 c:/intelfpga_lite/18.1/nios2eds/bin/gnu/h-x86_64-mingw32/bin/../lib/gcc/nios2-elf/5.3.0/../../../../../H-x86_64-mingw32/nios2-elf/lib\libsmallc.a(lib_a-impure.o)
 .debug_line    0x000000000000266b       0x5c c:/intelfpga_lite/18.1/nios2eds/bin/gnu/h-x86_64-mingw32/bin/../lib/gcc/nios2-elf/5.3.0/../../../../../H-x86_64-mingw32/nios2-elf/lib\libsmallc.a(lib_a-int_errno.o)
 .debug_line    0x00000000000026c7      0x1ff c:/intelfpga_lite/18.1/nios2eds/bin/gnu/h-x86_64-mingw32/bin/../lib/gcc/nios2-elf/5.3.0/../../../../../H-x86_64-mingw32/nios2-elf/lib\libsmallc.a(lib_a-putc.o)
 .debug_line    0x00000000000028c6      0x1ea c:/intelfpga_lite/18.1/nios2eds/bin/gnu/h-x86_64-mingw32/bin/../lib/gcc/nios2-elf/5.3.0/../../../../../H-x86_64-mingw32/nios2-elf/lib\libsmallc.a(lib_a-writer.o)
 .debug_line    0x0000000000002ab0      0x1ca ../cam_small_bsp/\libhal_bsp.a(alt_fcntl.o)
 .debug_line    0x0000000000002c7a       0xb7 ../cam_small_bsp/\libhal_bsp.a(alt_getchar.o)
 .debug_line    0x0000000000002d31       0xa4 ../cam_small_bsp/\libhal_bsp.a(alt_load.o)
 .debug_line    0x0000000000002dd5       0xbd ../cam_small_bsp/\libhal_bsp.a(alt_main.o)
 .debug_line    0x0000000000002e92       0xf2 ../cam_small_bsp/\libhal_bsp.a(alt_sbrk.o)
 .debug_line    0x0000000000002f84      0x104 ../cam_small_bsp/\libhal_bsp.a(alt_tick.o)
 .debug_line    0x0000000000003088       0xcf ../cam_small_bsp/\libhal_bsp.a(alt_usleep.o)
 .debug_line    0x0000000000003157      0x16a ../cam_small_bsp/\libhal_bsp.a(alt_write.o)
 .debug_line    0x00000000000032c1      0x132 ../cam_small_bsp/\libhal_bsp.a(alt_sys_init.o)
 .debug_line    0x00000000000033f3       0xfb ../cam_small_bsp/\libhal_bsp.a(altera_avalon_jtag_uart_read.o)
 .debug_line    0x00000000000034ee       0xf0 ../cam_small_bsp/\libhal_bsp.a(altera_avalon_jtag_uart_write.o)
 .debug_line    0x00000000000035de       0xb3 ../cam_small_bsp/\libhal_bsp.a(alt_busy_sleep.o)
 .debug_line    0x0000000000003691       0x5a ../cam_small_bsp/\libhal_bsp.a(alt_dcache_flush_all.o)
 .debug_line    0x00000000000036eb       0xf6 ../cam_small_bsp/\libhal_bsp.a(alt_dev.o)
 .debug_line    0x00000000000037e1       0x51 ../cam_small_bsp/\libhal_bsp.a(alt_errno.o)
 .debug_line    0x0000000000003832       0x6e ../cam_small_bsp/\libhal_bsp.a(alt_icache_flush_all.o)
 .debug_line    0x00000000000038a0       0x50 ../cam_small_bsp/\libhal_bsp.a(altera_nios2_gen2_irq.o)
 .debug_line    0x00000000000038f0       0x7d ../cam_small_bsp/\libhal_bsp.a(alt_icache_flush.o)

.debug_frame    0x0000000000000000      0xc5c
 *(.debug_frame)
 .debug_frame   0x0000000000000000      0x214 obj/default/I2C_core.o
 .debug_frame   0x0000000000000214       0x7c obj/default/auto_focus.o
 .debug_frame   0x0000000000000290       0xc4 obj/default/main.o
 .debug_frame   0x0000000000000354       0x88 obj/default/mipi_bridge_config.o
 .debug_frame   0x00000000000003dc      0x168 obj/default/mipi_camera_config.o
 .debug_frame   0x0000000000000544       0xd8 obj/default/queue.o
 .debug_frame   0x000000000000061c       0x50 c:/intelfpga_lite/18.1/nios2eds/bin/gnu/h-x86_64-mingw32/bin/../lib/gcc/nios2-elf/5.3.0\libgcc.a(lib2-divmod.o)
 .debug_frame   0x000000000000066c       0x30 c:/intelfpga_lite/18.1/nios2eds/bin/gnu/h-x86_64-mingw32/bin/../lib/gcc/nios2-elf/5.3.0/../../../../../H-x86_64-mingw32/nios2-elf/lib\libsmallc.a(lib_a-malloc.o)
 .debug_frame   0x000000000000069c       0x20 c:/intelfpga_lite/18.1/nios2eds/bin/gnu/h-x86_64-mingw32/bin/../lib/gcc/nios2-elf/5.3.0/../../../../../H-x86_64-mingw32/nios2-elf/lib\libsmallc.a(lib_a-memset.o)
 .debug_frame   0x00000000000006bc       0x20 c:/intelfpga_lite/18.1/nios2eds/bin/gnu/h-x86_64-mingw32/bin/../lib/gcc/nios2-elf/5.3.0/../../../../../H-x86_64-mingw32/nios2-elf/lib\libsmallc.a(lib_a-nano-freer.o)
 .debug_frame   0x00000000000006dc       0x40 c:/intelfpga_lite/18.1/nios2eds/bin/gnu/h-x86_64-mingw32/bin/../lib/gcc/nios2-elf/5.3.0/../../../../../H-x86_64-mingw32/nios2-elf/lib\libsmallc.a(lib_a-nano-mallocr.o)
 .debug_frame   0x000000000000071c       0x48 c:/intelfpga_lite/18.1/nios2eds/bin/gnu/h-x86_64-mingw32/bin/../lib/gcc/nios2-elf/5.3.0/../../../../../H-x86_64-mingw32/nios2-elf/lib\libsmallc.a(lib_a-printf.o)
 .debug_frame   0x0000000000000764       0x30 c:/intelfpga_lite/18.1/nios2eds/bin/gnu/h-x86_64-mingw32/bin/../lib/gcc/nios2-elf/5.3.0/../../../../../H-x86_64-mingw32/nios2-elf/lib\libsmallc.a(lib_a-putchar.o)
 .debug_frame   0x0000000000000794       0x48 c:/intelfpga_lite/18.1/nios2eds/bin/gnu/h-x86_64-mingw32/bin/../lib/gcc/nios2-elf/5.3.0/../../../../../H-x86_64-mingw32/nios2-elf/lib\libsmallc.a(lib_a-puts.o)
 .debug_frame   0x00000000000007dc       0x38 c:/intelfpga_lite/18.1/nios2eds/bin/gnu/h-x86_64-mingw32/bin/../lib/gcc/nios2-elf/5.3.0/../../../../../H-x86_64-mingw32/nios2-elf/lib\libsmallc.a(lib_a-sbrkr.o)
 .debug_frame   0x0000000000000814       0x20 c:/intelfpga_lite/18.1/nios2eds/bin/gnu/h-x86_64-mingw32/bin/../lib/gcc/nios2-elf/5.3.0/../../../../../H-x86_64-mingw32/nios2-elf/lib\libsmallc.a(lib_a-strlen.o)
 .debug_frame   0x0000000000000834       0x8c c:/intelfpga_lite/18.1/nios2eds/bin/gnu/h-x86_64-mingw32/bin/../lib/gcc/nios2-elf/5.3.0/../../../../../H-x86_64-mingw32/nios2-elf/lib\libsmallc.a(lib_a-vfprintf.o)
 .debug_frame   0x00000000000008c0       0x58 c:/intelfpga_lite/18.1/nios2eds/bin/gnu/h-x86_64-mingw32/bin/../lib/gcc/nios2-elf/5.3.0/../../../../../H-x86_64-mingw32/nios2-elf/lib\libsmallc.a(lib_a-fvwrite_small_dev.o)
 .debug_frame   0x0000000000000918       0x50 c:/intelfpga_lite/18.1/nios2eds/bin/gnu/h-x86_64-mingw32/bin/../lib/gcc/nios2-elf/5.3.0/../../../../../H-x86_64-mingw32/nios2-elf/lib\libsmallc.a(lib_a-putc.o)
 .debug_frame   0x0000000000000968       0x38 c:/intelfpga_lite/18.1/nios2eds/bin/gnu/h-x86_64-mingw32/bin/../lib/gcc/nios2-elf/5.3.0/../../../../../H-x86_64-mingw32/nios2-elf/lib\libsmallc.a(lib_a-writer.o)
 .debug_frame   0x00000000000009a0       0x2c ../cam_small_bsp/\libhal_bsp.a(alt_fcntl.o)
 .debug_frame   0x00000000000009cc       0x2c ../cam_small_bsp/\libhal_bsp.a(alt_getchar.o)
 .debug_frame   0x00000000000009f8       0x30 ../cam_small_bsp/\libhal_bsp.a(alt_load.o)
 .debug_frame   0x0000000000000a28       0x2c ../cam_small_bsp/\libhal_bsp.a(alt_main.o)
 .debug_frame   0x0000000000000a54       0x20 ../cam_small_bsp/\libhal_bsp.a(alt_sbrk.o)
 .debug_frame   0x0000000000000a74       0x50 ../cam_small_bsp/\libhal_bsp.a(alt_tick.o)
 .debug_frame   0x0000000000000ac4       0x20 ../cam_small_bsp/\libhal_bsp.a(alt_usleep.o)
 .debug_frame   0x0000000000000ae4       0x2c ../cam_small_bsp/\libhal_bsp.a(alt_write.o)
 .debug_frame   0x0000000000000b10       0x3c ../cam_small_bsp/\libhal_bsp.a(alt_sys_init.o)
 .debug_frame   0x0000000000000b4c       0x20 ../cam_small_bsp/\libhal_bsp.a(altera_avalon_jtag_uart_read.o)
 .debug_frame   0x0000000000000b6c       0x20 ../cam_small_bsp/\libhal_bsp.a(altera_avalon_jtag_uart_write.o)
 .debug_frame   0x0000000000000b8c       0x30 ../cam_small_bsp/\libhal_bsp.a(alt_busy_sleep.o)
 .debug_frame   0x0000000000000bbc       0x20 ../cam_small_bsp/\libhal_bsp.a(alt_dcache_flush_all.o)
 .debug_frame   0x0000000000000bdc       0x20 ../cam_small_bsp/\libhal_bsp.a(alt_dev.o)
 .debug_frame   0x0000000000000bfc       0x20 ../cam_small_bsp/\libhal_bsp.a(alt_icache_flush_all.o)
 .debug_frame   0x0000000000000c1c       0x20 ../cam_small_bsp/\libhal_bsp.a(altera_nios2_gen2_irq.o)
 .debug_frame   0x0000000000000c3c       0x20 ../cam_small_bsp/\libhal_bsp.a(alt_icache_flush.o)

.debug_str      0x0000000000000000     0x1bb1
 *(.debug_str)
 .debug_str     0x0000000000000000      0x330 obj/default/I2C_core.o
                                        0x37f (size before relaxing)
 .debug_str     0x0000000000000330       0xbc obj/default/auto_focus.o
                                        0x27f (size before relaxing)
 .debug_str     0x00000000000003ec      0x17c obj/default/main.o
                                        0x37b (size before relaxing)
 .debug_str     0x0000000000000568       0x45 obj/default/mipi_bridge_config.o
                                        0x269 (size before relaxing)
 .debug_str     0x00000000000005ad       0xbd obj/default/mipi_camera_config.o
                                        0x367 (size before relaxing)
 .debug_str     0x000000000000066a       0xa6 obj/default/queue.o
                                        0x23a (size before relaxing)
 .debug_str     0x0000000000000710      0x16d c:/intelfpga_lite/18.1/nios2eds/bin/gnu/h-x86_64-mingw32/bin/../lib/gcc/nios2-elf/5.3.0\libgcc.a(lib2-divmod.o)
                                        0x1b8 (size before relaxing)
 .debug_str     0x000000000000087d      0x3da c:/intelfpga_lite/18.1/nios2eds/bin/gnu/h-x86_64-mingw32/bin/../lib/gcc/nios2-elf/5.3.0/../../../../../H-x86_64-mingw32/nios2-elf/lib\libsmallc.a(lib_a-malloc.o)
                                        0x4b8 (size before relaxing)
 .debug_str     0x0000000000000c57       0xc4 c:/intelfpga_lite/18.1/nios2eds/bin/gnu/h-x86_64-mingw32/bin/../lib/gcc/nios2-elf/5.3.0/../../../../../H-x86_64-mingw32/nios2-elf/lib\libsmallc.a(lib_a-memset.o)
                                        0x1c5 (size before relaxing)
 .debug_str     0x0000000000000d1b       0x9c c:/intelfpga_lite/18.1/nios2eds/bin/gnu/h-x86_64-mingw32/bin/../lib/gcc/nios2-elf/5.3.0/../../../../../H-x86_64-mingw32/nios2-elf/lib\libsmallc.a(lib_a-nano-freer.o)
                                        0x4fc (size before relaxing)
 .debug_str     0x0000000000000db7       0x4d c:/intelfpga_lite/18.1/nios2eds/bin/gnu/h-x86_64-mingw32/bin/../lib/gcc/nios2-elf/5.3.0/../../../../../H-x86_64-mingw32/nios2-elf/lib\libsmallc.a(lib_a-nano-mallocr.o)
                                        0x527 (size before relaxing)
 .debug_str     0x0000000000000e04      0x118 c:/intelfpga_lite/18.1/nios2eds/bin/gnu/h-x86_64-mingw32/bin/../lib/gcc/nios2-elf/5.3.0/../../../../../H-x86_64-mingw32/nios2-elf/lib\libsmallc.a(lib_a-printf.o)
                                        0x4ea (size before relaxing)
 .debug_str     0x0000000000000f1c       0x4d c:/intelfpga_lite/18.1/nios2eds/bin/gnu/h-x86_64-mingw32/bin/../lib/gcc/nios2-elf/5.3.0/../../../../../H-x86_64-mingw32/nios2-elf/lib\libsmallc.a(lib_a-putchar.o)
                                        0x4a7 (size before relaxing)
 .debug_str     0x0000000000000f69       0x5b c:/intelfpga_lite/18.1/nios2eds/bin/gnu/h-x86_64-mingw32/bin/../lib/gcc/nios2-elf/5.3.0/../../../../../H-x86_64-mingw32/nios2-elf/lib\libsmallc.a(lib_a-puts.o)
                                        0x4b3 (size before relaxing)
 .debug_str     0x0000000000000fc4       0xd5 c:/intelfpga_lite/18.1/nios2eds/bin/gnu/h-x86_64-mingw32/bin/../lib/gcc/nios2-elf/5.3.0/../../../../../H-x86_64-mingw32/nios2-elf/lib\libsmallc.a(lib_a-sbrkr.o)
                                        0x49a (size before relaxing)
 .debug_str     0x0000000000001099       0x3a c:/intelfpga_lite/18.1/nios2eds/bin/gnu/h-x86_64-mingw32/bin/../lib/gcc/nios2-elf/5.3.0/../../../../../H-x86_64-mingw32/nios2-elf/lib\libsmallc.a(lib_a-strlen.o)
                                        0x1cb (size before relaxing)
 .debug_str     0x00000000000010d3      0x1e9 c:/intelfpga_lite/18.1/nios2eds/bin/gnu/h-x86_64-mingw32/bin/../lib/gcc/nios2-elf/5.3.0/../../../../../H-x86_64-mingw32/nios2-elf/lib\libsmallc.a(lib_a-vfprintf.o)
                                        0x665 (size before relaxing)
 .debug_str     0x00000000000012bc       0x60 c:/intelfpga_lite/18.1/nios2eds/bin/gnu/h-x86_64-mingw32/bin/../lib/gcc/nios2-elf/5.3.0/../../../../../H-x86_64-mingw32/nios2-elf/lib\libsmallc.a(lib_a-fvwrite_small_dev.o)
                                        0x4ba (size before relaxing)
 .debug_str     0x000000000000131c       0x58 c:/intelfpga_lite/18.1/nios2eds/bin/gnu/h-x86_64-mingw32/bin/../lib/gcc/nios2-elf/5.3.0/../../../../../H-x86_64-mingw32/nios2-elf/lib\libsmallc.a(lib_a-impure.o)
                                        0x4a4 (size before relaxing)
 .debug_str     0x0000000000001374       0x3c c:/intelfpga_lite/18.1/nios2eds/bin/gnu/h-x86_64-mingw32/bin/../lib/gcc/nios2-elf/5.3.0/../../../../../H-x86_64-mingw32/nios2-elf/lib\libsmallc.a(lib_a-int_errno.o)
                                        0x1be (size before relaxing)
 .debug_str     0x00000000000013b0       0x43 c:/intelfpga_lite/18.1/nios2eds/bin/gnu/h-x86_64-mingw32/bin/../lib/gcc/nios2-elf/5.3.0/../../../../../H-x86_64-mingw32/nios2-elf/lib\libsmallc.a(lib_a-putc.o)
                                        0x4b1 (size before relaxing)
 .debug_str     0x00000000000013f3       0x42 c:/intelfpga_lite/18.1/nios2eds/bin/gnu/h-x86_64-mingw32/bin/../lib/gcc/nios2-elf/5.3.0/../../../../../H-x86_64-mingw32/nios2-elf/lib\libsmallc.a(lib_a-writer.o)
                                        0x49e (size before relaxing)
 .debug_str     0x0000000000001435      0x19d ../cam_small_bsp/\libhal_bsp.a(alt_fcntl.o)
                                        0x32f (size before relaxing)
 .debug_str     0x00000000000015d2       0x5d ../cam_small_bsp/\libhal_bsp.a(alt_getchar.o)
                                        0x237 (size before relaxing)
 .debug_str     0x000000000000162f      0x156 ../cam_small_bsp/\libhal_bsp.a(alt_load.o)
                                        0x242 (size before relaxing)
 .debug_str     0x0000000000001785       0x5e ../cam_small_bsp/\libhal_bsp.a(alt_main.o)
                                        0x1b6 (size before relaxing)
 .debug_str     0x00000000000017e3       0x98 ../cam_small_bsp/\libhal_bsp.a(alt_sbrk.o)
                                        0x1d5 (size before relaxing)
 .debug_str     0x000000000000187b       0x7e ../cam_small_bsp/\libhal_bsp.a(alt_tick.o)
                                        0x253 (size before relaxing)
 .debug_str     0x00000000000018f9       0x2f ../cam_small_bsp/\libhal_bsp.a(alt_usleep.o)
                                        0x15d (size before relaxing)
 .debug_str     0x0000000000001928       0x32 ../cam_small_bsp/\libhal_bsp.a(alt_write.o)
                                        0x1df (size before relaxing)
 .debug_str     0x000000000000195a       0xd9 ../cam_small_bsp/\libhal_bsp.a(alt_sys_init.o)
                                        0x298 (size before relaxing)
 .debug_str     0x0000000000001a33       0x38 ../cam_small_bsp/\libhal_bsp.a(altera_avalon_jtag_uart_read.o)
                                        0x220 (size before relaxing)
 .debug_str     0x0000000000001a6b       0x2c ../cam_small_bsp/\libhal_bsp.a(altera_avalon_jtag_uart_write.o)
                                        0x216 (size before relaxing)
 .debug_str     0x0000000000001a97       0x33 ../cam_small_bsp/\libhal_bsp.a(alt_busy_sleep.o)
                                        0x16c (size before relaxing)
 .debug_str     0x0000000000001aca       0x1f ../cam_small_bsp/\libhal_bsp.a(alt_dcache_flush_all.o)
                                        0x156 (size before relaxing)
 .debug_str     0x0000000000001ae9       0x49 ../cam_small_bsp/\libhal_bsp.a(alt_dev.o)
                                        0x306 (size before relaxing)
 .debug_str     0x0000000000001b32       0x14 ../cam_small_bsp/\libhal_bsp.a(alt_errno.o)
                                        0x14b (size before relaxing)
 .debug_str     0x0000000000001b46       0x30 ../cam_small_bsp/\libhal_bsp.a(alt_icache_flush_all.o)
                                        0x167 (size before relaxing)
 .debug_str     0x0000000000001b76       0x20 ../cam_small_bsp/\libhal_bsp.a(altera_nios2_gen2_irq.o)
                                        0x15d (size before relaxing)
 .debug_str     0x0000000000001b96       0x1b ../cam_small_bsp/\libhal_bsp.a(alt_icache_flush.o)
                                        0x15c (size before relaxing)

.debug_loc      0x0000000000000000     0x35d4
 *(.debug_loc)
 .debug_loc     0x0000000000000000     0x1189 obj/default/I2C_core.o
 .debug_loc     0x0000000000001189      0x1a5 obj/default/auto_focus.o
 .debug_loc     0x000000000000132e      0x1e7 obj/default/main.o
 .debug_loc     0x0000000000001515      0x100 obj/default/mipi_bridge_config.o
 .debug_loc     0x0000000000001615      0x2e0 obj/default/mipi_camera_config.o
 .debug_loc     0x00000000000018f5      0x186 obj/default/queue.o
 .debug_loc     0x0000000000001a7b      0x4ce c:/intelfpga_lite/18.1/nios2eds/bin/gnu/h-x86_64-mingw32/bin/../lib/gcc/nios2-elf/5.3.0\libgcc.a(lib2-divmod.o)
 .debug_loc     0x0000000000001f49       0x58 c:/intelfpga_lite/18.1/nios2eds/bin/gnu/h-x86_64-mingw32/bin/../lib/gcc/nios2-elf/5.3.0/../../../../../H-x86_64-mingw32/nios2-elf/lib\libsmallc.a(lib_a-malloc.o)
 .debug_loc     0x0000000000001fa1       0xa5 c:/intelfpga_lite/18.1/nios2eds/bin/gnu/h-x86_64-mingw32/bin/../lib/gcc/nios2-elf/5.3.0/../../../../../H-x86_64-mingw32/nios2-elf/lib\libsmallc.a(lib_a-memset.o)
 .debug_loc     0x0000000000002046       0xd6 c:/intelfpga_lite/18.1/nios2eds/bin/gnu/h-x86_64-mingw32/bin/../lib/gcc/nios2-elf/5.3.0/../../../../../H-x86_64-mingw32/nios2-elf/lib\libsmallc.a(lib_a-nano-freer.o)
 .debug_loc     0x000000000000211c      0x214 c:/intelfpga_lite/18.1/nios2eds/bin/gnu/h-x86_64-mingw32/bin/../lib/gcc/nios2-elf/5.3.0/../../../../../H-x86_64-mingw32/nios2-elf/lib\libsmallc.a(lib_a-nano-mallocr.o)
 .debug_loc     0x0000000000002330       0xc6 c:/intelfpga_lite/18.1/nios2eds/bin/gnu/h-x86_64-mingw32/bin/../lib/gcc/nios2-elf/5.3.0/../../../../../H-x86_64-mingw32/nios2-elf/lib\libsmallc.a(lib_a-printf.o)
 .debug_loc     0x00000000000023f6       0x81 c:/intelfpga_lite/18.1/nios2eds/bin/gnu/h-x86_64-mingw32/bin/../lib/gcc/nios2-elf/5.3.0/../../../../../H-x86_64-mingw32/nios2-elf/lib\libsmallc.a(lib_a-putchar.o)
 .debug_loc     0x0000000000002477       0x97 c:/intelfpga_lite/18.1/nios2eds/bin/gnu/h-x86_64-mingw32/bin/../lib/gcc/nios2-elf/5.3.0/../../../../../H-x86_64-mingw32/nios2-elf/lib\libsmallc.a(lib_a-puts.o)
 .debug_loc     0x000000000000250e       0x4d c:/intelfpga_lite/18.1/nios2eds/bin/gnu/h-x86_64-mingw32/bin/../lib/gcc/nios2-elf/5.3.0/../../../../../H-x86_64-mingw32/nios2-elf/lib\libsmallc.a(lib_a-sbrkr.o)
 .debug_loc     0x000000000000255b       0x1e c:/intelfpga_lite/18.1/nios2eds/bin/gnu/h-x86_64-mingw32/bin/../lib/gcc/nios2-elf/5.3.0/../../../../../H-x86_64-mingw32/nios2-elf/lib\libsmallc.a(lib_a-strlen.o)
 .debug_loc     0x0000000000002579      0x901 c:/intelfpga_lite/18.1/nios2eds/bin/gnu/h-x86_64-mingw32/bin/../lib/gcc/nios2-elf/5.3.0/../../../../../H-x86_64-mingw32/nios2-elf/lib\libsmallc.a(lib_a-vfprintf.o)
 .debug_loc     0x0000000000002e7a      0x110 c:/intelfpga_lite/18.1/nios2eds/bin/gnu/h-x86_64-mingw32/bin/../lib/gcc/nios2-elf/5.3.0/../../../../../H-x86_64-mingw32/nios2-elf/lib\libsmallc.a(lib_a-fvwrite_small_dev.o)
 .debug_loc     0x0000000000002f8a       0xc6 c:/intelfpga_lite/18.1/nios2eds/bin/gnu/h-x86_64-mingw32/bin/../lib/gcc/nios2-elf/5.3.0/../../../../../H-x86_64-mingw32/nios2-elf/lib\libsmallc.a(lib_a-putc.o)
 .debug_loc     0x0000000000003050       0xa5 c:/intelfpga_lite/18.1/nios2eds/bin/gnu/h-x86_64-mingw32/bin/../lib/gcc/nios2-elf/5.3.0/../../../../../H-x86_64-mingw32/nios2-elf/lib\libsmallc.a(lib_a-writer.o)
 .debug_loc     0x00000000000030f5       0xc1 ../cam_small_bsp/\libhal_bsp.a(alt_fcntl.o)
 .debug_loc     0x00000000000031b6       0x5a ../cam_small_bsp/\libhal_bsp.a(alt_sbrk.o)
 .debug_loc     0x0000000000003210       0x75 ../cam_small_bsp/\libhal_bsp.a(alt_tick.o)
 .debug_loc     0x0000000000003285       0x21 ../cam_small_bsp/\libhal_bsp.a(alt_usleep.o)
 .debug_loc     0x00000000000032a6       0xcf ../cam_small_bsp/\libhal_bsp.a(alt_write.o)
 .debug_loc     0x0000000000003375       0x21 ../cam_small_bsp/\libhal_bsp.a(alt_sys_init.o)
 .debug_loc     0x0000000000003396       0xcd ../cam_small_bsp/\libhal_bsp.a(altera_avalon_jtag_uart_read.o)
 .debug_loc     0x0000000000003463       0x8b ../cam_small_bsp/\libhal_bsp.a(altera_avalon_jtag_uart_write.o)
 .debug_loc     0x00000000000034ee       0x75 ../cam_small_bsp/\libhal_bsp.a(alt_busy_sleep.o)
 .debug_loc     0x0000000000003563       0x1f ../cam_small_bsp/\libhal_bsp.a(alt_dcache_flush_all.o)
 .debug_loc     0x0000000000003582       0x52 ../cam_small_bsp/\libhal_bsp.a(alt_icache_flush.o)

.debug_macinfo
 *(.debug_macinfo)

.debug_weaknames
 *(.debug_weaknames)

.debug_funcnames
 *(.debug_funcnames)

.debug_typenames
 *(.debug_typenames)

.debug_varnames
 *(.debug_varnames)

.debug_alt_sim_info
                0x0000000000000000       0x60
 *(.debug_alt_sim_info)
 .debug_alt_sim_info
                0x0000000000000000       0x30 ../cam_small_bsp//obj/HAL/src/crt0.o
 .debug_alt_sim_info
                0x0000000000000030       0x30 ../cam_small_bsp/\libhal_bsp.a(alt_busy_sleep.o)
                0x0000000000040000                __alt_data_end = 0x40000
                0x0000000000040000                PROVIDE (__alt_stack_pointer, __alt_data_end)
                [!provide]                        PROVIDE (__alt_stack_limit, __alt_stack_base)
                0x0000000000023c58                PROVIDE (__alt_heap_start, end)
                0x0000000000040000                PROVIDE (__alt_heap_limit, 0x40000)
OUTPUT(cam_small.elf elf32-littlenios2)

.debug_ranges   0x0000000000000000      0x368
 .debug_ranges  0x0000000000000000       0x20 ../cam_small_bsp//obj/HAL/src/crt0.o
 .debug_ranges  0x0000000000000020       0x50 obj/default/main.o
 .debug_ranges  0x0000000000000070       0x60 c:/intelfpga_lite/18.1/nios2eds/bin/gnu/h-x86_64-mingw32/bin/../lib/gcc/nios2-elf/5.3.0\libgcc.a(lib2-divmod.o)
 .debug_ranges  0x00000000000000d0       0x18 c:/intelfpga_lite/18.1/nios2eds/bin/gnu/h-x86_64-mingw32/bin/../lib/gcc/nios2-elf/5.3.0/../../../../../H-x86_64-mingw32/nios2-elf/lib\libsmallc.a(lib_a-malloc.o)
 .debug_ranges  0x00000000000000e8       0x10 c:/intelfpga_lite/18.1/nios2eds/bin/gnu/h-x86_64-mingw32/bin/../lib/gcc/nios2-elf/5.3.0/../../../../../H-x86_64-mingw32/nios2-elf/lib\libsmallc.a(lib_a-memset.o)
 .debug_ranges  0x00000000000000f8       0x10 c:/intelfpga_lite/18.1/nios2eds/bin/gnu/h-x86_64-mingw32/bin/../lib/gcc/nios2-elf/5.3.0/../../../../../H-x86_64-mingw32/nios2-elf/lib\libsmallc.a(lib_a-nano-freer.o)
 .debug_ranges  0x0000000000000108       0x48 c:/intelfpga_lite/18.1/nios2eds/bin/gnu/h-x86_64-mingw32/bin/../lib/gcc/nios2-elf/5.3.0/../../../../../H-x86_64-mingw32/nios2-elf/lib\libsmallc.a(lib_a-nano-mallocr.o)
 .debug_ranges  0x0000000000000150       0x18 c:/intelfpga_lite/18.1/nios2eds/bin/gnu/h-x86_64-mingw32/bin/../lib/gcc/nios2-elf/5.3.0/../../../../../H-x86_64-mingw32/nios2-elf/lib\libsmallc.a(lib_a-printf.o)
 .debug_ranges  0x0000000000000168       0x18 c:/intelfpga_lite/18.1/nios2eds/bin/gnu/h-x86_64-mingw32/bin/../lib/gcc/nios2-elf/5.3.0/../../../../../H-x86_64-mingw32/nios2-elf/lib\libsmallc.a(lib_a-putchar.o)
 .debug_ranges  0x0000000000000180       0x18 c:/intelfpga_lite/18.1/nios2eds/bin/gnu/h-x86_64-mingw32/bin/../lib/gcc/nios2-elf/5.3.0/../../../../../H-x86_64-mingw32/nios2-elf/lib\libsmallc.a(lib_a-puts.o)
 .debug_ranges  0x0000000000000198       0x10 c:/intelfpga_lite/18.1/nios2eds/bin/gnu/h-x86_64-mingw32/bin/../lib/gcc/nios2-elf/5.3.0/../../../../../H-x86_64-mingw32/nios2-elf/lib\libsmallc.a(lib_a-sbrkr.o)
 .debug_ranges  0x00000000000001a8       0x10 c:/intelfpga_lite/18.1/nios2eds/bin/gnu/h-x86_64-mingw32/bin/../lib/gcc/nios2-elf/5.3.0/../../../../../H-x86_64-mingw32/nios2-elf/lib\libsmallc.a(lib_a-strlen.o)
 .debug_ranges  0x00000000000001b8       0xc8 c:/intelfpga_lite/18.1/nios2eds/bin/gnu/h-x86_64-mingw32/bin/../lib/gcc/nios2-elf/5.3.0/../../../../../H-x86_64-mingw32/nios2-elf/lib\libsmallc.a(lib_a-vfprintf.o)
 .debug_ranges  0x0000000000000280       0x28 c:/intelfpga_lite/18.1/nios2eds/bin/gnu/h-x86_64-mingw32/bin/../lib/gcc/nios2-elf/5.3.0/../../../../../H-x86_64-mingw32/nios2-elf/lib\libsmallc.a(lib_a-fvwrite_small_dev.o)
 .debug_ranges  0x00000000000002a8       0x18 c:/intelfpga_lite/18.1/nios2eds/bin/gnu/h-x86_64-mingw32/bin/../lib/gcc/nios2-elf/5.3.0/../../../../../H-x86_64-mingw32/nios2-elf/lib\libsmallc.a(lib_a-putc.o)
 .debug_ranges  0x00000000000002c0       0x10 c:/intelfpga_lite/18.1/nios2eds/bin/gnu/h-x86_64-mingw32/bin/../lib/gcc/nios2-elf/5.3.0/../../../../../H-x86_64-mingw32/nios2-elf/lib\libsmallc.a(lib_a-writer.o)
 .debug_ranges  0x00000000000002d0       0x48 ../cam_small_bsp/\libhal_bsp.a(alt_load.o)
 .debug_ranges  0x0000000000000318       0x20 ../cam_small_bsp/\libhal_bsp.a(alt_write.o)
 .debug_ranges  0x0000000000000338       0x20 ../cam_small_bsp/\libhal_bsp.a(altera_avalon_jtag_uart_read.o)
 .debug_ranges  0x0000000000000358       0x10 ../cam_small_bsp/\libhal_bsp.a(alt_icache_flush.o)
